

================================================================
== Vivado HLS Report for 'dense_resource_rf_leq_nin_ap_fixed_ap_fixed_config2_0_0_0_0_0_0_0_0_0'
================================================================
* Date:           Wed May 20 11:14:33 2026

* Version:        2020.1 (Build 2897737 on Wed May 27 20:21:37 MDT 2020)
* Project:        myproject_prj
* Solution:       solution1
* Product family: zynq
* Target device:  xc7z020-clg400-1


================================================================
== Performance Estimates
================================================================
+ Timing: 
    * Summary: 
    +--------+---------+----------+------------+
    |  Clock |  Target | Estimated| Uncertainty|
    +--------+---------+----------+------------+
    |ap_clk  | 5.00 ns | 3.903 ns |   0.62 ns  |
    +--------+---------+----------+------------+

+ Latency: 
    * Summary: 
    +---------+---------+-----------+-----------+-----+-----+---------------------------------------------+
    |  Latency (cycles) |   Latency (absolute)  |  Interval |                   Pipeline                  |
    |   min   |   max   |    min    |    max    | min | max |                     Type                    |
    +---------+---------+-----------+-----------+-----+-----+---------------------------------------------+
    |       14|       15| 70.000 ns | 75.000 ns |    2|    2| loop rewind(delay=0 initiation interval(s)) |
    +---------+---------+-----------+-----------+-----+-----+---------------------------------------------+

    + Detail: 
        * Instance: 
        N/A

        * Loop: 
        +-------------+---------+---------+----------+-----------+-----------+------+----------+
        |             |  Latency (cycles) | Iteration|  Initiation Interval  | Trip |          |
        |  Loop Name  |   min   |   max   |  Latency |  achieved |   target  | Count| Pipelined|
        +-------------+---------+---------+----------+-----------+-----------+------+----------+
        |- ReuseLoop  |       14|       14|        14|          1|          1|     2|    yes   |
        +-------------+---------+---------+----------+-----------+-----------+------+----------+



================================================================
== Utilization Estimates
================================================================
* Summary: 
+-----------------+---------+-------+--------+-------+-----+
|       Name      | BRAM_18K| DSP48E|   FF   |  LUT  | URAM|
+-----------------+---------+-------+--------+-------+-----+
|DSP              |        -|     55|       -|      -|    -|
|Expression       |        -|      -|       0|  10495|    -|
|FIFO             |        -|      -|       -|      -|    -|
|Instance         |        -|      0|   11820|   9305|    -|
|Memory           |       13|      -|       0|      0|    -|
|Multiplexer      |        -|      -|       -|    219|    -|
|Register         |        0|      -|    6440|    256|    -|
+-----------------+---------+-------+--------+-------+-----+
|Total            |       13|     55|   18260|  20275|    0|
+-----------------+---------+-------+--------+-------+-----+
|Available        |      280|    220|  106400|  53200|    0|
+-----------------+---------+-------+--------+-------+-----+
|Utilization (%)  |        4|     25|      17|     38|    0|
+-----------------+---------+-------+--------+-------+-----+

+ Detail: 
    * Instance: 
    +-------------------------------------+----------------------------------+---------+-------+------+------+-----+
    |               Instance              |              Module              | BRAM_18K| DSP48E|  FF  |  LUT | URAM|
    +-------------------------------------+----------------------------------+---------+-------+------+------+-----+
    |myproject_lshr_224ns_8ns_224_6_1_U1  |myproject_lshr_224ns_8ns_224_6_1  |        0|      0|  1679|  1329|    0|
    |myproject_lshr_224ns_8ns_224_6_1_U2  |myproject_lshr_224ns_8ns_224_6_1  |        0|      0|  1679|  1329|    0|
    |myproject_lshr_224ns_8ns_224_6_1_U3  |myproject_lshr_224ns_8ns_224_6_1  |        0|      0|  1679|  1329|    0|
    |myproject_lshr_224ns_8ns_224_6_1_U4  |myproject_lshr_224ns_8ns_224_6_1  |        0|      0|  1679|  1329|    0|
    |myproject_lshr_224ns_8ns_224_6_1_U5  |myproject_lshr_224ns_8ns_224_6_1  |        0|      0|  1679|  1329|    0|
    |myproject_lshr_224ns_8ns_224_6_1_U6  |myproject_lshr_224ns_8ns_224_6_1  |        0|      0|  1679|  1329|    0|
    |myproject_lshr_224ns_8ns_224_6_1_U7  |myproject_lshr_224ns_8ns_224_6_1  |        0|      0|  1679|  1329|    0|
    |myproject_mul_16s_4ns_20_2_1_U8      |myproject_mul_16s_4ns_20_2_1      |        0|      0|    67|     2|    0|
    +-------------------------------------+----------------------------------+---------+-------+------+------+-----+
    |Total                                |                                  |        0|      0| 11820|  9305|    0|
    +-------------------------------------+----------------------------------+---------+-------+------+------+-----+

    * DSP48E: 
    +-------------------------------------+---------------------------------+-----------+
    |               Instance              |              Module             | Expression|
    +-------------------------------------+---------------------------------+-----------+
    |myproject_mul_mul_16s_8s_21_3_1_U9   |myproject_mul_mul_16s_8s_21_3_1  |  i0 * i1  |
    |myproject_mul_mul_16s_8s_21_3_1_U10  |myproject_mul_mul_16s_8s_21_3_1  |  i0 * i1  |
    |myproject_mul_mul_16s_8s_21_3_1_U11  |myproject_mul_mul_16s_8s_21_3_1  |  i0 * i1  |
    |myproject_mul_mul_16s_8s_21_3_1_U12  |myproject_mul_mul_16s_8s_21_3_1  |  i0 * i1  |
    |myproject_mul_mul_16s_8s_21_3_1_U13  |myproject_mul_mul_16s_8s_21_3_1  |  i0 * i1  |
    |myproject_mul_mul_16s_8s_21_3_1_U14  |myproject_mul_mul_16s_8s_21_3_1  |  i0 * i1  |
    |myproject_mul_mul_16s_8s_21_3_1_U15  |myproject_mul_mul_16s_8s_21_3_1  |  i0 * i1  |
    |myproject_mul_mul_16s_8s_21_3_1_U16  |myproject_mul_mul_16s_8s_21_3_1  |  i0 * i1  |
    |myproject_mul_mul_16s_8s_21_3_1_U17  |myproject_mul_mul_16s_8s_21_3_1  |  i0 * i1  |
    |myproject_mul_mul_16s_8s_21_3_1_U18  |myproject_mul_mul_16s_8s_21_3_1  |  i0 * i1  |
    |myproject_mul_mul_16s_8s_21_3_1_U19  |myproject_mul_mul_16s_8s_21_3_1  |  i0 * i1  |
    |myproject_mul_mul_16s_8s_21_3_1_U20  |myproject_mul_mul_16s_8s_21_3_1  |  i0 * i1  |
    |myproject_mul_mul_16s_8s_21_3_1_U21  |myproject_mul_mul_16s_8s_21_3_1  |  i0 * i1  |
    |myproject_mul_mul_16s_8s_21_3_1_U22  |myproject_mul_mul_16s_8s_21_3_1  |  i0 * i1  |
    |myproject_mul_mul_16s_8s_21_3_1_U23  |myproject_mul_mul_16s_8s_21_3_1  |  i0 * i1  |
    |myproject_mul_mul_16s_8s_21_3_1_U24  |myproject_mul_mul_16s_8s_21_3_1  |  i0 * i1  |
    |myproject_mul_mul_16s_8s_21_3_1_U25  |myproject_mul_mul_16s_8s_21_3_1  |  i0 * i1  |
    |myproject_mul_mul_16s_8s_21_3_1_U26  |myproject_mul_mul_16s_8s_21_3_1  |  i0 * i1  |
    |myproject_mul_mul_16s_8s_21_3_1_U27  |myproject_mul_mul_16s_8s_21_3_1  |  i0 * i1  |
    |myproject_mul_mul_16s_8s_21_3_1_U28  |myproject_mul_mul_16s_8s_21_3_1  |  i0 * i1  |
    |myproject_mul_mul_16s_8s_21_3_1_U29  |myproject_mul_mul_16s_8s_21_3_1  |  i0 * i1  |
    |myproject_mul_mul_16s_8s_21_3_1_U30  |myproject_mul_mul_16s_8s_21_3_1  |  i0 * i1  |
    |myproject_mul_mul_16s_8s_21_3_1_U31  |myproject_mul_mul_16s_8s_21_3_1  |  i0 * i1  |
    |myproject_mul_mul_16s_8s_21_3_1_U32  |myproject_mul_mul_16s_8s_21_3_1  |  i0 * i1  |
    |myproject_mul_mul_16s_8s_21_3_1_U33  |myproject_mul_mul_16s_8s_21_3_1  |  i0 * i1  |
    |myproject_mul_mul_16s_8s_21_3_1_U34  |myproject_mul_mul_16s_8s_21_3_1  |  i0 * i1  |
    |myproject_mul_mul_16s_8s_21_3_1_U35  |myproject_mul_mul_16s_8s_21_3_1  |  i0 * i1  |
    |myproject_mul_mul_16s_8s_21_3_1_U36  |myproject_mul_mul_16s_8s_21_3_1  |  i0 * i1  |
    |myproject_mul_mul_16s_8s_21_3_1_U37  |myproject_mul_mul_16s_8s_21_3_1  |  i0 * i1  |
    |myproject_mul_mul_16s_8s_21_3_1_U38  |myproject_mul_mul_16s_8s_21_3_1  |  i0 * i1  |
    |myproject_mul_mul_16s_8s_21_3_1_U39  |myproject_mul_mul_16s_8s_21_3_1  |  i0 * i1  |
    |myproject_mul_mul_16s_8s_21_3_1_U40  |myproject_mul_mul_16s_8s_21_3_1  |  i0 * i1  |
    |myproject_mul_mul_16s_8s_21_3_1_U41  |myproject_mul_mul_16s_8s_21_3_1  |  i0 * i1  |
    |myproject_mul_mul_16s_8s_21_3_1_U42  |myproject_mul_mul_16s_8s_21_3_1  |  i0 * i1  |
    |myproject_mul_mul_16s_8s_21_3_1_U43  |myproject_mul_mul_16s_8s_21_3_1  |  i0 * i1  |
    |myproject_mul_mul_16s_8s_21_3_1_U44  |myproject_mul_mul_16s_8s_21_3_1  |  i0 * i1  |
    |myproject_mul_mul_16s_8s_21_3_1_U45  |myproject_mul_mul_16s_8s_21_3_1  |  i0 * i1  |
    |myproject_mul_mul_16s_8s_21_3_1_U46  |myproject_mul_mul_16s_8s_21_3_1  |  i0 * i1  |
    |myproject_mul_mul_16s_8s_21_3_1_U47  |myproject_mul_mul_16s_8s_21_3_1  |  i0 * i1  |
    |myproject_mul_mul_16s_8s_21_3_1_U48  |myproject_mul_mul_16s_8s_21_3_1  |  i0 * i1  |
    |myproject_mul_mul_16s_8s_21_3_1_U49  |myproject_mul_mul_16s_8s_21_3_1  |  i0 * i1  |
    |myproject_mul_mul_16s_8s_21_3_1_U50  |myproject_mul_mul_16s_8s_21_3_1  |  i0 * i1  |
    |myproject_mul_mul_16s_8s_21_3_1_U51  |myproject_mul_mul_16s_8s_21_3_1  |  i0 * i1  |
    |myproject_mul_mul_16s_8s_21_3_1_U52  |myproject_mul_mul_16s_8s_21_3_1  |  i0 * i1  |
    |myproject_mul_mul_16s_8s_21_3_1_U53  |myproject_mul_mul_16s_8s_21_3_1  |  i0 * i1  |
    |myproject_mul_mul_16s_8s_21_3_1_U54  |myproject_mul_mul_16s_8s_21_3_1  |  i0 * i1  |
    |myproject_mul_mul_16s_8s_21_3_1_U55  |myproject_mul_mul_16s_8s_21_3_1  |  i0 * i1  |
    |myproject_mul_mul_16s_8s_21_3_1_U56  |myproject_mul_mul_16s_8s_21_3_1  |  i0 * i1  |
    |myproject_mul_mul_16s_8s_21_3_1_U57  |myproject_mul_mul_16s_8s_21_3_1  |  i0 * i1  |
    |myproject_mul_mul_16s_8s_21_3_1_U58  |myproject_mul_mul_16s_8s_21_3_1  |  i0 * i1  |
    |myproject_mul_mul_16s_8s_21_3_1_U59  |myproject_mul_mul_16s_8s_21_3_1  |  i0 * i1  |
    |myproject_mul_mul_16s_8s_21_3_1_U60  |myproject_mul_mul_16s_8s_21_3_1  |  i0 * i1  |
    |myproject_mul_mul_16s_8s_21_3_1_U61  |myproject_mul_mul_16s_8s_21_3_1  |  i0 * i1  |
    |myproject_mul_mul_16s_8s_21_3_1_U62  |myproject_mul_mul_16s_8s_21_3_1  |  i0 * i1  |
    |myproject_mul_mul_16s_8s_21_3_1_U63  |myproject_mul_mul_16s_8s_21_3_1  |  i0 * i1  |
    +-------------------------------------+---------------------------------+-----------+

    * Memory: 
    +--------+----------------------------------------------------------------------------+---------+---+----+-----+------+-----+------+-------------+
    | Memory |                                   Module                                   | BRAM_18K| FF| LUT| URAM| Words| Bits| Banks| W*Bits*Banks|
    +--------+----------------------------------------------------------------------------+---------+---+----+-----+------+-----+------+-------------+
    |w2_V_U  |dense_resource_rf_leq_nin_ap_fixed_ap_fixed_config2_0_0_0_0_0_0_0_0_0_w2_V  |       13|  0|   0|    0|     2|  444|     1|          888|
    +--------+----------------------------------------------------------------------------+---------+---+----+-----+------+-----+------+-------------+
    |Total   |                                                                            |       13|  0|   0|    0|     2|  444|     1|          888|
    +--------+----------------------------------------------------------------------------+---------+---+----+-----+------+-----+------+-------------+

    * FIFO: 
    N/A

    * Expression: 
    +---------------------------+----------+-------+---+-----+------------+------------+
    |       Variable Name       | Operation| DSP48E| FF| LUT | Bitwidth P0| Bitwidth P1|
    +---------------------------+----------+-------+---+-----+------------+------------+
    |acc_0_V_fu_2754_p2         |     +    |      0|  0|   16|          16|          16|
    |acc_1_V_fu_2764_p2         |     +    |      0|  0|   16|          16|          16|
    |acc_2_V_fu_2774_p2         |     +    |      0|  0|   16|          16|          16|
    |acc_3_V_fu_2784_p2         |     +    |      0|  0|   16|          16|          16|
    |acc_4_V_fu_2794_p2         |     +    |      0|  0|   16|          16|          16|
    |acc_5_V_fu_2804_p2         |     +    |      0|  0|   16|          16|          16|
    |acc_6_V_fu_2814_p2         |     +    |      0|  0|   16|          16|          16|
    |acc_7_V_fu_2824_p2         |     +    |      0|  0|   16|          16|          16|
    |add_ln703_10_fu_2077_p2    |     +    |      0|  0|   23|          16|          16|
    |add_ln703_11_fu_2542_p2    |     +    |      0|  0|   16|          16|          16|
    |add_ln703_12_fu_2750_p2    |     +    |      0|  0|   16|          16|          16|
    |add_ln703_14_fu_2128_p2    |     +    |      0|  0|   16|          16|          16|
    |add_ln703_15_fu_2134_p2    |     +    |      0|  0|   16|          16|          16|
    |add_ln703_16_fu_2565_p2    |     +    |      0|  0|   16|          16|          16|
    |add_ln703_17_fu_2140_p2    |     +    |      0|  0|   23|          16|          16|
    |add_ln703_18_fu_2571_p2    |     +    |      0|  0|   16|          16|          16|
    |add_ln703_19_fu_2760_p2    |     +    |      0|  0|   16|          16|          16|
    |add_ln703_21_fu_2191_p2    |     +    |      0|  0|   16|          16|          16|
    |add_ln703_22_fu_2197_p2    |     +    |      0|  0|   16|          16|          16|
    |add_ln703_23_fu_2594_p2    |     +    |      0|  0|   16|          16|          16|
    |add_ln703_24_fu_2203_p2    |     +    |      0|  0|   23|          16|          16|
    |add_ln703_25_fu_2600_p2    |     +    |      0|  0|   16|          16|          16|
    |add_ln703_26_fu_2770_p2    |     +    |      0|  0|   16|          16|          16|
    |add_ln703_28_fu_2254_p2    |     +    |      0|  0|   16|          16|          16|
    |add_ln703_29_fu_2260_p2    |     +    |      0|  0|   16|          16|          16|
    |add_ln703_30_fu_2623_p2    |     +    |      0|  0|   16|          16|          16|
    |add_ln703_31_fu_2266_p2    |     +    |      0|  0|   23|          16|          16|
    |add_ln703_32_fu_2629_p2    |     +    |      0|  0|   16|          16|          16|
    |add_ln703_33_fu_2780_p2    |     +    |      0|  0|   16|          16|          16|
    |add_ln703_35_fu_2317_p2    |     +    |      0|  0|   16|          16|          16|
    |add_ln703_36_fu_2323_p2    |     +    |      0|  0|   16|          16|          16|
    |add_ln703_37_fu_2652_p2    |     +    |      0|  0|   16|          16|          16|
    |add_ln703_38_fu_2329_p2    |     +    |      0|  0|   23|          16|          16|
    |add_ln703_39_fu_2658_p2    |     +    |      0|  0|   16|          16|          16|
    |add_ln703_40_fu_2790_p2    |     +    |      0|  0|   16|          16|          16|
    |add_ln703_42_fu_2380_p2    |     +    |      0|  0|   16|          16|          16|
    |add_ln703_43_fu_2386_p2    |     +    |      0|  0|   16|          16|          16|
    |add_ln703_44_fu_2681_p2    |     +    |      0|  0|   16|          16|          16|
    |add_ln703_45_fu_2392_p2    |     +    |      0|  0|   23|          16|          16|
    |add_ln703_46_fu_2687_p2    |     +    |      0|  0|   16|          16|          16|
    |add_ln703_47_fu_2800_p2    |     +    |      0|  0|   16|          16|          16|
    |add_ln703_49_fu_2443_p2    |     +    |      0|  0|   16|          16|          16|
    |add_ln703_50_fu_2449_p2    |     +    |      0|  0|   16|          16|          16|
    |add_ln703_51_fu_2710_p2    |     +    |      0|  0|   16|          16|          16|
    |add_ln703_52_fu_2455_p2    |     +    |      0|  0|   23|          16|          16|
    |add_ln703_53_fu_2716_p2    |     +    |      0|  0|   16|          16|          16|
    |add_ln703_54_fu_2810_p2    |     +    |      0|  0|   16|          16|          16|
    |add_ln703_56_fu_2500_p2    |     +    |      0|  0|   16|          16|          16|
    |add_ln703_57_fu_2506_p2    |     +    |      0|  0|   16|          16|          16|
    |add_ln703_58_fu_2739_p2    |     +    |      0|  0|   16|          16|          16|
    |add_ln703_59_fu_2512_p2    |     +    |      0|  0|   23|          16|          16|
    |add_ln703_60_fu_2745_p2    |     +    |      0|  0|   16|          16|          16|
    |add_ln703_61_fu_2820_p2    |     +    |      0|  0|   16|          16|          16|
    |add_ln703_8_fu_2071_p2     |     +    |      0|  0|   16|          16|          16|
    |add_ln703_9_fu_2536_p2     |     +    |      0|  0|   16|          16|          16|
    |add_ln703_fu_2065_p2       |     +    |      0|  0|   16|          16|          16|
    |sub_ln59_10_fu_717_p2      |     -    |      0|  0|   15|           8|           8|
    |sub_ln59_11_fu_747_p2      |     -    |      0|  0|   15|           7|           8|
    |sub_ln59_12_fu_785_p2      |     -    |      0|  0|   15|           8|           8|
    |sub_ln59_13_fu_791_p2      |     -    |      0|  0|   15|           7|           8|
    |sub_ln59_14_fu_797_p2      |     -    |      0|  0|   15|           8|           8|
    |sub_ln59_15_fu_827_p2      |     -    |      0|  0|   15|           7|           8|
    |sub_ln59_16_fu_865_p2      |     -    |      0|  0|   15|           8|           8|
    |sub_ln59_17_fu_871_p2      |     -    |      0|  0|   15|           7|           8|
    |sub_ln59_18_fu_877_p2      |     -    |      0|  0|   15|           8|           8|
    |sub_ln59_19_fu_907_p2      |     -    |      0|  0|   15|           7|           8|
    |sub_ln59_1_fu_535_p2       |     -    |      0|  0|   15|           7|           8|
    |sub_ln59_20_fu_945_p2      |     -    |      0|  0|   15|           8|           8|
    |sub_ln59_21_fu_951_p2      |     -    |      0|  0|   15|           7|           8|
    |sub_ln59_22_fu_957_p2      |     -    |      0|  0|   15|           8|           8|
    |sub_ln59_23_fu_987_p2      |     -    |      0|  0|   15|           7|           8|
    |sub_ln59_24_fu_1017_p2     |     -    |      0|  0|   15|           8|           8|
    |sub_ln59_25_fu_1023_p2     |     -    |      0|  0|   15|           7|           8|
    |sub_ln59_26_fu_1029_p2     |     -    |      0|  0|   15|           8|           8|
    |sub_ln59_27_fu_1059_p2     |     -    |      0|  0|   15|           7|           8|
    |sub_ln59_2_fu_541_p2       |     -    |      0|  0|   15|           8|           8|
    |sub_ln59_3_fu_571_p2       |     -    |      0|  0|   15|           7|           8|
    |sub_ln59_4_fu_617_p2       |     -    |      0|  0|   15|           8|           8|
    |sub_ln59_5_fu_623_p2       |     -    |      0|  0|   15|           7|           8|
    |sub_ln59_6_fu_629_p2       |     -    |      0|  0|   15|           8|           8|
    |sub_ln59_7_fu_659_p2       |     -    |      0|  0|   15|           7|           8|
    |sub_ln59_8_fu_705_p2       |     -    |      0|  0|   15|           8|           8|
    |sub_ln59_9_fu_711_p2       |     -    |      0|  0|   15|           7|           8|
    |sub_ln59_fu_529_p2         |     -    |      0|  0|   15|           8|           8|
    |and_ln59_1_fu_1163_p2      |    and   |      0|  0|  224|         224|         224|
    |and_ln59_2_fu_1191_p2      |    and   |      0|  0|  224|         224|         224|
    |and_ln59_3_fu_1219_p2      |    and   |      0|  0|  224|         224|         224|
    |and_ln59_4_fu_1247_p2      |    and   |      0|  0|  224|         224|         224|
    |and_ln59_5_fu_1275_p2      |    and   |      0|  0|  224|         224|         224|
    |and_ln59_6_fu_1303_p2      |    and   |      0|  0|  224|         224|         224|
    |and_ln59_fu_1141_p2        |    and   |      0|  0|  224|         224|         224|
    |ap_condition_829           |    and   |      0|  0|    2|           1|           1|
    |icmp_ln59_1_fu_593_p2      |   icmp   |      0|  0|   11|           6|           6|
    |icmp_ln59_2_fu_681_p2      |   icmp   |      0|  0|   11|           7|           7|
    |icmp_ln59_3_fu_761_p2      |   icmp   |      0|  0|   11|           6|           6|
    |icmp_ln59_4_fu_849_p2      |   icmp   |      0|  0|   11|           8|           8|
    |icmp_ln59_5_fu_929_p2      |   icmp   |      0|  0|   11|           8|           8|
    |icmp_ln59_6_fu_1001_p2     |   icmp   |      0|  0|   11|           7|           7|
    |icmp_ln59_fu_505_p2        |   icmp   |      0|  0|   11|           5|           5|
    |lshr_ln59_11_fu_1269_p2    |   lshr   |      0|  0|  822|           2|         224|
    |lshr_ln59_13_fu_1297_p2    |   lshr   |      0|  0|  822|           2|         224|
    |lshr_ln59_1_fu_1135_p2     |   lshr   |      0|  0|  822|           2|         224|
    |lshr_ln59_3_fu_1157_p2     |   lshr   |      0|  0|  822|           2|         224|
    |lshr_ln59_5_fu_1185_p2     |   lshr   |      0|  0|  822|           2|         224|
    |lshr_ln59_7_fu_1213_p2     |   lshr   |      0|  0|  822|           2|         224|
    |lshr_ln59_9_fu_1241_p2     |   lshr   |      0|  0|  822|           2|         224|
    |ap_block_pp0_stage0_11001  |    or    |      0|  0|    2|           1|           1|
    |ap_block_state1            |    or    |      0|  0|    2|           1|           1|
    |empty_38_fu_587_p2         |    or    |      0|  0|    6|           6|           4|
    |empty_39_fu_675_p2         |    or    |      0|  0|    7|           7|           4|
    |empty_41_fu_843_p2         |    or    |      0|  0|    8|           8|           4|
    |empty_42_fu_923_p2         |    or    |      0|  0|    8|           8|           4|
    |empty_fu_499_p2            |    or    |      0|  0|    5|           5|           4|
    |select_ln59_10_fu_811_p3   |  select  |      0|  0|  224|           1|         224|
    |select_ln59_11_fu_819_p3   |  select  |      0|  0|    8|           1|           8|
    |select_ln59_12_fu_883_p3   |  select  |      0|  0|    8|           1|           8|
    |select_ln59_13_fu_891_p3   |  select  |      0|  0|  224|           1|         224|
    |select_ln59_14_fu_899_p3   |  select  |      0|  0|    8|           1|           8|
    |select_ln59_15_fu_963_p3   |  select  |      0|  0|    8|           1|           8|
    |select_ln59_16_fu_971_p3   |  select  |      0|  0|  224|           1|         224|
    |select_ln59_17_fu_979_p3   |  select  |      0|  0|    8|           1|           8|
    |select_ln59_18_fu_1035_p3  |  select  |      0|  0|    8|           1|           8|
    |select_ln59_19_fu_1043_p3  |  select  |      0|  0|  224|           1|         224|
    |select_ln59_1_fu_555_p3    |  select  |      0|  0|  224|           1|         224|
    |select_ln59_20_fu_1051_p3  |  select  |      0|  0|    8|           1|           8|
    |select_ln59_2_fu_563_p3    |  select  |      0|  0|    8|           1|           8|
    |select_ln59_3_fu_635_p3    |  select  |      0|  0|    8|           1|           8|
    |select_ln59_4_fu_643_p3    |  select  |      0|  0|  224|           1|         224|
    |select_ln59_5_fu_651_p3    |  select  |      0|  0|    8|           1|           8|
    |select_ln59_6_fu_723_p3    |  select  |      0|  0|    8|           1|           8|
    |select_ln59_7_fu_731_p3    |  select  |      0|  0|  224|           1|         224|
    |select_ln59_8_fu_739_p3    |  select  |      0|  0|    8|           1|           8|
    |select_ln59_9_fu_803_p3    |  select  |      0|  0|    8|           1|           8|
    |select_ln59_fu_547_p3      |  select  |      0|  0|    8|           1|           8|
    |ap_enable_pp0              |    xor   |      0|  0|    2|           1|           2|
    |w_index_fu_1065_p2         |    xor   |      0|  0|    2|           1|           2|
    +---------------------------+----------+-------+---+-----+------------+------------+
    |Total                      |          |      0|  0|10495|        2795|        6010|
    +---------------------------+----------+-------+---+-----+------------+------------+

    * Multiplexer: 
    +------------------------------------+----+-----------+-----+-----------+
    |                Name                | LUT| Input Size| Bits| Total Bits|
    +------------------------------------+----+-----------+-----+-----------+
    |ap_NS_fsm                           |  15|          3|    1|          3|
    |ap_done                             |   9|          2|    1|          2|
    |ap_enable_reg_pp0_iter1             |   9|          2|    1|          2|
    |ap_enable_reg_pp0_iter13            |   9|          2|    1|          2|
    |ap_phi_mux_w_index19_phi_fu_364_p6  |  15|          3|    1|          3|
    |ap_return_0                         |   9|          2|   16|         32|
    |ap_return_1                         |   9|          2|   16|         32|
    |ap_return_2                         |   9|          2|   16|         32|
    |ap_return_3                         |   9|          2|   16|         32|
    |ap_return_4                         |   9|          2|   16|         32|
    |ap_return_5                         |   9|          2|   16|         32|
    |ap_return_6                         |   9|          2|   16|         32|
    |ap_return_7                         |   9|          2|   16|         32|
    |data_V_blk_n                        |   9|          2|    1|          2|
    |p_Val2_1416_reg_389                 |   9|          2|   16|         32|
    |p_Val2_1514_reg_403                 |   9|          2|   16|         32|
    |p_Val2_1612_reg_417                 |   9|          2|   16|         32|
    |p_Val2_1710_reg_431                 |   9|          2|   16|         32|
    |p_Val2_188_reg_445                  |   9|          2|   16|         32|
    |p_Val2_18_reg_375                   |   9|          2|   16|         32|
    |p_Val2_196_reg_459                  |   9|          2|   16|         32|
    |p_Val2_204_reg_473                  |   9|          2|   16|         32|
    |w_index19_reg_360                   |   9|          2|    1|          2|
    +------------------------------------+----+-----------+-----+-----------+
    |Total                               | 219|         48|  263|        528|
    +------------------------------------+----+-----------+-----+-----------+

    * Register: 
    +----------------------------------------+-----+----+-----+-----------+
    |                  Name                  |  FF | LUT| Bits| Const Bits|
    +----------------------------------------+-----+----+-----+-----------+
    |add_ln703_10_reg_4360                   |   16|   0|   16|          0|
    |add_ln703_11_reg_4505                   |   16|   0|   16|          0|
    |add_ln703_15_reg_4375                   |   16|   0|   16|          0|
    |add_ln703_15_reg_4375_pp0_iter12_reg    |   16|   0|   16|          0|
    |add_ln703_17_reg_4380                   |   16|   0|   16|          0|
    |add_ln703_18_reg_4510                   |   16|   0|   16|          0|
    |add_ln703_22_reg_4395                   |   16|   0|   16|          0|
    |add_ln703_22_reg_4395_pp0_iter12_reg    |   16|   0|   16|          0|
    |add_ln703_24_reg_4400                   |   16|   0|   16|          0|
    |add_ln703_25_reg_4515                   |   16|   0|   16|          0|
    |add_ln703_29_reg_4415                   |   16|   0|   16|          0|
    |add_ln703_29_reg_4415_pp0_iter12_reg    |   16|   0|   16|          0|
    |add_ln703_31_reg_4420                   |   16|   0|   16|          0|
    |add_ln703_32_reg_4520                   |   16|   0|   16|          0|
    |add_ln703_36_reg_4435                   |   16|   0|   16|          0|
    |add_ln703_36_reg_4435_pp0_iter12_reg    |   16|   0|   16|          0|
    |add_ln703_38_reg_4440                   |   16|   0|   16|          0|
    |add_ln703_39_reg_4525                   |   16|   0|   16|          0|
    |add_ln703_43_reg_4455                   |   16|   0|   16|          0|
    |add_ln703_43_reg_4455_pp0_iter12_reg    |   16|   0|   16|          0|
    |add_ln703_45_reg_4460                   |   16|   0|   16|          0|
    |add_ln703_46_reg_4530                   |   16|   0|   16|          0|
    |add_ln703_50_reg_4475                   |   16|   0|   16|          0|
    |add_ln703_50_reg_4475_pp0_iter12_reg    |   16|   0|   16|          0|
    |add_ln703_52_reg_4480                   |   16|   0|   16|          0|
    |add_ln703_53_reg_4535                   |   16|   0|   16|          0|
    |add_ln703_57_reg_4495                   |   16|   0|   16|          0|
    |add_ln703_57_reg_4495_pp0_iter12_reg    |   16|   0|   16|          0|
    |add_ln703_59_reg_4500                   |   16|   0|   16|          0|
    |add_ln703_60_reg_4540                   |   16|   0|   16|          0|
    |add_ln703_8_reg_4355                    |   16|   0|   16|          0|
    |add_ln703_8_reg_4355_pp0_iter12_reg     |   16|   0|   16|          0|
    |ap_CS_fsm                               |    2|   0|    2|          0|
    |ap_done_reg                             |    1|   0|    1|          0|
    |ap_enable_reg_pp0_iter1                 |    1|   0|    1|          0|
    |ap_enable_reg_pp0_iter10                |    1|   0|    1|          0|
    |ap_enable_reg_pp0_iter11                |    1|   0|    1|          0|
    |ap_enable_reg_pp0_iter12                |    1|   0|    1|          0|
    |ap_enable_reg_pp0_iter13                |    1|   0|    1|          0|
    |ap_enable_reg_pp0_iter2                 |    1|   0|    1|          0|
    |ap_enable_reg_pp0_iter3                 |    1|   0|    1|          0|
    |ap_enable_reg_pp0_iter4                 |    1|   0|    1|          0|
    |ap_enable_reg_pp0_iter5                 |    1|   0|    1|          0|
    |ap_enable_reg_pp0_iter6                 |    1|   0|    1|          0|
    |ap_enable_reg_pp0_iter7                 |    1|   0|    1|          0|
    |ap_enable_reg_pp0_iter8                 |    1|   0|    1|          0|
    |ap_enable_reg_pp0_iter9                 |    1|   0|    1|          0|
    |ap_return_0_preg                        |   16|   0|   21|          5|
    |ap_return_1_preg                        |   16|   0|   21|          5|
    |ap_return_2_preg                        |   16|   0|   21|          5|
    |ap_return_3_preg                        |   16|   0|   21|          5|
    |ap_return_4_preg                        |   16|   0|   21|          5|
    |ap_return_5_preg                        |   16|   0|   21|          5|
    |ap_return_6_preg                        |   16|   0|   21|          5|
    |ap_return_7_preg                        |   16|   0|   21|          5|
    |lshr_ln59_10_reg_3451                   |  224|   0|  224|          0|
    |lshr_ln59_12_reg_3456                   |  224|   0|  224|          0|
    |lshr_ln59_2_reg_3431                    |  224|   0|  224|          0|
    |lshr_ln59_4_reg_3436                    |  224|   0|  224|          0|
    |lshr_ln59_6_reg_3441                    |  224|   0|  224|          0|
    |lshr_ln59_8_reg_3446                    |  224|   0|  224|          0|
    |lshr_ln59_reg_3421                      |  224|   0|  224|          0|
    |mul_ln1118_17_reg_4155                  |   21|   0|   21|          0|
    |mul_ln1118_18_reg_4160                  |   21|   0|   21|          0|
    |mul_ln1118_19_reg_4345                  |   21|   0|   21|          0|
    |mul_ln1118_20_reg_4350                  |   21|   0|   21|          0|
    |mul_ln1118_21_reg_4165                  |   21|   0|   21|          0|
    |mul_ln1118_22_reg_4170                  |   21|   0|   21|          0|
    |mul_ln1118_23_reg_4175                  |   21|   0|   21|          0|
    |mul_ln1118_24_reg_4180                  |   21|   0|   21|          0|
    |mul_ln1118_25_reg_4185                  |   21|   0|   21|          0|
    |mul_ln1118_26_reg_4365                  |   21|   0|   21|          0|
    |mul_ln1118_27_reg_4370                  |   21|   0|   21|          0|
    |mul_ln1118_28_reg_4190                  |   21|   0|   21|          0|
    |mul_ln1118_29_reg_4195                  |   21|   0|   21|          0|
    |mul_ln1118_30_reg_4200                  |   21|   0|   21|          0|
    |mul_ln1118_31_reg_4205                  |   21|   0|   21|          0|
    |mul_ln1118_32_reg_4210                  |   21|   0|   21|          0|
    |mul_ln1118_33_reg_4385                  |   21|   0|   21|          0|
    |mul_ln1118_34_reg_4390                  |   21|   0|   21|          0|
    |mul_ln1118_35_reg_4215                  |   21|   0|   21|          0|
    |mul_ln1118_36_reg_4220                  |   21|   0|   21|          0|
    |mul_ln1118_37_reg_4225                  |   21|   0|   21|          0|
    |mul_ln1118_38_reg_4230                  |   21|   0|   21|          0|
    |mul_ln1118_39_reg_4235                  |   21|   0|   21|          0|
    |mul_ln1118_40_reg_4405                  |   21|   0|   21|          0|
    |mul_ln1118_41_reg_4410                  |   21|   0|   21|          0|
    |mul_ln1118_42_reg_4240                  |   21|   0|   21|          0|
    |mul_ln1118_43_reg_4245                  |   21|   0|   21|          0|
    |mul_ln1118_44_reg_4250                  |   21|   0|   21|          0|
    |mul_ln1118_45_reg_4255                  |   21|   0|   21|          0|
    |mul_ln1118_46_reg_4260                  |   21|   0|   21|          0|
    |mul_ln1118_47_reg_4425                  |   21|   0|   21|          0|
    |mul_ln1118_48_reg_4430                  |   21|   0|   21|          0|
    |mul_ln1118_49_reg_4265                  |   21|   0|   21|          0|
    |mul_ln1118_50_reg_4270                  |   21|   0|   21|          0|
    |mul_ln1118_51_reg_4275                  |   21|   0|   21|          0|
    |mul_ln1118_52_reg_4280                  |   21|   0|   21|          0|
    |mul_ln1118_53_reg_4285                  |   21|   0|   21|          0|
    |mul_ln1118_54_reg_4445                  |   21|   0|   21|          0|
    |mul_ln1118_55_reg_4450                  |   21|   0|   21|          0|
    |mul_ln1118_56_reg_4290                  |   21|   0|   21|          0|
    |mul_ln1118_57_reg_4295                  |   21|   0|   21|          0|
    |mul_ln1118_58_reg_4300                  |   21|   0|   21|          0|
    |mul_ln1118_59_reg_4305                  |   21|   0|   21|          0|
    |mul_ln1118_60_reg_4310                  |   21|   0|   21|          0|
    |mul_ln1118_61_reg_4465                  |   21|   0|   21|          0|
    |mul_ln1118_62_reg_4470                  |   21|   0|   21|          0|
    |mul_ln1118_63_reg_4315                  |   21|   0|   21|          0|
    |mul_ln1118_64_reg_4320                  |   21|   0|   21|          0|
    |mul_ln1118_65_reg_4325                  |   21|   0|   21|          0|
    |mul_ln1118_66_reg_4330                  |   21|   0|   21|          0|
    |mul_ln1118_67_reg_4335                  |   21|   0|   21|          0|
    |mul_ln1118_68_reg_4485                  |   21|   0|   21|          0|
    |mul_ln1118_69_reg_4490                  |   21|   0|   21|          0|
    |mul_ln1118_70_reg_4340                  |   21|   0|   21|          0|
    |mul_ln1118_reg_4150                     |   21|   0|   21|          0|
    |p_Val2_1416_reg_389                     |   16|   0|   16|          0|
    |p_Val2_1514_reg_403                     |   16|   0|   16|          0|
    |p_Val2_1612_reg_417                     |   16|   0|   16|          0|
    |p_Val2_1710_reg_431                     |   16|   0|   16|          0|
    |p_Val2_188_reg_445                      |   16|   0|   16|          0|
    |p_Val2_18_reg_375                       |   16|   0|   16|          0|
    |p_Val2_196_reg_459                      |   16|   0|   16|          0|
    |p_Val2_204_reg_473                      |   16|   0|   16|          0|
    |select_ln59_10_reg_3321                 |  224|   0|  224|          0|
    |select_ln59_11_reg_3326                 |    8|   0|    8|          0|
    |select_ln59_13_reg_3336                 |  224|   0|  224|          0|
    |select_ln59_14_reg_3341                 |    8|   0|    8|          0|
    |select_ln59_16_reg_3351                 |  224|   0|  224|          0|
    |select_ln59_17_reg_3356                 |    8|   0|    8|          0|
    |select_ln59_19_reg_3366                 |  224|   0|  224|          0|
    |select_ln59_1_reg_3276                  |  224|   0|  224|          0|
    |select_ln59_20_reg_3371                 |    8|   0|    8|          0|
    |select_ln59_2_reg_3281                  |    8|   0|    8|          0|
    |select_ln59_4_reg_3291                  |  224|   0|  224|          0|
    |select_ln59_5_reg_3296                  |    8|   0|    8|          0|
    |select_ln59_7_reg_3306                  |  224|   0|  224|          0|
    |select_ln59_8_reg_3311                  |    8|   0|    8|          0|
    |sub_ln59_11_reg_3316                    |    7|   0|    8|          1|
    |sub_ln59_15_reg_3331                    |    7|   0|    8|          1|
    |sub_ln59_19_reg_3346                    |    7|   0|    8|          1|
    |sub_ln59_23_reg_3361                    |    7|   0|    8|          1|
    |sub_ln59_27_reg_3376                    |    7|   0|    8|          1|
    |sub_ln59_3_reg_3286                     |    7|   0|    8|          1|
    |sub_ln59_7_reg_3301                     |    7|   0|    8|          1|
    |tmp_42_reg_3476                         |    8|   0|    8|          0|
    |tmp_43_reg_3486                         |    8|   0|    8|          0|
    |tmp_44_reg_3496                         |    8|   0|    8|          0|
    |tmp_44_reg_3496_pp0_iter8_reg           |    8|   0|    8|          0|
    |tmp_45_reg_3506                         |    8|   0|    8|          0|
    |tmp_45_reg_3506_pp0_iter8_reg           |    8|   0|    8|          0|
    |tmp_46_reg_3516                         |    8|   0|    8|          0|
    |tmp_47_reg_3527                         |    8|   0|    8|          0|
    |tmp_48_reg_3532                         |    8|   0|    8|          0|
    |tmp_49_reg_3537                         |    8|   0|    8|          0|
    |tmp_50_reg_3542                         |    8|   0|    8|          0|
    |tmp_51_reg_3547                         |    8|   0|    8|          0|
    |tmp_51_reg_3547_pp0_iter8_reg           |    8|   0|    8|          0|
    |tmp_52_reg_3552                         |    8|   0|    8|          0|
    |tmp_52_reg_3552_pp0_iter8_reg           |    8|   0|    8|          0|
    |tmp_53_reg_3557                         |    8|   0|    8|          0|
    |tmp_54_reg_3562                         |    8|   0|    8|          0|
    |tmp_55_reg_3567                         |    8|   0|    8|          0|
    |tmp_56_reg_3572                         |    8|   0|    8|          0|
    |tmp_57_reg_3577                         |    8|   0|    8|          0|
    |tmp_58_reg_3582                         |    8|   0|    8|          0|
    |tmp_58_reg_3582_pp0_iter8_reg           |    8|   0|    8|          0|
    |tmp_59_reg_3587                         |    8|   0|    8|          0|
    |tmp_59_reg_3587_pp0_iter8_reg           |    8|   0|    8|          0|
    |tmp_60_reg_3592                         |    8|   0|    8|          0|
    |tmp_61_reg_3597                         |    8|   0|    8|          0|
    |tmp_62_reg_3602                         |    8|   0|    8|          0|
    |tmp_63_reg_3607                         |    8|   0|    8|          0|
    |tmp_64_reg_3612                         |    8|   0|    8|          0|
    |tmp_65_reg_3617                         |    8|   0|    8|          0|
    |tmp_65_reg_3617_pp0_iter8_reg           |    8|   0|    8|          0|
    |tmp_66_reg_3622                         |    8|   0|    8|          0|
    |tmp_66_reg_3622_pp0_iter8_reg           |    8|   0|    8|          0|
    |tmp_67_reg_3627                         |    8|   0|    8|          0|
    |tmp_68_reg_3632                         |    8|   0|    8|          0|
    |tmp_69_reg_3637                         |    8|   0|    8|          0|
    |tmp_70_reg_3642                         |    8|   0|    8|          0|
    |tmp_71_reg_3647                         |    8|   0|    8|          0|
    |tmp_72_reg_3652                         |    8|   0|    8|          0|
    |tmp_72_reg_3652_pp0_iter8_reg           |    8|   0|    8|          0|
    |tmp_73_reg_3657                         |    8|   0|    8|          0|
    |tmp_73_reg_3657_pp0_iter8_reg           |    8|   0|    8|          0|
    |tmp_74_reg_3662                         |    8|   0|    8|          0|
    |tmp_75_reg_3667                         |    8|   0|    8|          0|
    |tmp_76_reg_3672                         |    8|   0|    8|          0|
    |tmp_77_reg_3677                         |    8|   0|    8|          0|
    |tmp_78_reg_3682                         |    8|   0|    8|          0|
    |tmp_79_reg_3687                         |    8|   0|    8|          0|
    |tmp_79_reg_3687_pp0_iter8_reg           |    8|   0|    8|          0|
    |tmp_80_reg_3692                         |    8|   0|    8|          0|
    |tmp_80_reg_3692_pp0_iter8_reg           |    8|   0|    8|          0|
    |tmp_81_reg_3697                         |    8|   0|    8|          0|
    |tmp_82_reg_3702                         |    8|   0|    8|          0|
    |tmp_83_reg_3707                         |    8|   0|    8|          0|
    |tmp_84_reg_3712                         |    8|   0|    8|          0|
    |tmp_85_reg_3717                         |    8|   0|    8|          0|
    |tmp_86_reg_3722                         |    8|   0|    8|          0|
    |tmp_86_reg_3722_pp0_iter8_reg           |    8|   0|    8|          0|
    |tmp_87_reg_3727                         |    8|   0|    8|          0|
    |tmp_87_reg_3727_pp0_iter8_reg           |    8|   0|    8|          0|
    |tmp_88_reg_3732                         |    8|   0|    8|          0|
    |tmp_89_reg_3737                         |    8|   0|    8|          0|
    |tmp_90_reg_3742                         |    8|   0|    8|          0|
    |tmp_91_reg_3747                         |    8|   0|    8|          0|
    |tmp_92_reg_3752                         |    8|   0|    8|          0|
    |tmp_93_reg_3757                         |    8|   0|    8|          0|
    |tmp_93_reg_3757_pp0_iter8_reg           |    8|   0|    8|          0|
    |tmp_94_reg_3762                         |    8|   0|    8|          0|
    |tmp_94_reg_3762_pp0_iter8_reg           |    8|   0|    8|          0|
    |tmp_95_reg_3767                         |    8|   0|    8|          0|
    |tmp_96_reg_3772                         |    4|   0|    4|          0|
    |trunc_ln59_1_reg_3466                   |    8|   0|    8|          0|
    |trunc_ln59_2_reg_3471                   |   16|   0|   16|          0|
    |trunc_ln59_3_reg_3481                   |   16|   0|   16|          0|
    |trunc_ln59_4_reg_3491                   |   16|   0|   16|          0|
    |trunc_ln59_4_reg_3491_pp0_iter8_reg     |   16|   0|   16|          0|
    |trunc_ln59_5_reg_3501                   |   16|   0|   16|          0|
    |trunc_ln59_5_reg_3501_pp0_iter8_reg     |   16|   0|   16|          0|
    |trunc_ln59_6_reg_3511                   |   16|   0|   16|          0|
    |trunc_ln59_7_reg_3521                   |   16|   0|   16|          0|
    |trunc_ln59_reg_3461                     |   16|   0|   16|          0|
    |trunc_ln708_68_reg_4145                 |   15|   0|   15|          0|
    |trunc_ln708_68_reg_4145_pp0_iter10_reg  |   15|   0|   15|          0|
    |w_index19_reg_360                       |    1|   0|    1|          0|
    |w_index_reg_3381                        |    1|   0|    1|          0|
    |sub_ln59_11_reg_3316                    |   64|  32|    8|          1|
    |sub_ln59_15_reg_3331                    |   64|  32|    8|          1|
    |sub_ln59_19_reg_3346                    |   64|  32|    8|          1|
    |sub_ln59_23_reg_3361                    |   64|  32|    8|          1|
    |sub_ln59_27_reg_3376                    |   64|  32|    8|          1|
    |sub_ln59_3_reg_3286                     |   64|  32|    8|          1|
    |sub_ln59_7_reg_3301                     |   64|  32|    8|          1|
    |w_index19_reg_360                       |   64|  32|    1|          0|
    +----------------------------------------+-----+----+-----+-----------+
    |Total                                   | 6440| 256| 6032|         54|
    +----------------------------------------+-----+----+-----+-----------+



================================================================
== Interface
================================================================
* Summary: 
+---------------+-----+-----+------------+------------------------------------------------------------------------+--------------+
|   RTL Ports   | Dir | Bits|  Protocol  |                              Source Object                             |    C Type    |
+---------------+-----+-----+------------+------------------------------------------------------------------------+--------------+
|ap_clk         |  in |    1| ap_ctrl_hs | dense_resource_rf_leq_nin<ap_fixed,ap_fixed,config2>.0.0.0.0.0.0.0.0.0 | return value |
|ap_rst         |  in |    1| ap_ctrl_hs | dense_resource_rf_leq_nin<ap_fixed,ap_fixed,config2>.0.0.0.0.0.0.0.0.0 | return value |
|ap_start       |  in |    1| ap_ctrl_hs | dense_resource_rf_leq_nin<ap_fixed,ap_fixed,config2>.0.0.0.0.0.0.0.0.0 | return value |
|ap_done        | out |    1| ap_ctrl_hs | dense_resource_rf_leq_nin<ap_fixed,ap_fixed,config2>.0.0.0.0.0.0.0.0.0 | return value |
|ap_continue    |  in |    1| ap_ctrl_hs | dense_resource_rf_leq_nin<ap_fixed,ap_fixed,config2>.0.0.0.0.0.0.0.0.0 | return value |
|ap_idle        | out |    1| ap_ctrl_hs | dense_resource_rf_leq_nin<ap_fixed,ap_fixed,config2>.0.0.0.0.0.0.0.0.0 | return value |
|ap_ready       | out |    1| ap_ctrl_hs | dense_resource_rf_leq_nin<ap_fixed,ap_fixed,config2>.0.0.0.0.0.0.0.0.0 | return value |
|ap_return_0    | out |   21| ap_ctrl_hs | dense_resource_rf_leq_nin<ap_fixed,ap_fixed,config2>.0.0.0.0.0.0.0.0.0 | return value |
|ap_return_1    | out |   21| ap_ctrl_hs | dense_resource_rf_leq_nin<ap_fixed,ap_fixed,config2>.0.0.0.0.0.0.0.0.0 | return value |
|ap_return_2    | out |   21| ap_ctrl_hs | dense_resource_rf_leq_nin<ap_fixed,ap_fixed,config2>.0.0.0.0.0.0.0.0.0 | return value |
|ap_return_3    | out |   21| ap_ctrl_hs | dense_resource_rf_leq_nin<ap_fixed,ap_fixed,config2>.0.0.0.0.0.0.0.0.0 | return value |
|ap_return_4    | out |   21| ap_ctrl_hs | dense_resource_rf_leq_nin<ap_fixed,ap_fixed,config2>.0.0.0.0.0.0.0.0.0 | return value |
|ap_return_5    | out |   21| ap_ctrl_hs | dense_resource_rf_leq_nin<ap_fixed,ap_fixed,config2>.0.0.0.0.0.0.0.0.0 | return value |
|ap_return_6    | out |   21| ap_ctrl_hs | dense_resource_rf_leq_nin<ap_fixed,ap_fixed,config2>.0.0.0.0.0.0.0.0.0 | return value |
|ap_return_7    | out |   21| ap_ctrl_hs | dense_resource_rf_leq_nin<ap_fixed,ap_fixed,config2>.0.0.0.0.0.0.0.0.0 | return value |
|data_V_ap_vld  |  in |    1|   ap_vld   |                                 data_V                                 |    pointer   |
|data_V         |  in |  224|   ap_vld   |                                 data_V                                 |    pointer   |
+---------------+-----+-----+------------+------------------------------------------------------------------------+--------------+

