

================================================================
== Vivado HLS Report for 'relu_ap_fixed_19_8_5_3_0_ap_ufixed_8_2_4_0_0_relu_config16_s'
================================================================
* Date:           Wed May 20 11:15:38 2026

* Version:        2020.1 (Build 2897737 on Wed May 27 20:21:37 MDT 2020)
* Project:        myproject_prj
* Solution:       solution1
* Product family: zynq
* Target device:  xc7z020-clg400-1


================================================================
== Performance Estimates
================================================================
+ Timing: 
    * Summary: 
    +--------+---------+----------+------------+
    |  Clock |  Target | Estimated| Uncertainty|
    +--------+---------+----------+------------+
    |ap_clk  | 5.00 ns | 3.680 ns |   0.62 ns  |
    +--------+---------+----------+------------+

+ Latency: 
    * Summary: 
    +---------+---------+----------+----------+-----+-----+----------+
    |  Latency (cycles) |  Latency (absolute) |  Interval | Pipeline |
    |   min   |   max   |    min   |    max   | min | max |   Type   |
    +---------+---------+----------+----------+-----+-----+----------+
    |        1|        1| 5.000 ns | 5.000 ns |    1|    1| function |
    +---------+---------+----------+----------+-----+-----+----------+

    + Detail: 
        * Instance: 
        N/A

        * Loop: 
        N/A

============================================================
+ Verbose Summary: Synthesis Manager
============================================================
InlineROM: 1
ExposeGlobal: 0
============================================================
+ Verbose Summary: CDFG Model
============================================================
IsTopModel: 0
ResetActiveHigh: 1
IsCombinational: 2
IsDatapathOnly: 0
HasWiredReturn: 1
HasMFsm: 2
HasVarLatency: 0
IsPipeline: 1
IsRtlPipelined: 1
IsInstanceOverlapped: 0
IsDontTouch: 0
HasImplIP: 0
IsGatedGlobalClock: 0

+ Individual pipeline summary: 
  * Pipeline-0: initiation interval (II) = 1, depth = 2


============================================================
+ Verbose Summary: Schedule
============================================================
* Number of FSM states : 2
* Pipeline : 1
  Pipeline-0 : II = 1, D = 2, States = { 1 2 }
* Dataflow Pipeline: 0

* FSM state transitions: 
1 --> 2 
2 --> 

* FSM state operations: 

State 1 <SV = 0> <Delay = 3.21>
ST_1 : Operation 3 [1/1] (0.00ns)   --->   "%data_7_V_read_2 = call i17 @_ssdm_op_Read.ap_auto.i17(i17 %data_7_V_read)" [firmware/nnet_utils/nnet_activation.h:39]   --->   Operation 3 'read' 'data_7_V_read_2' <Predicate = true> <Delay = 0.00>
ST_1 : Operation 4 [1/1] (0.00ns)   --->   "%data_6_V_read_2 = call i17 @_ssdm_op_Read.ap_auto.i17(i17 %data_6_V_read)" [firmware/nnet_utils/nnet_activation.h:39]   --->   Operation 4 'read' 'data_6_V_read_2' <Predicate = true> <Delay = 0.00>
ST_1 : Operation 5 [1/1] (0.00ns)   --->   "%data_5_V_read_2 = call i17 @_ssdm_op_Read.ap_auto.i17(i17 %data_5_V_read)" [firmware/nnet_utils/nnet_activation.h:39]   --->   Operation 5 'read' 'data_5_V_read_2' <Predicate = true> <Delay = 0.00>
ST_1 : Operation 6 [1/1] (0.00ns)   --->   "%data_4_V_read_2 = call i17 @_ssdm_op_Read.ap_auto.i17(i17 %data_4_V_read)" [firmware/nnet_utils/nnet_activation.h:39]   --->   Operation 6 'read' 'data_4_V_read_2' <Predicate = true> <Delay = 0.00>
ST_1 : Operation 7 [1/1] (0.00ns)   --->   "%data_3_V_read_3 = call i17 @_ssdm_op_Read.ap_auto.i17(i17 %data_3_V_read)" [firmware/nnet_utils/nnet_activation.h:39]   --->   Operation 7 'read' 'data_3_V_read_3' <Predicate = true> <Delay = 0.00>
ST_1 : Operation 8 [1/1] (0.00ns)   --->   "%data_2_V_read_3 = call i17 @_ssdm_op_Read.ap_auto.i17(i17 %data_2_V_read)" [firmware/nnet_utils/nnet_activation.h:39]   --->   Operation 8 'read' 'data_2_V_read_3' <Predicate = true> <Delay = 0.00>
ST_1 : Operation 9 [1/1] (0.00ns)   --->   "%data_1_V_read_3 = call i17 @_ssdm_op_Read.ap_auto.i17(i17 %data_1_V_read)" [firmware/nnet_utils/nnet_activation.h:39]   --->   Operation 9 'read' 'data_1_V_read_3' <Predicate = true> <Delay = 0.00>
ST_1 : Operation 10 [1/1] (0.00ns)   --->   "%data_0_V_read_3 = call i17 @_ssdm_op_Read.ap_auto.i17(i17 %data_0_V_read)" [firmware/nnet_utils/nnet_activation.h:39]   --->   Operation 10 'read' 'data_0_V_read_3' <Predicate = true> <Delay = 0.00>
ST_1 : Operation 11 [1/1] (0.00ns) (grouped into LUT with out node add_ln415)   --->   "%trunc_ln = call i8 @_ssdm_op_PartSelect.i8.i17.i32.i32(i17 %data_0_V_read_3, i32 5, i32 12)" [firmware/nnet_utils/nnet_activation.h:46]   --->   Operation 11 'partselect' 'trunc_ln' <Predicate = true> <Delay = 0.00>
ST_1 : Operation 12 [1/1] (0.00ns) (grouped into LUT with out node add_ln415)   --->   "%tmp_63 = call i1 @_ssdm_op_BitSelect.i1.i17.i32(i17 %data_0_V_read_3, i32 5)" [firmware/nnet_utils/nnet_activation.h:46]   --->   Operation 12 'bitselect' 'tmp_63' <Predicate = true> <Delay = 0.00>
ST_1 : Operation 13 [1/1] (0.00ns)   --->   "%trunc_ln718 = trunc i17 %data_0_V_read_3 to i4" [firmware/nnet_utils/nnet_activation.h:46]   --->   Operation 13 'trunc' 'trunc_ln718' <Predicate = true> <Delay = 0.00>
ST_1 : Operation 14 [1/1] (1.30ns)   --->   "%icmp_ln718 = icmp ne i4 %trunc_ln718, 0" [firmware/nnet_utils/nnet_activation.h:46]   --->   Operation 14 'icmp' 'icmp_ln718' <Predicate = true> <Delay = 1.30> <Core = "Cmp">   --->   Core 25 'Cmp' <Latency = 0> <II = 1> <Delay = 1.30> <FuncUnit> <Opcode : 'icmp'> <InPorts = 2> <OutPorts = 1>
ST_1 : Operation 15 [1/1] (0.00ns) (grouped into LUT with out node add_ln415)   --->   "%or_ln412 = or i1 %icmp_ln718, %tmp_63" [firmware/nnet_utils/nnet_activation.h:46]   --->   Operation 15 'or' 'or_ln412' <Predicate = true> <Delay = 0.00> <Core = "LogicGate">   --->   Core 27 'LogicGate' <Latency = 0> <II = 1> <Delay = 0.97> <FuncUnit> <Opcode : 'and' 'or' 'xor'> <InPorts = 2> <OutPorts = 1>
ST_1 : Operation 16 [1/1] (0.00ns) (grouped into LUT with out node add_ln415)   --->   "%tmp_65 = call i1 @_ssdm_op_BitSelect.i1.i17.i32(i17 %data_0_V_read_3, i32 4)" [firmware/nnet_utils/nnet_activation.h:46]   --->   Operation 16 'bitselect' 'tmp_65' <Predicate = true> <Delay = 0.00>
ST_1 : Operation 17 [1/1] (0.00ns) (grouped into LUT with out node add_ln415)   --->   "%and_ln415 = and i1 %or_ln412, %tmp_65" [firmware/nnet_utils/nnet_activation.h:46]   --->   Operation 17 'and' 'and_ln415' <Predicate = true> <Delay = 0.00> <Core = "LogicGate">   --->   Core 27 'LogicGate' <Latency = 0> <II = 1> <Delay = 0.97> <FuncUnit> <Opcode : 'and' 'or' 'xor'> <InPorts = 2> <OutPorts = 1>
ST_1 : Operation 18 [1/1] (0.00ns) (grouped into LUT with out node add_ln415)   --->   "%zext_ln415 = zext i1 %and_ln415 to i8" [firmware/nnet_utils/nnet_activation.h:46]   --->   Operation 18 'zext' 'zext_ln415' <Predicate = true> <Delay = 0.00>
ST_1 : Operation 19 [1/1] (1.91ns) (out node of the LUT)   --->   "%add_ln415 = add i8 %zext_ln415, %trunc_ln" [firmware/nnet_utils/nnet_activation.h:46]   --->   Operation 19 'add' 'add_ln415' <Predicate = true> <Delay = 1.91> <Core = "AddSub">   --->   Core 14 'AddSub' <Latency = 0> <II = 1> <Delay = 1.91> <FuncUnit> <Opcode : 'add' 'sub'> <InPorts = 2> <OutPorts = 1>
ST_1 : Operation 20 [1/1] (0.00ns)   --->   "%tmp = call i4 @_ssdm_op_PartSelect.i4.i17.i32.i32(i17 %data_0_V_read_3, i32 13, i32 16)" [firmware/nnet_utils/nnet_activation.h:46]   --->   Operation 20 'partselect' 'tmp' <Predicate = true> <Delay = 0.00>
ST_1 : Operation 21 [1/1] (1.30ns)   --->   "%icmp_ln879 = icmp eq i4 %tmp, -1" [firmware/nnet_utils/nnet_activation.h:46]   --->   Operation 21 'icmp' 'icmp_ln879' <Predicate = true> <Delay = 1.30> <Core = "Cmp">   --->   Core 25 'Cmp' <Latency = 0> <II = 1> <Delay = 1.30> <FuncUnit> <Opcode : 'icmp'> <InPorts = 2> <OutPorts = 1>
ST_1 : Operation 22 [1/1] (1.30ns)   --->   "%icmp_ln768 = icmp eq i4 %tmp, 0" [firmware/nnet_utils/nnet_activation.h:46]   --->   Operation 22 'icmp' 'icmp_ln768' <Predicate = true> <Delay = 1.30> <Core = "Cmp">   --->   Core 25 'Cmp' <Latency = 0> <II = 1> <Delay = 1.30> <FuncUnit> <Opcode : 'icmp'> <InPorts = 2> <OutPorts = 1>
ST_1 : Operation 23 [1/1] (0.00ns) (grouped into LUT with out node add_ln415_11)   --->   "%trunc_ln708_s = call i8 @_ssdm_op_PartSelect.i8.i17.i32.i32(i17 %data_1_V_read_3, i32 5, i32 12)" [firmware/nnet_utils/nnet_activation.h:46]   --->   Operation 23 'partselect' 'trunc_ln708_s' <Predicate = true> <Delay = 0.00>
ST_1 : Operation 24 [1/1] (0.00ns) (grouped into LUT with out node add_ln415_11)   --->   "%tmp_67 = call i1 @_ssdm_op_BitSelect.i1.i17.i32(i17 %data_1_V_read_3, i32 5)" [firmware/nnet_utils/nnet_activation.h:46]   --->   Operation 24 'bitselect' 'tmp_67' <Predicate = true> <Delay = 0.00>
ST_1 : Operation 25 [1/1] (0.00ns)   --->   "%trunc_ln718_4 = trunc i17 %data_1_V_read_3 to i4" [firmware/nnet_utils/nnet_activation.h:46]   --->   Operation 25 'trunc' 'trunc_ln718_4' <Predicate = true> <Delay = 0.00>
ST_1 : Operation 26 [1/1] (1.30ns)   --->   "%icmp_ln718_4 = icmp ne i4 %trunc_ln718_4, 0" [firmware/nnet_utils/nnet_activation.h:46]   --->   Operation 26 'icmp' 'icmp_ln718_4' <Predicate = true> <Delay = 1.30> <Core = "Cmp">   --->   Core 25 'Cmp' <Latency = 0> <II = 1> <Delay = 1.30> <FuncUnit> <Opcode : 'icmp'> <InPorts = 2> <OutPorts = 1>
ST_1 : Operation 27 [1/1] (0.00ns) (grouped into LUT with out node add_ln415_11)   --->   "%or_ln412_11 = or i1 %icmp_ln718_4, %tmp_67" [firmware/nnet_utils/nnet_activation.h:46]   --->   Operation 27 'or' 'or_ln412_11' <Predicate = true> <Delay = 0.00> <Core = "LogicGate">   --->   Core 27 'LogicGate' <Latency = 0> <II = 1> <Delay = 0.97> <FuncUnit> <Opcode : 'and' 'or' 'xor'> <InPorts = 2> <OutPorts = 1>
ST_1 : Operation 28 [1/1] (0.00ns) (grouped into LUT with out node add_ln415_11)   --->   "%tmp_69 = call i1 @_ssdm_op_BitSelect.i1.i17.i32(i17 %data_1_V_read_3, i32 4)" [firmware/nnet_utils/nnet_activation.h:46]   --->   Operation 28 'bitselect' 'tmp_69' <Predicate = true> <Delay = 0.00>
ST_1 : Operation 29 [1/1] (0.00ns) (grouped into LUT with out node add_ln415_11)   --->   "%and_ln415_1 = and i1 %or_ln412_11, %tmp_69" [firmware/nnet_utils/nnet_activation.h:46]   --->   Operation 29 'and' 'and_ln415_1' <Predicate = true> <Delay = 0.00> <Core = "LogicGate">   --->   Core 27 'LogicGate' <Latency = 0> <II = 1> <Delay = 0.97> <FuncUnit> <Opcode : 'and' 'or' 'xor'> <InPorts = 2> <OutPorts = 1>
ST_1 : Operation 30 [1/1] (0.00ns) (grouped into LUT with out node add_ln415_11)   --->   "%zext_ln415_11 = zext i1 %and_ln415_1 to i8" [firmware/nnet_utils/nnet_activation.h:46]   --->   Operation 30 'zext' 'zext_ln415_11' <Predicate = true> <Delay = 0.00>
ST_1 : Operation 31 [1/1] (1.91ns) (out node of the LUT)   --->   "%add_ln415_11 = add i8 %zext_ln415_11, %trunc_ln708_s" [firmware/nnet_utils/nnet_activation.h:46]   --->   Operation 31 'add' 'add_ln415_11' <Predicate = true> <Delay = 1.91> <Core = "AddSub">   --->   Core 14 'AddSub' <Latency = 0> <II = 1> <Delay = 1.91> <FuncUnit> <Opcode : 'add' 'sub'> <InPorts = 2> <OutPorts = 1>
ST_1 : Operation 32 [1/1] (0.00ns)   --->   "%tmp_s = call i4 @_ssdm_op_PartSelect.i4.i17.i32.i32(i17 %data_1_V_read_3, i32 13, i32 16)" [firmware/nnet_utils/nnet_activation.h:46]   --->   Operation 32 'partselect' 'tmp_s' <Predicate = true> <Delay = 0.00>
ST_1 : Operation 33 [1/1] (1.30ns)   --->   "%icmp_ln879_11 = icmp eq i4 %tmp_s, -1" [firmware/nnet_utils/nnet_activation.h:46]   --->   Operation 33 'icmp' 'icmp_ln879_11' <Predicate = true> <Delay = 1.30> <Core = "Cmp">   --->   Core 25 'Cmp' <Latency = 0> <II = 1> <Delay = 1.30> <FuncUnit> <Opcode : 'icmp'> <InPorts = 2> <OutPorts = 1>
ST_1 : Operation 34 [1/1] (1.30ns)   --->   "%icmp_ln768_11 = icmp eq i4 %tmp_s, 0" [firmware/nnet_utils/nnet_activation.h:46]   --->   Operation 34 'icmp' 'icmp_ln768_11' <Predicate = true> <Delay = 1.30> <Core = "Cmp">   --->   Core 25 'Cmp' <Latency = 0> <II = 1> <Delay = 1.30> <FuncUnit> <Opcode : 'icmp'> <InPorts = 2> <OutPorts = 1>
ST_1 : Operation 35 [1/1] (0.00ns) (grouped into LUT with out node add_ln415_12)   --->   "%trunc_ln708_1 = call i8 @_ssdm_op_PartSelect.i8.i17.i32.i32(i17 %data_2_V_read_3, i32 5, i32 12)" [firmware/nnet_utils/nnet_activation.h:46]   --->   Operation 35 'partselect' 'trunc_ln708_1' <Predicate = true> <Delay = 0.00>
ST_1 : Operation 36 [1/1] (0.00ns) (grouped into LUT with out node add_ln415_12)   --->   "%tmp_71 = call i1 @_ssdm_op_BitSelect.i1.i17.i32(i17 %data_2_V_read_3, i32 5)" [firmware/nnet_utils/nnet_activation.h:46]   --->   Operation 36 'bitselect' 'tmp_71' <Predicate = true> <Delay = 0.00>
ST_1 : Operation 37 [1/1] (0.00ns)   --->   "%trunc_ln718_5 = trunc i17 %data_2_V_read_3 to i4" [firmware/nnet_utils/nnet_activation.h:46]   --->   Operation 37 'trunc' 'trunc_ln718_5' <Predicate = true> <Delay = 0.00>
ST_1 : Operation 38 [1/1] (1.30ns)   --->   "%icmp_ln718_5 = icmp ne i4 %trunc_ln718_5, 0" [firmware/nnet_utils/nnet_activation.h:46]   --->   Operation 38 'icmp' 'icmp_ln718_5' <Predicate = true> <Delay = 1.30> <Core = "Cmp">   --->   Core 25 'Cmp' <Latency = 0> <II = 1> <Delay = 1.30> <FuncUnit> <Opcode : 'icmp'> <InPorts = 2> <OutPorts = 1>
ST_1 : Operation 39 [1/1] (0.00ns) (grouped into LUT with out node add_ln415_12)   --->   "%or_ln412_12 = or i1 %icmp_ln718_5, %tmp_71" [firmware/nnet_utils/nnet_activation.h:46]   --->   Operation 39 'or' 'or_ln412_12' <Predicate = true> <Delay = 0.00> <Core = "LogicGate">   --->   Core 27 'LogicGate' <Latency = 0> <II = 1> <Delay = 0.97> <FuncUnit> <Opcode : 'and' 'or' 'xor'> <InPorts = 2> <OutPorts = 1>
ST_1 : Operation 40 [1/1] (0.00ns) (grouped into LUT with out node add_ln415_12)   --->   "%tmp_73 = call i1 @_ssdm_op_BitSelect.i1.i17.i32(i17 %data_2_V_read_3, i32 4)" [firmware/nnet_utils/nnet_activation.h:46]   --->   Operation 40 'bitselect' 'tmp_73' <Predicate = true> <Delay = 0.00>
ST_1 : Operation 41 [1/1] (0.00ns) (grouped into LUT with out node add_ln415_12)   --->   "%and_ln415_2 = and i1 %or_ln412_12, %tmp_73" [firmware/nnet_utils/nnet_activation.h:46]   --->   Operation 41 'and' 'and_ln415_2' <Predicate = true> <Delay = 0.00> <Core = "LogicGate">   --->   Core 27 'LogicGate' <Latency = 0> <II = 1> <Delay = 0.97> <FuncUnit> <Opcode : 'and' 'or' 'xor'> <InPorts = 2> <OutPorts = 1>
ST_1 : Operation 42 [1/1] (0.00ns) (grouped into LUT with out node add_ln415_12)   --->   "%zext_ln415_12 = zext i1 %and_ln415_2 to i8" [firmware/nnet_utils/nnet_activation.h:46]   --->   Operation 42 'zext' 'zext_ln415_12' <Predicate = true> <Delay = 0.00>
ST_1 : Operation 43 [1/1] (1.91ns) (out node of the LUT)   --->   "%add_ln415_12 = add i8 %zext_ln415_12, %trunc_ln708_1" [firmware/nnet_utils/nnet_activation.h:46]   --->   Operation 43 'add' 'add_ln415_12' <Predicate = true> <Delay = 1.91> <Core = "AddSub">   --->   Core 14 'AddSub' <Latency = 0> <II = 1> <Delay = 1.91> <FuncUnit> <Opcode : 'add' 'sub'> <InPorts = 2> <OutPorts = 1>
ST_1 : Operation 44 [1/1] (0.00ns)   --->   "%tmp_25 = call i4 @_ssdm_op_PartSelect.i4.i17.i32.i32(i17 %data_2_V_read_3, i32 13, i32 16)" [firmware/nnet_utils/nnet_activation.h:46]   --->   Operation 44 'partselect' 'tmp_25' <Predicate = true> <Delay = 0.00>
ST_1 : Operation 45 [1/1] (1.30ns)   --->   "%icmp_ln879_12 = icmp eq i4 %tmp_25, -1" [firmware/nnet_utils/nnet_activation.h:46]   --->   Operation 45 'icmp' 'icmp_ln879_12' <Predicate = true> <Delay = 1.30> <Core = "Cmp">   --->   Core 25 'Cmp' <Latency = 0> <II = 1> <Delay = 1.30> <FuncUnit> <Opcode : 'icmp'> <InPorts = 2> <OutPorts = 1>
ST_1 : Operation 46 [1/1] (1.30ns)   --->   "%icmp_ln768_12 = icmp eq i4 %tmp_25, 0" [firmware/nnet_utils/nnet_activation.h:46]   --->   Operation 46 'icmp' 'icmp_ln768_12' <Predicate = true> <Delay = 1.30> <Core = "Cmp">   --->   Core 25 'Cmp' <Latency = 0> <II = 1> <Delay = 1.30> <FuncUnit> <Opcode : 'icmp'> <InPorts = 2> <OutPorts = 1>
ST_1 : Operation 47 [1/1] (0.00ns) (grouped into LUT with out node add_ln415_13)   --->   "%trunc_ln708_2 = call i8 @_ssdm_op_PartSelect.i8.i17.i32.i32(i17 %data_3_V_read_3, i32 5, i32 12)" [firmware/nnet_utils/nnet_activation.h:46]   --->   Operation 47 'partselect' 'trunc_ln708_2' <Predicate = true> <Delay = 0.00>
ST_1 : Operation 48 [1/1] (0.00ns) (grouped into LUT with out node add_ln415_13)   --->   "%tmp_75 = call i1 @_ssdm_op_BitSelect.i1.i17.i32(i17 %data_3_V_read_3, i32 5)" [firmware/nnet_utils/nnet_activation.h:46]   --->   Operation 48 'bitselect' 'tmp_75' <Predicate = true> <Delay = 0.00>
ST_1 : Operation 49 [1/1] (0.00ns)   --->   "%trunc_ln718_6 = trunc i17 %data_3_V_read_3 to i4" [firmware/nnet_utils/nnet_activation.h:46]   --->   Operation 49 'trunc' 'trunc_ln718_6' <Predicate = true> <Delay = 0.00>
ST_1 : Operation 50 [1/1] (1.30ns)   --->   "%icmp_ln718_6 = icmp ne i4 %trunc_ln718_6, 0" [firmware/nnet_utils/nnet_activation.h:46]   --->   Operation 50 'icmp' 'icmp_ln718_6' <Predicate = true> <Delay = 1.30> <Core = "Cmp">   --->   Core 25 'Cmp' <Latency = 0> <II = 1> <Delay = 1.30> <FuncUnit> <Opcode : 'icmp'> <InPorts = 2> <OutPorts = 1>
ST_1 : Operation 51 [1/1] (0.00ns) (grouped into LUT with out node add_ln415_13)   --->   "%or_ln412_13 = or i1 %icmp_ln718_6, %tmp_75" [firmware/nnet_utils/nnet_activation.h:46]   --->   Operation 51 'or' 'or_ln412_13' <Predicate = true> <Delay = 0.00> <Core = "LogicGate">   --->   Core 27 'LogicGate' <Latency = 0> <II = 1> <Delay = 0.97> <FuncUnit> <Opcode : 'and' 'or' 'xor'> <InPorts = 2> <OutPorts = 1>
ST_1 : Operation 52 [1/1] (0.00ns) (grouped into LUT with out node add_ln415_13)   --->   "%tmp_77 = call i1 @_ssdm_op_BitSelect.i1.i17.i32(i17 %data_3_V_read_3, i32 4)" [firmware/nnet_utils/nnet_activation.h:46]   --->   Operation 52 'bitselect' 'tmp_77' <Predicate = true> <Delay = 0.00>
ST_1 : Operation 53 [1/1] (0.00ns) (grouped into LUT with out node add_ln415_13)   --->   "%and_ln415_3 = and i1 %or_ln412_13, %tmp_77" [firmware/nnet_utils/nnet_activation.h:46]   --->   Operation 53 'and' 'and_ln415_3' <Predicate = true> <Delay = 0.00> <Core = "LogicGate">   --->   Core 27 'LogicGate' <Latency = 0> <II = 1> <Delay = 0.97> <FuncUnit> <Opcode : 'and' 'or' 'xor'> <InPorts = 2> <OutPorts = 1>
ST_1 : Operation 54 [1/1] (0.00ns) (grouped into LUT with out node add_ln415_13)   --->   "%zext_ln415_13 = zext i1 %and_ln415_3 to i8" [firmware/nnet_utils/nnet_activation.h:46]   --->   Operation 54 'zext' 'zext_ln415_13' <Predicate = true> <Delay = 0.00>
ST_1 : Operation 55 [1/1] (1.91ns) (out node of the LUT)   --->   "%add_ln415_13 = add i8 %zext_ln415_13, %trunc_ln708_2" [firmware/nnet_utils/nnet_activation.h:46]   --->   Operation 55 'add' 'add_ln415_13' <Predicate = true> <Delay = 1.91> <Core = "AddSub">   --->   Core 14 'AddSub' <Latency = 0> <II = 1> <Delay = 1.91> <FuncUnit> <Opcode : 'add' 'sub'> <InPorts = 2> <OutPorts = 1>
ST_1 : Operation 56 [1/1] (0.00ns)   --->   "%tmp_26 = call i4 @_ssdm_op_PartSelect.i4.i17.i32.i32(i17 %data_3_V_read_3, i32 13, i32 16)" [firmware/nnet_utils/nnet_activation.h:46]   --->   Operation 56 'partselect' 'tmp_26' <Predicate = true> <Delay = 0.00>
ST_1 : Operation 57 [1/1] (1.30ns)   --->   "%icmp_ln879_13 = icmp eq i4 %tmp_26, -1" [firmware/nnet_utils/nnet_activation.h:46]   --->   Operation 57 'icmp' 'icmp_ln879_13' <Predicate = true> <Delay = 1.30> <Core = "Cmp">   --->   Core 25 'Cmp' <Latency = 0> <II = 1> <Delay = 1.30> <FuncUnit> <Opcode : 'icmp'> <InPorts = 2> <OutPorts = 1>
ST_1 : Operation 58 [1/1] (1.30ns)   --->   "%icmp_ln768_13 = icmp eq i4 %tmp_26, 0" [firmware/nnet_utils/nnet_activation.h:46]   --->   Operation 58 'icmp' 'icmp_ln768_13' <Predicate = true> <Delay = 1.30> <Core = "Cmp">   --->   Core 25 'Cmp' <Latency = 0> <II = 1> <Delay = 1.30> <FuncUnit> <Opcode : 'icmp'> <InPorts = 2> <OutPorts = 1>
ST_1 : Operation 59 [1/1] (0.00ns) (grouped into LUT with out node add_ln415_14)   --->   "%trunc_ln708_3 = call i8 @_ssdm_op_PartSelect.i8.i17.i32.i32(i17 %data_4_V_read_2, i32 5, i32 12)" [firmware/nnet_utils/nnet_activation.h:46]   --->   Operation 59 'partselect' 'trunc_ln708_3' <Predicate = true> <Delay = 0.00>
ST_1 : Operation 60 [1/1] (0.00ns) (grouped into LUT with out node add_ln415_14)   --->   "%tmp_79 = call i1 @_ssdm_op_BitSelect.i1.i17.i32(i17 %data_4_V_read_2, i32 5)" [firmware/nnet_utils/nnet_activation.h:46]   --->   Operation 60 'bitselect' 'tmp_79' <Predicate = true> <Delay = 0.00>
ST_1 : Operation 61 [1/1] (0.00ns)   --->   "%trunc_ln718_7 = trunc i17 %data_4_V_read_2 to i4" [firmware/nnet_utils/nnet_activation.h:46]   --->   Operation 61 'trunc' 'trunc_ln718_7' <Predicate = true> <Delay = 0.00>
ST_1 : Operation 62 [1/1] (1.30ns)   --->   "%icmp_ln718_7 = icmp ne i4 %trunc_ln718_7, 0" [firmware/nnet_utils/nnet_activation.h:46]   --->   Operation 62 'icmp' 'icmp_ln718_7' <Predicate = true> <Delay = 1.30> <Core = "Cmp">   --->   Core 25 'Cmp' <Latency = 0> <II = 1> <Delay = 1.30> <FuncUnit> <Opcode : 'icmp'> <InPorts = 2> <OutPorts = 1>
ST_1 : Operation 63 [1/1] (0.00ns) (grouped into LUT with out node add_ln415_14)   --->   "%or_ln412_14 = or i1 %icmp_ln718_7, %tmp_79" [firmware/nnet_utils/nnet_activation.h:46]   --->   Operation 63 'or' 'or_ln412_14' <Predicate = true> <Delay = 0.00> <Core = "LogicGate">   --->   Core 27 'LogicGate' <Latency = 0> <II = 1> <Delay = 0.97> <FuncUnit> <Opcode : 'and' 'or' 'xor'> <InPorts = 2> <OutPorts = 1>
ST_1 : Operation 64 [1/1] (0.00ns) (grouped into LUT with out node add_ln415_14)   --->   "%tmp_81 = call i1 @_ssdm_op_BitSelect.i1.i17.i32(i17 %data_4_V_read_2, i32 4)" [firmware/nnet_utils/nnet_activation.h:46]   --->   Operation 64 'bitselect' 'tmp_81' <Predicate = true> <Delay = 0.00>
ST_1 : Operation 65 [1/1] (0.00ns) (grouped into LUT with out node add_ln415_14)   --->   "%and_ln415_4 = and i1 %or_ln412_14, %tmp_81" [firmware/nnet_utils/nnet_activation.h:46]   --->   Operation 65 'and' 'and_ln415_4' <Predicate = true> <Delay = 0.00> <Core = "LogicGate">   --->   Core 27 'LogicGate' <Latency = 0> <II = 1> <Delay = 0.97> <FuncUnit> <Opcode : 'and' 'or' 'xor'> <InPorts = 2> <OutPorts = 1>
ST_1 : Operation 66 [1/1] (0.00ns) (grouped into LUT with out node add_ln415_14)   --->   "%zext_ln415_14 = zext i1 %and_ln415_4 to i8" [firmware/nnet_utils/nnet_activation.h:46]   --->   Operation 66 'zext' 'zext_ln415_14' <Predicate = true> <Delay = 0.00>
ST_1 : Operation 67 [1/1] (1.91ns) (out node of the LUT)   --->   "%add_ln415_14 = add i8 %zext_ln415_14, %trunc_ln708_3" [firmware/nnet_utils/nnet_activation.h:46]   --->   Operation 67 'add' 'add_ln415_14' <Predicate = true> <Delay = 1.91> <Core = "AddSub">   --->   Core 14 'AddSub' <Latency = 0> <II = 1> <Delay = 1.91> <FuncUnit> <Opcode : 'add' 'sub'> <InPorts = 2> <OutPorts = 1>
ST_1 : Operation 68 [1/1] (0.00ns)   --->   "%tmp_27 = call i4 @_ssdm_op_PartSelect.i4.i17.i32.i32(i17 %data_4_V_read_2, i32 13, i32 16)" [firmware/nnet_utils/nnet_activation.h:46]   --->   Operation 68 'partselect' 'tmp_27' <Predicate = true> <Delay = 0.00>
ST_1 : Operation 69 [1/1] (1.30ns)   --->   "%icmp_ln879_14 = icmp eq i4 %tmp_27, -1" [firmware/nnet_utils/nnet_activation.h:46]   --->   Operation 69 'icmp' 'icmp_ln879_14' <Predicate = true> <Delay = 1.30> <Core = "Cmp">   --->   Core 25 'Cmp' <Latency = 0> <II = 1> <Delay = 1.30> <FuncUnit> <Opcode : 'icmp'> <InPorts = 2> <OutPorts = 1>
ST_1 : Operation 70 [1/1] (1.30ns)   --->   "%icmp_ln768_14 = icmp eq i4 %tmp_27, 0" [firmware/nnet_utils/nnet_activation.h:46]   --->   Operation 70 'icmp' 'icmp_ln768_14' <Predicate = true> <Delay = 1.30> <Core = "Cmp">   --->   Core 25 'Cmp' <Latency = 0> <II = 1> <Delay = 1.30> <FuncUnit> <Opcode : 'icmp'> <InPorts = 2> <OutPorts = 1>
ST_1 : Operation 71 [1/1] (0.00ns) (grouped into LUT with out node add_ln415_15)   --->   "%trunc_ln708_4 = call i8 @_ssdm_op_PartSelect.i8.i17.i32.i32(i17 %data_5_V_read_2, i32 5, i32 12)" [firmware/nnet_utils/nnet_activation.h:46]   --->   Operation 71 'partselect' 'trunc_ln708_4' <Predicate = true> <Delay = 0.00>
ST_1 : Operation 72 [1/1] (0.00ns) (grouped into LUT with out node add_ln415_15)   --->   "%tmp_83 = call i1 @_ssdm_op_BitSelect.i1.i17.i32(i17 %data_5_V_read_2, i32 5)" [firmware/nnet_utils/nnet_activation.h:46]   --->   Operation 72 'bitselect' 'tmp_83' <Predicate = true> <Delay = 0.00>
ST_1 : Operation 73 [1/1] (0.00ns)   --->   "%trunc_ln718_8 = trunc i17 %data_5_V_read_2 to i4" [firmware/nnet_utils/nnet_activation.h:46]   --->   Operation 73 'trunc' 'trunc_ln718_8' <Predicate = true> <Delay = 0.00>
ST_1 : Operation 74 [1/1] (1.30ns)   --->   "%icmp_ln718_8 = icmp ne i4 %trunc_ln718_8, 0" [firmware/nnet_utils/nnet_activation.h:46]   --->   Operation 74 'icmp' 'icmp_ln718_8' <Predicate = true> <Delay = 1.30> <Core = "Cmp">   --->   Core 25 'Cmp' <Latency = 0> <II = 1> <Delay = 1.30> <FuncUnit> <Opcode : 'icmp'> <InPorts = 2> <OutPorts = 1>
ST_1 : Operation 75 [1/1] (0.00ns) (grouped into LUT with out node add_ln415_15)   --->   "%or_ln412_15 = or i1 %icmp_ln718_8, %tmp_83" [firmware/nnet_utils/nnet_activation.h:46]   --->   Operation 75 'or' 'or_ln412_15' <Predicate = true> <Delay = 0.00> <Core = "LogicGate">   --->   Core 27 'LogicGate' <Latency = 0> <II = 1> <Delay = 0.97> <FuncUnit> <Opcode : 'and' 'or' 'xor'> <InPorts = 2> <OutPorts = 1>
ST_1 : Operation 76 [1/1] (0.00ns) (grouped into LUT with out node add_ln415_15)   --->   "%tmp_85 = call i1 @_ssdm_op_BitSelect.i1.i17.i32(i17 %data_5_V_read_2, i32 4)" [firmware/nnet_utils/nnet_activation.h:46]   --->   Operation 76 'bitselect' 'tmp_85' <Predicate = true> <Delay = 0.00>
ST_1 : Operation 77 [1/1] (0.00ns) (grouped into LUT with out node add_ln415_15)   --->   "%and_ln415_5 = and i1 %or_ln412_15, %tmp_85" [firmware/nnet_utils/nnet_activation.h:46]   --->   Operation 77 'and' 'and_ln415_5' <Predicate = true> <Delay = 0.00> <Core = "LogicGate">   --->   Core 27 'LogicGate' <Latency = 0> <II = 1> <Delay = 0.97> <FuncUnit> <Opcode : 'and' 'or' 'xor'> <InPorts = 2> <OutPorts = 1>
ST_1 : Operation 78 [1/1] (0.00ns) (grouped into LUT with out node add_ln415_15)   --->   "%zext_ln415_15 = zext i1 %and_ln415_5 to i8" [firmware/nnet_utils/nnet_activation.h:46]   --->   Operation 78 'zext' 'zext_ln415_15' <Predicate = true> <Delay = 0.00>
ST_1 : Operation 79 [1/1] (1.91ns) (out node of the LUT)   --->   "%add_ln415_15 = add i8 %zext_ln415_15, %trunc_ln708_4" [firmware/nnet_utils/nnet_activation.h:46]   --->   Operation 79 'add' 'add_ln415_15' <Predicate = true> <Delay = 1.91> <Core = "AddSub">   --->   Core 14 'AddSub' <Latency = 0> <II = 1> <Delay = 1.91> <FuncUnit> <Opcode : 'add' 'sub'> <InPorts = 2> <OutPorts = 1>
ST_1 : Operation 80 [1/1] (0.00ns)   --->   "%tmp_28 = call i4 @_ssdm_op_PartSelect.i4.i17.i32.i32(i17 %data_5_V_read_2, i32 13, i32 16)" [firmware/nnet_utils/nnet_activation.h:46]   --->   Operation 80 'partselect' 'tmp_28' <Predicate = true> <Delay = 0.00>
ST_1 : Operation 81 [1/1] (1.30ns)   --->   "%icmp_ln879_15 = icmp eq i4 %tmp_28, -1" [firmware/nnet_utils/nnet_activation.h:46]   --->   Operation 81 'icmp' 'icmp_ln879_15' <Predicate = true> <Delay = 1.30> <Core = "Cmp">   --->   Core 25 'Cmp' <Latency = 0> <II = 1> <Delay = 1.30> <FuncUnit> <Opcode : 'icmp'> <InPorts = 2> <OutPorts = 1>
ST_1 : Operation 82 [1/1] (1.30ns)   --->   "%icmp_ln768_15 = icmp eq i4 %tmp_28, 0" [firmware/nnet_utils/nnet_activation.h:46]   --->   Operation 82 'icmp' 'icmp_ln768_15' <Predicate = true> <Delay = 1.30> <Core = "Cmp">   --->   Core 25 'Cmp' <Latency = 0> <II = 1> <Delay = 1.30> <FuncUnit> <Opcode : 'icmp'> <InPorts = 2> <OutPorts = 1>
ST_1 : Operation 83 [1/1] (0.00ns) (grouped into LUT with out node add_ln415_16)   --->   "%trunc_ln708_5 = call i8 @_ssdm_op_PartSelect.i8.i17.i32.i32(i17 %data_6_V_read_2, i32 5, i32 12)" [firmware/nnet_utils/nnet_activation.h:46]   --->   Operation 83 'partselect' 'trunc_ln708_5' <Predicate = true> <Delay = 0.00>
ST_1 : Operation 84 [1/1] (0.00ns) (grouped into LUT with out node add_ln415_16)   --->   "%tmp_87 = call i1 @_ssdm_op_BitSelect.i1.i17.i32(i17 %data_6_V_read_2, i32 5)" [firmware/nnet_utils/nnet_activation.h:46]   --->   Operation 84 'bitselect' 'tmp_87' <Predicate = true> <Delay = 0.00>
ST_1 : Operation 85 [1/1] (0.00ns)   --->   "%trunc_ln718_9 = trunc i17 %data_6_V_read_2 to i4" [firmware/nnet_utils/nnet_activation.h:46]   --->   Operation 85 'trunc' 'trunc_ln718_9' <Predicate = true> <Delay = 0.00>
ST_1 : Operation 86 [1/1] (1.30ns)   --->   "%icmp_ln718_9 = icmp ne i4 %trunc_ln718_9, 0" [firmware/nnet_utils/nnet_activation.h:46]   --->   Operation 86 'icmp' 'icmp_ln718_9' <Predicate = true> <Delay = 1.30> <Core = "Cmp">   --->   Core 25 'Cmp' <Latency = 0> <II = 1> <Delay = 1.30> <FuncUnit> <Opcode : 'icmp'> <InPorts = 2> <OutPorts = 1>
ST_1 : Operation 87 [1/1] (0.00ns) (grouped into LUT with out node add_ln415_16)   --->   "%or_ln412_16 = or i1 %icmp_ln718_9, %tmp_87" [firmware/nnet_utils/nnet_activation.h:46]   --->   Operation 87 'or' 'or_ln412_16' <Predicate = true> <Delay = 0.00> <Core = "LogicGate">   --->   Core 27 'LogicGate' <Latency = 0> <II = 1> <Delay = 0.97> <FuncUnit> <Opcode : 'and' 'or' 'xor'> <InPorts = 2> <OutPorts = 1>
ST_1 : Operation 88 [1/1] (0.00ns) (grouped into LUT with out node add_ln415_16)   --->   "%tmp_89 = call i1 @_ssdm_op_BitSelect.i1.i17.i32(i17 %data_6_V_read_2, i32 4)" [firmware/nnet_utils/nnet_activation.h:46]   --->   Operation 88 'bitselect' 'tmp_89' <Predicate = true> <Delay = 0.00>
ST_1 : Operation 89 [1/1] (0.00ns) (grouped into LUT with out node add_ln415_16)   --->   "%and_ln415_6 = and i1 %or_ln412_16, %tmp_89" [firmware/nnet_utils/nnet_activation.h:46]   --->   Operation 89 'and' 'and_ln415_6' <Predicate = true> <Delay = 0.00> <Core = "LogicGate">   --->   Core 27 'LogicGate' <Latency = 0> <II = 1> <Delay = 0.97> <FuncUnit> <Opcode : 'and' 'or' 'xor'> <InPorts = 2> <OutPorts = 1>
ST_1 : Operation 90 [1/1] (0.00ns) (grouped into LUT with out node add_ln415_16)   --->   "%zext_ln415_16 = zext i1 %and_ln415_6 to i8" [firmware/nnet_utils/nnet_activation.h:46]   --->   Operation 90 'zext' 'zext_ln415_16' <Predicate = true> <Delay = 0.00>
ST_1 : Operation 91 [1/1] (1.91ns) (out node of the LUT)   --->   "%add_ln415_16 = add i8 %zext_ln415_16, %trunc_ln708_5" [firmware/nnet_utils/nnet_activation.h:46]   --->   Operation 91 'add' 'add_ln415_16' <Predicate = true> <Delay = 1.91> <Core = "AddSub">   --->   Core 14 'AddSub' <Latency = 0> <II = 1> <Delay = 1.91> <FuncUnit> <Opcode : 'add' 'sub'> <InPorts = 2> <OutPorts = 1>
ST_1 : Operation 92 [1/1] (0.00ns)   --->   "%tmp_29 = call i4 @_ssdm_op_PartSelect.i4.i17.i32.i32(i17 %data_6_V_read_2, i32 13, i32 16)" [firmware/nnet_utils/nnet_activation.h:46]   --->   Operation 92 'partselect' 'tmp_29' <Predicate = true> <Delay = 0.00>
ST_1 : Operation 93 [1/1] (1.30ns)   --->   "%icmp_ln879_16 = icmp eq i4 %tmp_29, -1" [firmware/nnet_utils/nnet_activation.h:46]   --->   Operation 93 'icmp' 'icmp_ln879_16' <Predicate = true> <Delay = 1.30> <Core = "Cmp">   --->   Core 25 'Cmp' <Latency = 0> <II = 1> <Delay = 1.30> <FuncUnit> <Opcode : 'icmp'> <InPorts = 2> <OutPorts = 1>
ST_1 : Operation 94 [1/1] (1.30ns)   --->   "%icmp_ln768_16 = icmp eq i4 %tmp_29, 0" [firmware/nnet_utils/nnet_activation.h:46]   --->   Operation 94 'icmp' 'icmp_ln768_16' <Predicate = true> <Delay = 1.30> <Core = "Cmp">   --->   Core 25 'Cmp' <Latency = 0> <II = 1> <Delay = 1.30> <FuncUnit> <Opcode : 'icmp'> <InPorts = 2> <OutPorts = 1>
ST_1 : Operation 95 [1/1] (0.00ns) (grouped into LUT with out node add_ln415_17)   --->   "%trunc_ln708_6 = call i8 @_ssdm_op_PartSelect.i8.i17.i32.i32(i17 %data_7_V_read_2, i32 5, i32 12)" [firmware/nnet_utils/nnet_activation.h:46]   --->   Operation 95 'partselect' 'trunc_ln708_6' <Predicate = true> <Delay = 0.00>
ST_1 : Operation 96 [1/1] (0.00ns) (grouped into LUT with out node add_ln415_17)   --->   "%tmp_91 = call i1 @_ssdm_op_BitSelect.i1.i17.i32(i17 %data_7_V_read_2, i32 5)" [firmware/nnet_utils/nnet_activation.h:46]   --->   Operation 96 'bitselect' 'tmp_91' <Predicate = true> <Delay = 0.00>
ST_1 : Operation 97 [1/1] (0.00ns)   --->   "%trunc_ln718_10 = trunc i17 %data_7_V_read_2 to i4" [firmware/nnet_utils/nnet_activation.h:46]   --->   Operation 97 'trunc' 'trunc_ln718_10' <Predicate = true> <Delay = 0.00>
ST_1 : Operation 98 [1/1] (1.30ns)   --->   "%icmp_ln718_10 = icmp ne i4 %trunc_ln718_10, 0" [firmware/nnet_utils/nnet_activation.h:46]   --->   Operation 98 'icmp' 'icmp_ln718_10' <Predicate = true> <Delay = 1.30> <Core = "Cmp">   --->   Core 25 'Cmp' <Latency = 0> <II = 1> <Delay = 1.30> <FuncUnit> <Opcode : 'icmp'> <InPorts = 2> <OutPorts = 1>
ST_1 : Operation 99 [1/1] (0.00ns) (grouped into LUT with out node add_ln415_17)   --->   "%or_ln412_17 = or i1 %icmp_ln718_10, %tmp_91" [firmware/nnet_utils/nnet_activation.h:46]   --->   Operation 99 'or' 'or_ln412_17' <Predicate = true> <Delay = 0.00> <Core = "LogicGate">   --->   Core 27 'LogicGate' <Latency = 0> <II = 1> <Delay = 0.97> <FuncUnit> <Opcode : 'and' 'or' 'xor'> <InPorts = 2> <OutPorts = 1>
ST_1 : Operation 100 [1/1] (0.00ns) (grouped into LUT with out node add_ln415_17)   --->   "%tmp_93 = call i1 @_ssdm_op_BitSelect.i1.i17.i32(i17 %data_7_V_read_2, i32 4)" [firmware/nnet_utils/nnet_activation.h:46]   --->   Operation 100 'bitselect' 'tmp_93' <Predicate = true> <Delay = 0.00>
ST_1 : Operation 101 [1/1] (0.00ns) (grouped into LUT with out node add_ln415_17)   --->   "%and_ln415_7 = and i1 %or_ln412_17, %tmp_93" [firmware/nnet_utils/nnet_activation.h:46]   --->   Operation 101 'and' 'and_ln415_7' <Predicate = true> <Delay = 0.00> <Core = "LogicGate">   --->   Core 27 'LogicGate' <Latency = 0> <II = 1> <Delay = 0.97> <FuncUnit> <Opcode : 'and' 'or' 'xor'> <InPorts = 2> <OutPorts = 1>
ST_1 : Operation 102 [1/1] (0.00ns) (grouped into LUT with out node add_ln415_17)   --->   "%zext_ln415_17 = zext i1 %and_ln415_7 to i8" [firmware/nnet_utils/nnet_activation.h:46]   --->   Operation 102 'zext' 'zext_ln415_17' <Predicate = true> <Delay = 0.00>
ST_1 : Operation 103 [1/1] (1.91ns) (out node of the LUT)   --->   "%add_ln415_17 = add i8 %zext_ln415_17, %trunc_ln708_6" [firmware/nnet_utils/nnet_activation.h:46]   --->   Operation 103 'add' 'add_ln415_17' <Predicate = true> <Delay = 1.91> <Core = "AddSub">   --->   Core 14 'AddSub' <Latency = 0> <II = 1> <Delay = 1.91> <FuncUnit> <Opcode : 'add' 'sub'> <InPorts = 2> <OutPorts = 1>
ST_1 : Operation 104 [1/1] (0.00ns)   --->   "%tmp_30 = call i4 @_ssdm_op_PartSelect.i4.i17.i32.i32(i17 %data_7_V_read_2, i32 13, i32 16)" [firmware/nnet_utils/nnet_activation.h:46]   --->   Operation 104 'partselect' 'tmp_30' <Predicate = true> <Delay = 0.00>
ST_1 : Operation 105 [1/1] (1.30ns)   --->   "%icmp_ln879_17 = icmp eq i4 %tmp_30, -1" [firmware/nnet_utils/nnet_activation.h:46]   --->   Operation 105 'icmp' 'icmp_ln879_17' <Predicate = true> <Delay = 1.30> <Core = "Cmp">   --->   Core 25 'Cmp' <Latency = 0> <II = 1> <Delay = 1.30> <FuncUnit> <Opcode : 'icmp'> <InPorts = 2> <OutPorts = 1>
ST_1 : Operation 106 [1/1] (1.30ns)   --->   "%icmp_ln768_17 = icmp eq i4 %tmp_30, 0" [firmware/nnet_utils/nnet_activation.h:46]   --->   Operation 106 'icmp' 'icmp_ln768_17' <Predicate = true> <Delay = 1.30> <Core = "Cmp">   --->   Core 25 'Cmp' <Latency = 0> <II = 1> <Delay = 1.30> <FuncUnit> <Opcode : 'icmp'> <InPorts = 2> <OutPorts = 1>

State 2 <SV = 1> <Delay = 3.67>
ST_2 : Operation 107 [1/1] (0.00ns)   --->   "call void (...)* @_ssdm_op_SpecPipeline(i32 -1, i32 1, i32 1, i32 0, [1 x i8]* @p_str13) nounwind" [firmware/nnet_utils/nnet_activation.h:40]   --->   Operation 107 'specpipeline' <Predicate = true> <Delay = 0.00>
ST_2 : Operation 108 [1/1] (2.43ns)   --->   "%icmp_ln1494 = icmp sgt i17 %data_0_V_read_3, 0" [firmware/nnet_utils/nnet_activation.h:45]   --->   Operation 108 'icmp' 'icmp_ln1494' <Predicate = true> <Delay = 2.43> <Core = "Cmp">   --->   Core 25 'Cmp' <Latency = 0> <II = 1> <Delay = 1.30> <FuncUnit> <Opcode : 'icmp'> <InPorts = 2> <OutPorts = 1>
ST_2 : Operation 109 [1/1] (0.00ns) (grouped into LUT with out node select_ln1494)   --->   "%tmp_64 = call i1 @_ssdm_op_BitSelect.i1.i17.i32(i17 %data_0_V_read_3, i32 12)" [firmware/nnet_utils/nnet_activation.h:46]   --->   Operation 109 'bitselect' 'tmp_64' <Predicate = true> <Delay = 0.00>
ST_2 : Operation 110 [1/1] (0.00ns) (grouped into LUT with out node select_ln1494)   --->   "%tmp_66 = call i1 @_ssdm_op_BitSelect.i1.i8.i32(i8 %add_ln415, i32 7)" [firmware/nnet_utils/nnet_activation.h:46]   --->   Operation 110 'bitselect' 'tmp_66' <Predicate = true> <Delay = 0.00>
ST_2 : Operation 111 [1/1] (0.00ns) (grouped into LUT with out node select_ln1494)   --->   "%xor_ln416 = xor i1 %tmp_66, true" [firmware/nnet_utils/nnet_activation.h:46]   --->   Operation 111 'xor' 'xor_ln416' <Predicate = true> <Delay = 0.00> <Core = "LogicGate">   --->   Core 27 'LogicGate' <Latency = 0> <II = 1> <Delay = 0.97> <FuncUnit> <Opcode : 'and' 'or' 'xor'> <InPorts = 2> <OutPorts = 1>
ST_2 : Operation 112 [1/1] (0.00ns) (grouped into LUT with out node select_ln1494)   --->   "%and_ln416 = and i1 %tmp_64, %xor_ln416" [firmware/nnet_utils/nnet_activation.h:46]   --->   Operation 112 'and' 'and_ln416' <Predicate = true> <Delay = 0.00> <Core = "LogicGate">   --->   Core 27 'LogicGate' <Latency = 0> <II = 1> <Delay = 0.97> <FuncUnit> <Opcode : 'and' 'or' 'xor'> <InPorts = 2> <OutPorts = 1>
ST_2 : Operation 113 [1/1] (0.00ns) (grouped into LUT with out node select_ln1494)   --->   "%select_ln777 = select i1 %and_ln416, i1 %icmp_ln879, i1 %icmp_ln768" [firmware/nnet_utils/nnet_activation.h:46]   --->   Operation 113 'select' 'select_ln777' <Predicate = true> <Delay = 0.00> <Core = "Sel">   --->   Core 26 'Sel' <Latency = 0> <II = 1> <Delay = 1.24> <FuncUnit> <Opcode : 'select'> <InPorts = 3> <OutPorts = 1>
ST_2 : Operation 114 [1/1] (0.00ns) (grouped into LUT with out node select_ln1494)   --->   "%select_ln340 = select i1 %select_ln777, i8 %add_ln415, i8 -1" [firmware/nnet_utils/nnet_activation.h:46]   --->   Operation 114 'select' 'select_ln340' <Predicate = true> <Delay = 0.00> <Core = "Sel">   --->   Core 26 'Sel' <Latency = 0> <II = 1> <Delay = 1.24> <FuncUnit> <Opcode : 'select'> <InPorts = 3> <OutPorts = 1>
ST_2 : Operation 115 [1/1] (1.24ns) (out node of the LUT)   --->   "%select_ln1494 = select i1 %icmp_ln1494, i8 %select_ln340, i8 0" [firmware/nnet_utils/nnet_activation.h:45]   --->   Operation 115 'select' 'select_ln1494' <Predicate = true> <Delay = 1.24> <Core = "Sel">   --->   Core 26 'Sel' <Latency = 0> <II = 1> <Delay = 1.24> <FuncUnit> <Opcode : 'select'> <InPorts = 3> <OutPorts = 1>
ST_2 : Operation 116 [1/1] (2.43ns)   --->   "%icmp_ln1494_1 = icmp sgt i17 %data_1_V_read_3, 0" [firmware/nnet_utils/nnet_activation.h:45]   --->   Operation 116 'icmp' 'icmp_ln1494_1' <Predicate = true> <Delay = 2.43> <Core = "Cmp">   --->   Core 25 'Cmp' <Latency = 0> <II = 1> <Delay = 1.30> <FuncUnit> <Opcode : 'icmp'> <InPorts = 2> <OutPorts = 1>
ST_2 : Operation 117 [1/1] (0.00ns) (grouped into LUT with out node select_ln1494_11)   --->   "%tmp_68 = call i1 @_ssdm_op_BitSelect.i1.i17.i32(i17 %data_1_V_read_3, i32 12)" [firmware/nnet_utils/nnet_activation.h:46]   --->   Operation 117 'bitselect' 'tmp_68' <Predicate = true> <Delay = 0.00>
ST_2 : Operation 118 [1/1] (0.00ns) (grouped into LUT with out node select_ln1494_11)   --->   "%tmp_70 = call i1 @_ssdm_op_BitSelect.i1.i8.i32(i8 %add_ln415_11, i32 7)" [firmware/nnet_utils/nnet_activation.h:46]   --->   Operation 118 'bitselect' 'tmp_70' <Predicate = true> <Delay = 0.00>
ST_2 : Operation 119 [1/1] (0.00ns) (grouped into LUT with out node select_ln1494_11)   --->   "%xor_ln416_11 = xor i1 %tmp_70, true" [firmware/nnet_utils/nnet_activation.h:46]   --->   Operation 119 'xor' 'xor_ln416_11' <Predicate = true> <Delay = 0.00> <Core = "LogicGate">   --->   Core 27 'LogicGate' <Latency = 0> <II = 1> <Delay = 0.97> <FuncUnit> <Opcode : 'and' 'or' 'xor'> <InPorts = 2> <OutPorts = 1>
ST_2 : Operation 120 [1/1] (0.00ns) (grouped into LUT with out node select_ln1494_11)   --->   "%and_ln416_11 = and i1 %tmp_68, %xor_ln416_11" [firmware/nnet_utils/nnet_activation.h:46]   --->   Operation 120 'and' 'and_ln416_11' <Predicate = true> <Delay = 0.00> <Core = "LogicGate">   --->   Core 27 'LogicGate' <Latency = 0> <II = 1> <Delay = 0.97> <FuncUnit> <Opcode : 'and' 'or' 'xor'> <InPorts = 2> <OutPorts = 1>
ST_2 : Operation 121 [1/1] (0.00ns) (grouped into LUT with out node select_ln1494_11)   --->   "%select_ln777_11 = select i1 %and_ln416_11, i1 %icmp_ln879_11, i1 %icmp_ln768_11" [firmware/nnet_utils/nnet_activation.h:46]   --->   Operation 121 'select' 'select_ln777_11' <Predicate = true> <Delay = 0.00> <Core = "Sel">   --->   Core 26 'Sel' <Latency = 0> <II = 1> <Delay = 1.24> <FuncUnit> <Opcode : 'select'> <InPorts = 3> <OutPorts = 1>
ST_2 : Operation 122 [1/1] (0.00ns) (grouped into LUT with out node select_ln1494_11)   --->   "%select_ln340_1 = select i1 %select_ln777_11, i8 %add_ln415_11, i8 -1" [firmware/nnet_utils/nnet_activation.h:46]   --->   Operation 122 'select' 'select_ln340_1' <Predicate = true> <Delay = 0.00> <Core = "Sel">   --->   Core 26 'Sel' <Latency = 0> <II = 1> <Delay = 1.24> <FuncUnit> <Opcode : 'select'> <InPorts = 3> <OutPorts = 1>
ST_2 : Operation 123 [1/1] (1.24ns) (out node of the LUT)   --->   "%select_ln1494_11 = select i1 %icmp_ln1494_1, i8 %select_ln340_1, i8 0" [firmware/nnet_utils/nnet_activation.h:45]   --->   Operation 123 'select' 'select_ln1494_11' <Predicate = true> <Delay = 1.24> <Core = "Sel">   --->   Core 26 'Sel' <Latency = 0> <II = 1> <Delay = 1.24> <FuncUnit> <Opcode : 'select'> <InPorts = 3> <OutPorts = 1>
ST_2 : Operation 124 [1/1] (2.43ns)   --->   "%icmp_ln1494_2 = icmp sgt i17 %data_2_V_read_3, 0" [firmware/nnet_utils/nnet_activation.h:45]   --->   Operation 124 'icmp' 'icmp_ln1494_2' <Predicate = true> <Delay = 2.43> <Core = "Cmp">   --->   Core 25 'Cmp' <Latency = 0> <II = 1> <Delay = 1.30> <FuncUnit> <Opcode : 'icmp'> <InPorts = 2> <OutPorts = 1>
ST_2 : Operation 125 [1/1] (0.00ns) (grouped into LUT with out node select_ln1494_12)   --->   "%tmp_72 = call i1 @_ssdm_op_BitSelect.i1.i17.i32(i17 %data_2_V_read_3, i32 12)" [firmware/nnet_utils/nnet_activation.h:46]   --->   Operation 125 'bitselect' 'tmp_72' <Predicate = true> <Delay = 0.00>
ST_2 : Operation 126 [1/1] (0.00ns) (grouped into LUT with out node select_ln1494_12)   --->   "%tmp_74 = call i1 @_ssdm_op_BitSelect.i1.i8.i32(i8 %add_ln415_12, i32 7)" [firmware/nnet_utils/nnet_activation.h:46]   --->   Operation 126 'bitselect' 'tmp_74' <Predicate = true> <Delay = 0.00>
ST_2 : Operation 127 [1/1] (0.00ns) (grouped into LUT with out node select_ln1494_12)   --->   "%xor_ln416_12 = xor i1 %tmp_74, true" [firmware/nnet_utils/nnet_activation.h:46]   --->   Operation 127 'xor' 'xor_ln416_12' <Predicate = true> <Delay = 0.00> <Core = "LogicGate">   --->   Core 27 'LogicGate' <Latency = 0> <II = 1> <Delay = 0.97> <FuncUnit> <Opcode : 'and' 'or' 'xor'> <InPorts = 2> <OutPorts = 1>
ST_2 : Operation 128 [1/1] (0.00ns) (grouped into LUT with out node select_ln1494_12)   --->   "%and_ln416_12 = and i1 %tmp_72, %xor_ln416_12" [firmware/nnet_utils/nnet_activation.h:46]   --->   Operation 128 'and' 'and_ln416_12' <Predicate = true> <Delay = 0.00> <Core = "LogicGate">   --->   Core 27 'LogicGate' <Latency = 0> <II = 1> <Delay = 0.97> <FuncUnit> <Opcode : 'and' 'or' 'xor'> <InPorts = 2> <OutPorts = 1>
ST_2 : Operation 129 [1/1] (0.00ns) (grouped into LUT with out node select_ln1494_12)   --->   "%select_ln777_12 = select i1 %and_ln416_12, i1 %icmp_ln879_12, i1 %icmp_ln768_12" [firmware/nnet_utils/nnet_activation.h:46]   --->   Operation 129 'select' 'select_ln777_12' <Predicate = true> <Delay = 0.00> <Core = "Sel">   --->   Core 26 'Sel' <Latency = 0> <II = 1> <Delay = 1.24> <FuncUnit> <Opcode : 'select'> <InPorts = 3> <OutPorts = 1>
ST_2 : Operation 130 [1/1] (0.00ns) (grouped into LUT with out node select_ln1494_12)   --->   "%select_ln340_2 = select i1 %select_ln777_12, i8 %add_ln415_12, i8 -1" [firmware/nnet_utils/nnet_activation.h:46]   --->   Operation 130 'select' 'select_ln340_2' <Predicate = true> <Delay = 0.00> <Core = "Sel">   --->   Core 26 'Sel' <Latency = 0> <II = 1> <Delay = 1.24> <FuncUnit> <Opcode : 'select'> <InPorts = 3> <OutPorts = 1>
ST_2 : Operation 131 [1/1] (1.24ns) (out node of the LUT)   --->   "%select_ln1494_12 = select i1 %icmp_ln1494_2, i8 %select_ln340_2, i8 0" [firmware/nnet_utils/nnet_activation.h:45]   --->   Operation 131 'select' 'select_ln1494_12' <Predicate = true> <Delay = 1.24> <Core = "Sel">   --->   Core 26 'Sel' <Latency = 0> <II = 1> <Delay = 1.24> <FuncUnit> <Opcode : 'select'> <InPorts = 3> <OutPorts = 1>
ST_2 : Operation 132 [1/1] (2.43ns)   --->   "%icmp_ln1494_3 = icmp sgt i17 %data_3_V_read_3, 0" [firmware/nnet_utils/nnet_activation.h:45]   --->   Operation 132 'icmp' 'icmp_ln1494_3' <Predicate = true> <Delay = 2.43> <Core = "Cmp">   --->   Core 25 'Cmp' <Latency = 0> <II = 1> <Delay = 1.30> <FuncUnit> <Opcode : 'icmp'> <InPorts = 2> <OutPorts = 1>
ST_2 : Operation 133 [1/1] (0.00ns) (grouped into LUT with out node select_ln1494_13)   --->   "%tmp_76 = call i1 @_ssdm_op_BitSelect.i1.i17.i32(i17 %data_3_V_read_3, i32 12)" [firmware/nnet_utils/nnet_activation.h:46]   --->   Operation 133 'bitselect' 'tmp_76' <Predicate = true> <Delay = 0.00>
ST_2 : Operation 134 [1/1] (0.00ns) (grouped into LUT with out node select_ln1494_13)   --->   "%tmp_78 = call i1 @_ssdm_op_BitSelect.i1.i8.i32(i8 %add_ln415_13, i32 7)" [firmware/nnet_utils/nnet_activation.h:46]   --->   Operation 134 'bitselect' 'tmp_78' <Predicate = true> <Delay = 0.00>
ST_2 : Operation 135 [1/1] (0.00ns) (grouped into LUT with out node select_ln1494_13)   --->   "%xor_ln416_13 = xor i1 %tmp_78, true" [firmware/nnet_utils/nnet_activation.h:46]   --->   Operation 135 'xor' 'xor_ln416_13' <Predicate = true> <Delay = 0.00> <Core = "LogicGate">   --->   Core 27 'LogicGate' <Latency = 0> <II = 1> <Delay = 0.97> <FuncUnit> <Opcode : 'and' 'or' 'xor'> <InPorts = 2> <OutPorts = 1>
ST_2 : Operation 136 [1/1] (0.00ns) (grouped into LUT with out node select_ln1494_13)   --->   "%and_ln416_13 = and i1 %tmp_76, %xor_ln416_13" [firmware/nnet_utils/nnet_activation.h:46]   --->   Operation 136 'and' 'and_ln416_13' <Predicate = true> <Delay = 0.00> <Core = "LogicGate">   --->   Core 27 'LogicGate' <Latency = 0> <II = 1> <Delay = 0.97> <FuncUnit> <Opcode : 'and' 'or' 'xor'> <InPorts = 2> <OutPorts = 1>
ST_2 : Operation 137 [1/1] (0.00ns) (grouped into LUT with out node select_ln1494_13)   --->   "%select_ln777_13 = select i1 %and_ln416_13, i1 %icmp_ln879_13, i1 %icmp_ln768_13" [firmware/nnet_utils/nnet_activation.h:46]   --->   Operation 137 'select' 'select_ln777_13' <Predicate = true> <Delay = 0.00> <Core = "Sel">   --->   Core 26 'Sel' <Latency = 0> <II = 1> <Delay = 1.24> <FuncUnit> <Opcode : 'select'> <InPorts = 3> <OutPorts = 1>
ST_2 : Operation 138 [1/1] (0.00ns) (grouped into LUT with out node select_ln1494_13)   --->   "%select_ln340_3 = select i1 %select_ln777_13, i8 %add_ln415_13, i8 -1" [firmware/nnet_utils/nnet_activation.h:46]   --->   Operation 138 'select' 'select_ln340_3' <Predicate = true> <Delay = 0.00> <Core = "Sel">   --->   Core 26 'Sel' <Latency = 0> <II = 1> <Delay = 1.24> <FuncUnit> <Opcode : 'select'> <InPorts = 3> <OutPorts = 1>
ST_2 : Operation 139 [1/1] (1.24ns) (out node of the LUT)   --->   "%select_ln1494_13 = select i1 %icmp_ln1494_3, i8 %select_ln340_3, i8 0" [firmware/nnet_utils/nnet_activation.h:45]   --->   Operation 139 'select' 'select_ln1494_13' <Predicate = true> <Delay = 1.24> <Core = "Sel">   --->   Core 26 'Sel' <Latency = 0> <II = 1> <Delay = 1.24> <FuncUnit> <Opcode : 'select'> <InPorts = 3> <OutPorts = 1>
ST_2 : Operation 140 [1/1] (2.43ns)   --->   "%icmp_ln1494_4 = icmp sgt i17 %data_4_V_read_2, 0" [firmware/nnet_utils/nnet_activation.h:45]   --->   Operation 140 'icmp' 'icmp_ln1494_4' <Predicate = true> <Delay = 2.43> <Core = "Cmp">   --->   Core 25 'Cmp' <Latency = 0> <II = 1> <Delay = 1.30> <FuncUnit> <Opcode : 'icmp'> <InPorts = 2> <OutPorts = 1>
ST_2 : Operation 141 [1/1] (0.00ns) (grouped into LUT with out node select_ln1494_14)   --->   "%tmp_80 = call i1 @_ssdm_op_BitSelect.i1.i17.i32(i17 %data_4_V_read_2, i32 12)" [firmware/nnet_utils/nnet_activation.h:46]   --->   Operation 141 'bitselect' 'tmp_80' <Predicate = true> <Delay = 0.00>
ST_2 : Operation 142 [1/1] (0.00ns) (grouped into LUT with out node select_ln1494_14)   --->   "%tmp_82 = call i1 @_ssdm_op_BitSelect.i1.i8.i32(i8 %add_ln415_14, i32 7)" [firmware/nnet_utils/nnet_activation.h:46]   --->   Operation 142 'bitselect' 'tmp_82' <Predicate = true> <Delay = 0.00>
ST_2 : Operation 143 [1/1] (0.00ns) (grouped into LUT with out node select_ln1494_14)   --->   "%xor_ln416_14 = xor i1 %tmp_82, true" [firmware/nnet_utils/nnet_activation.h:46]   --->   Operation 143 'xor' 'xor_ln416_14' <Predicate = true> <Delay = 0.00> <Core = "LogicGate">   --->   Core 27 'LogicGate' <Latency = 0> <II = 1> <Delay = 0.97> <FuncUnit> <Opcode : 'and' 'or' 'xor'> <InPorts = 2> <OutPorts = 1>
ST_2 : Operation 144 [1/1] (0.00ns) (grouped into LUT with out node select_ln1494_14)   --->   "%and_ln416_14 = and i1 %tmp_80, %xor_ln416_14" [firmware/nnet_utils/nnet_activation.h:46]   --->   Operation 144 'and' 'and_ln416_14' <Predicate = true> <Delay = 0.00> <Core = "LogicGate">   --->   Core 27 'LogicGate' <Latency = 0> <II = 1> <Delay = 0.97> <FuncUnit> <Opcode : 'and' 'or' 'xor'> <InPorts = 2> <OutPorts = 1>
ST_2 : Operation 145 [1/1] (0.00ns) (grouped into LUT with out node select_ln1494_14)   --->   "%select_ln777_14 = select i1 %and_ln416_14, i1 %icmp_ln879_14, i1 %icmp_ln768_14" [firmware/nnet_utils/nnet_activation.h:46]   --->   Operation 145 'select' 'select_ln777_14' <Predicate = true> <Delay = 0.00> <Core = "Sel">   --->   Core 26 'Sel' <Latency = 0> <II = 1> <Delay = 1.24> <FuncUnit> <Opcode : 'select'> <InPorts = 3> <OutPorts = 1>
ST_2 : Operation 146 [1/1] (0.00ns) (grouped into LUT with out node select_ln1494_14)   --->   "%select_ln340_4 = select i1 %select_ln777_14, i8 %add_ln415_14, i8 -1" [firmware/nnet_utils/nnet_activation.h:46]   --->   Operation 146 'select' 'select_ln340_4' <Predicate = true> <Delay = 0.00> <Core = "Sel">   --->   Core 26 'Sel' <Latency = 0> <II = 1> <Delay = 1.24> <FuncUnit> <Opcode : 'select'> <InPorts = 3> <OutPorts = 1>
ST_2 : Operation 147 [1/1] (1.24ns) (out node of the LUT)   --->   "%select_ln1494_14 = select i1 %icmp_ln1494_4, i8 %select_ln340_4, i8 0" [firmware/nnet_utils/nnet_activation.h:45]   --->   Operation 147 'select' 'select_ln1494_14' <Predicate = true> <Delay = 1.24> <Core = "Sel">   --->   Core 26 'Sel' <Latency = 0> <II = 1> <Delay = 1.24> <FuncUnit> <Opcode : 'select'> <InPorts = 3> <OutPorts = 1>
ST_2 : Operation 148 [1/1] (2.43ns)   --->   "%icmp_ln1494_5 = icmp sgt i17 %data_5_V_read_2, 0" [firmware/nnet_utils/nnet_activation.h:45]   --->   Operation 148 'icmp' 'icmp_ln1494_5' <Predicate = true> <Delay = 2.43> <Core = "Cmp">   --->   Core 25 'Cmp' <Latency = 0> <II = 1> <Delay = 1.30> <FuncUnit> <Opcode : 'icmp'> <InPorts = 2> <OutPorts = 1>
ST_2 : Operation 149 [1/1] (0.00ns) (grouped into LUT with out node select_ln1494_15)   --->   "%tmp_84 = call i1 @_ssdm_op_BitSelect.i1.i17.i32(i17 %data_5_V_read_2, i32 12)" [firmware/nnet_utils/nnet_activation.h:46]   --->   Operation 149 'bitselect' 'tmp_84' <Predicate = true> <Delay = 0.00>
ST_2 : Operation 150 [1/1] (0.00ns) (grouped into LUT with out node select_ln1494_15)   --->   "%tmp_86 = call i1 @_ssdm_op_BitSelect.i1.i8.i32(i8 %add_ln415_15, i32 7)" [firmware/nnet_utils/nnet_activation.h:46]   --->   Operation 150 'bitselect' 'tmp_86' <Predicate = true> <Delay = 0.00>
ST_2 : Operation 151 [1/1] (0.00ns) (grouped into LUT with out node select_ln1494_15)   --->   "%xor_ln416_15 = xor i1 %tmp_86, true" [firmware/nnet_utils/nnet_activation.h:46]   --->   Operation 151 'xor' 'xor_ln416_15' <Predicate = true> <Delay = 0.00> <Core = "LogicGate">   --->   Core 27 'LogicGate' <Latency = 0> <II = 1> <Delay = 0.97> <FuncUnit> <Opcode : 'and' 'or' 'xor'> <InPorts = 2> <OutPorts = 1>
ST_2 : Operation 152 [1/1] (0.00ns) (grouped into LUT with out node select_ln1494_15)   --->   "%and_ln416_15 = and i1 %tmp_84, %xor_ln416_15" [firmware/nnet_utils/nnet_activation.h:46]   --->   Operation 152 'and' 'and_ln416_15' <Predicate = true> <Delay = 0.00> <Core = "LogicGate">   --->   Core 27 'LogicGate' <Latency = 0> <II = 1> <Delay = 0.97> <FuncUnit> <Opcode : 'and' 'or' 'xor'> <InPorts = 2> <OutPorts = 1>
ST_2 : Operation 153 [1/1] (0.00ns) (grouped into LUT with out node select_ln1494_15)   --->   "%select_ln777_15 = select i1 %and_ln416_15, i1 %icmp_ln879_15, i1 %icmp_ln768_15" [firmware/nnet_utils/nnet_activation.h:46]   --->   Operation 153 'select' 'select_ln777_15' <Predicate = true> <Delay = 0.00> <Core = "Sel">   --->   Core 26 'Sel' <Latency = 0> <II = 1> <Delay = 1.24> <FuncUnit> <Opcode : 'select'> <InPorts = 3> <OutPorts = 1>
ST_2 : Operation 154 [1/1] (0.00ns) (grouped into LUT with out node select_ln1494_15)   --->   "%select_ln340_5 = select i1 %select_ln777_15, i8 %add_ln415_15, i8 -1" [firmware/nnet_utils/nnet_activation.h:46]   --->   Operation 154 'select' 'select_ln340_5' <Predicate = true> <Delay = 0.00> <Core = "Sel">   --->   Core 26 'Sel' <Latency = 0> <II = 1> <Delay = 1.24> <FuncUnit> <Opcode : 'select'> <InPorts = 3> <OutPorts = 1>
ST_2 : Operation 155 [1/1] (1.24ns) (out node of the LUT)   --->   "%select_ln1494_15 = select i1 %icmp_ln1494_5, i8 %select_ln340_5, i8 0" [firmware/nnet_utils/nnet_activation.h:45]   --->   Operation 155 'select' 'select_ln1494_15' <Predicate = true> <Delay = 1.24> <Core = "Sel">   --->   Core 26 'Sel' <Latency = 0> <II = 1> <Delay = 1.24> <FuncUnit> <Opcode : 'select'> <InPorts = 3> <OutPorts = 1>
ST_2 : Operation 156 [1/1] (2.43ns)   --->   "%icmp_ln1494_6 = icmp sgt i17 %data_6_V_read_2, 0" [firmware/nnet_utils/nnet_activation.h:45]   --->   Operation 156 'icmp' 'icmp_ln1494_6' <Predicate = true> <Delay = 2.43> <Core = "Cmp">   --->   Core 25 'Cmp' <Latency = 0> <II = 1> <Delay = 1.30> <FuncUnit> <Opcode : 'icmp'> <InPorts = 2> <OutPorts = 1>
ST_2 : Operation 157 [1/1] (0.00ns) (grouped into LUT with out node select_ln1494_16)   --->   "%tmp_88 = call i1 @_ssdm_op_BitSelect.i1.i17.i32(i17 %data_6_V_read_2, i32 12)" [firmware/nnet_utils/nnet_activation.h:46]   --->   Operation 157 'bitselect' 'tmp_88' <Predicate = true> <Delay = 0.00>
ST_2 : Operation 158 [1/1] (0.00ns) (grouped into LUT with out node select_ln1494_16)   --->   "%tmp_90 = call i1 @_ssdm_op_BitSelect.i1.i8.i32(i8 %add_ln415_16, i32 7)" [firmware/nnet_utils/nnet_activation.h:46]   --->   Operation 158 'bitselect' 'tmp_90' <Predicate = true> <Delay = 0.00>
ST_2 : Operation 159 [1/1] (0.00ns) (grouped into LUT with out node select_ln1494_16)   --->   "%xor_ln416_16 = xor i1 %tmp_90, true" [firmware/nnet_utils/nnet_activation.h:46]   --->   Operation 159 'xor' 'xor_ln416_16' <Predicate = true> <Delay = 0.00> <Core = "LogicGate">   --->   Core 27 'LogicGate' <Latency = 0> <II = 1> <Delay = 0.97> <FuncUnit> <Opcode : 'and' 'or' 'xor'> <InPorts = 2> <OutPorts = 1>
ST_2 : Operation 160 [1/1] (0.00ns) (grouped into LUT with out node select_ln1494_16)   --->   "%and_ln416_16 = and i1 %tmp_88, %xor_ln416_16" [firmware/nnet_utils/nnet_activation.h:46]   --->   Operation 160 'and' 'and_ln416_16' <Predicate = true> <Delay = 0.00> <Core = "LogicGate">   --->   Core 27 'LogicGate' <Latency = 0> <II = 1> <Delay = 0.97> <FuncUnit> <Opcode : 'and' 'or' 'xor'> <InPorts = 2> <OutPorts = 1>
ST_2 : Operation 161 [1/1] (0.00ns) (grouped into LUT with out node select_ln1494_16)   --->   "%select_ln777_16 = select i1 %and_ln416_16, i1 %icmp_ln879_16, i1 %icmp_ln768_16" [firmware/nnet_utils/nnet_activation.h:46]   --->   Operation 161 'select' 'select_ln777_16' <Predicate = true> <Delay = 0.00> <Core = "Sel">   --->   Core 26 'Sel' <Latency = 0> <II = 1> <Delay = 1.24> <FuncUnit> <Opcode : 'select'> <InPorts = 3> <OutPorts = 1>
ST_2 : Operation 162 [1/1] (0.00ns) (grouped into LUT with out node select_ln1494_16)   --->   "%select_ln340_6 = select i1 %select_ln777_16, i8 %add_ln415_16, i8 -1" [firmware/nnet_utils/nnet_activation.h:46]   --->   Operation 162 'select' 'select_ln340_6' <Predicate = true> <Delay = 0.00> <Core = "Sel">   --->   Core 26 'Sel' <Latency = 0> <II = 1> <Delay = 1.24> <FuncUnit> <Opcode : 'select'> <InPorts = 3> <OutPorts = 1>
ST_2 : Operation 163 [1/1] (1.24ns) (out node of the LUT)   --->   "%select_ln1494_16 = select i1 %icmp_ln1494_6, i8 %select_ln340_6, i8 0" [firmware/nnet_utils/nnet_activation.h:45]   --->   Operation 163 'select' 'select_ln1494_16' <Predicate = true> <Delay = 1.24> <Core = "Sel">   --->   Core 26 'Sel' <Latency = 0> <II = 1> <Delay = 1.24> <FuncUnit> <Opcode : 'select'> <InPorts = 3> <OutPorts = 1>
ST_2 : Operation 164 [1/1] (2.43ns)   --->   "%icmp_ln1494_7 = icmp sgt i17 %data_7_V_read_2, 0" [firmware/nnet_utils/nnet_activation.h:45]   --->   Operation 164 'icmp' 'icmp_ln1494_7' <Predicate = true> <Delay = 2.43> <Core = "Cmp">   --->   Core 25 'Cmp' <Latency = 0> <II = 1> <Delay = 1.30> <FuncUnit> <Opcode : 'icmp'> <InPorts = 2> <OutPorts = 1>
ST_2 : Operation 165 [1/1] (0.00ns) (grouped into LUT with out node select_ln1494_17)   --->   "%tmp_92 = call i1 @_ssdm_op_BitSelect.i1.i17.i32(i17 %data_7_V_read_2, i32 12)" [firmware/nnet_utils/nnet_activation.h:46]   --->   Operation 165 'bitselect' 'tmp_92' <Predicate = true> <Delay = 0.00>
ST_2 : Operation 166 [1/1] (0.00ns) (grouped into LUT with out node select_ln1494_17)   --->   "%tmp_94 = call i1 @_ssdm_op_BitSelect.i1.i8.i32(i8 %add_ln415_17, i32 7)" [firmware/nnet_utils/nnet_activation.h:46]   --->   Operation 166 'bitselect' 'tmp_94' <Predicate = true> <Delay = 0.00>
ST_2 : Operation 167 [1/1] (0.00ns) (grouped into LUT with out node select_ln1494_17)   --->   "%xor_ln416_17 = xor i1 %tmp_94, true" [firmware/nnet_utils/nnet_activation.h:46]   --->   Operation 167 'xor' 'xor_ln416_17' <Predicate = true> <Delay = 0.00> <Core = "LogicGate">   --->   Core 27 'LogicGate' <Latency = 0> <II = 1> <Delay = 0.97> <FuncUnit> <Opcode : 'and' 'or' 'xor'> <InPorts = 2> <OutPorts = 1>
ST_2 : Operation 168 [1/1] (0.00ns) (grouped into LUT with out node select_ln1494_17)   --->   "%and_ln416_17 = and i1 %tmp_92, %xor_ln416_17" [firmware/nnet_utils/nnet_activation.h:46]   --->   Operation 168 'and' 'and_ln416_17' <Predicate = true> <Delay = 0.00> <Core = "LogicGate">   --->   Core 27 'LogicGate' <Latency = 0> <II = 1> <Delay = 0.97> <FuncUnit> <Opcode : 'and' 'or' 'xor'> <InPorts = 2> <OutPorts = 1>
ST_2 : Operation 169 [1/1] (0.00ns) (grouped into LUT with out node select_ln1494_17)   --->   "%select_ln777_17 = select i1 %and_ln416_17, i1 %icmp_ln879_17, i1 %icmp_ln768_17" [firmware/nnet_utils/nnet_activation.h:46]   --->   Operation 169 'select' 'select_ln777_17' <Predicate = true> <Delay = 0.00> <Core = "Sel">   --->   Core 26 'Sel' <Latency = 0> <II = 1> <Delay = 1.24> <FuncUnit> <Opcode : 'select'> <InPorts = 3> <OutPorts = 1>
ST_2 : Operation 170 [1/1] (0.00ns) (grouped into LUT with out node select_ln1494_17)   --->   "%select_ln340_7 = select i1 %select_ln777_17, i8 %add_ln415_17, i8 -1" [firmware/nnet_utils/nnet_activation.h:46]   --->   Operation 170 'select' 'select_ln340_7' <Predicate = true> <Delay = 0.00> <Core = "Sel">   --->   Core 26 'Sel' <Latency = 0> <II = 1> <Delay = 1.24> <FuncUnit> <Opcode : 'select'> <InPorts = 3> <OutPorts = 1>
ST_2 : Operation 171 [1/1] (1.24ns) (out node of the LUT)   --->   "%select_ln1494_17 = select i1 %icmp_ln1494_7, i8 %select_ln340_7, i8 0" [firmware/nnet_utils/nnet_activation.h:45]   --->   Operation 171 'select' 'select_ln1494_17' <Predicate = true> <Delay = 1.24> <Core = "Sel">   --->   Core 26 'Sel' <Latency = 0> <II = 1> <Delay = 1.24> <FuncUnit> <Opcode : 'select'> <InPorts = 3> <OutPorts = 1>
ST_2 : Operation 172 [1/1] (0.00ns)   --->   "%mrv = insertvalue { i8, i8, i8, i8, i8, i8, i8, i8 } undef, i8 %select_ln1494, 0" [firmware/nnet_utils/nnet_activation.h:50]   --->   Operation 172 'insertvalue' 'mrv' <Predicate = true> <Delay = 0.00>
ST_2 : Operation 173 [1/1] (0.00ns)   --->   "%mrv_1 = insertvalue { i8, i8, i8, i8, i8, i8, i8, i8 } %mrv, i8 %select_ln1494_11, 1" [firmware/nnet_utils/nnet_activation.h:50]   --->   Operation 173 'insertvalue' 'mrv_1' <Predicate = true> <Delay = 0.00>
ST_2 : Operation 174 [1/1] (0.00ns)   --->   "%mrv_2 = insertvalue { i8, i8, i8, i8, i8, i8, i8, i8 } %mrv_1, i8 %select_ln1494_12, 2" [firmware/nnet_utils/nnet_activation.h:50]   --->   Operation 174 'insertvalue' 'mrv_2' <Predicate = true> <Delay = 0.00>
ST_2 : Operation 175 [1/1] (0.00ns)   --->   "%mrv_3 = insertvalue { i8, i8, i8, i8, i8, i8, i8, i8 } %mrv_2, i8 %select_ln1494_13, 3" [firmware/nnet_utils/nnet_activation.h:50]   --->   Operation 175 'insertvalue' 'mrv_3' <Predicate = true> <Delay = 0.00>
ST_2 : Operation 176 [1/1] (0.00ns)   --->   "%mrv_4 = insertvalue { i8, i8, i8, i8, i8, i8, i8, i8 } %mrv_3, i8 %select_ln1494_14, 4" [firmware/nnet_utils/nnet_activation.h:50]   --->   Operation 176 'insertvalue' 'mrv_4' <Predicate = true> <Delay = 0.00>
ST_2 : Operation 177 [1/1] (0.00ns)   --->   "%mrv_5 = insertvalue { i8, i8, i8, i8, i8, i8, i8, i8 } %mrv_4, i8 %select_ln1494_15, 5" [firmware/nnet_utils/nnet_activation.h:50]   --->   Operation 177 'insertvalue' 'mrv_5' <Predicate = true> <Delay = 0.00>
ST_2 : Operation 178 [1/1] (0.00ns)   --->   "%mrv_6 = insertvalue { i8, i8, i8, i8, i8, i8, i8, i8 } %mrv_5, i8 %select_ln1494_16, 6" [firmware/nnet_utils/nnet_activation.h:50]   --->   Operation 178 'insertvalue' 'mrv_6' <Predicate = true> <Delay = 0.00>
ST_2 : Operation 179 [1/1] (0.00ns)   --->   "%mrv_7 = insertvalue { i8, i8, i8, i8, i8, i8, i8, i8 } %mrv_6, i8 %select_ln1494_17, 7" [firmware/nnet_utils/nnet_activation.h:50]   --->   Operation 179 'insertvalue' 'mrv_7' <Predicate = true> <Delay = 0.00>
ST_2 : Operation 180 [1/1] (0.00ns)   --->   "ret { i8, i8, i8, i8, i8, i8, i8, i8 } %mrv_7" [firmware/nnet_utils/nnet_activation.h:50]   --->   Operation 180 'ret' <Predicate = true> <Delay = 0.00>


============================================================
+ Verbose Summary: Timing violations
============================================================
Target clock period: 5ns, clock uncertainty: 0.625ns.

 <State 1>: 3.22ns
The critical path consists of the following:
	wire read on port 'data_7_V_read' (firmware/nnet_utils/nnet_activation.h:39) [9]  (0 ns)
	'icmp' operation ('icmp_ln718_10', firmware/nnet_utils/nnet_activation.h:46) [162]  (1.3 ns)
	'or' operation ('or_ln412_17', firmware/nnet_utils/nnet_activation.h:46) [164]  (0 ns)
	'and' operation ('and_ln415_7', firmware/nnet_utils/nnet_activation.h:46) [166]  (0 ns)
	'add' operation ('add_ln415_17', firmware/nnet_utils/nnet_activation.h:46) [168]  (1.92 ns)

 <State 2>: 3.68ns
The critical path consists of the following:
	'icmp' operation ('icmp_ln1494', firmware/nnet_utils/nnet_activation.h:45) [18]  (2.43 ns)
	'select' operation ('res[0].V', firmware/nnet_utils/nnet_activation.h:45) [37]  (1.25 ns)


============================================================
+ Verbose Summary: Binding
============================================================
N/A
* FSMD analyzer results:
  - Output states:
 - Input state : 
  - Chain level:
	State 1
	State 2


============================================================
+ Verbose Summary: Datapath Resource usage 
============================================================
N/A
