

================================================================
== Vivado HLS Report for 'dense_latency_ap_fixed_ap_fixed_37_17_5_3_0_config2_0_0_0_0_0_0_0_0_0'
================================================================
* Date:           Wed May 27 10:11:52 2026

* Version:        2020.1 (Build 2897737 on Wed May 27 20:21:37 MDT 2020)
* Project:        myproject_prj
* Solution:       solution1
* Product family: zynq
* Target device:  xc7z020-clg400-1


================================================================
== Performance Estimates
================================================================
+ Timing: 
    * Summary: 
    +--------+---------+----------+------------+
    |  Clock |  Target | Estimated| Uncertainty|
    +--------+---------+----------+------------+
    |ap_clk  | 5.00 ns | 4.332 ns |   0.62 ns  |
    +--------+---------+----------+------------+

+ Latency: 
    * Summary: 
    +---------+---------+-----------+-----------+-----+-----+----------+
    |  Latency (cycles) |   Latency (absolute)  |  Interval | Pipeline |
    |   min   |   max   |    min    |    max    | min | max |   Type   |
    +---------+---------+-----------+-----------+-----+-----+----------+
    |        6|        6| 30.000 ns | 30.000 ns |    4|    4| function |
    +---------+---------+-----------+-----------+-----+-----+----------+

    + Detail: 
        * Instance: 
        N/A

        * Loop: 
        N/A



================================================================
== Utilization Estimates
================================================================
* Summary: 
+-----------------+---------+-------+--------+-------+-----+
|       Name      | BRAM_18K| DSP48E|   FF   |  LUT  | URAM|
+-----------------+---------+-------+--------+-------+-----+
|DSP              |        -|      -|       -|      -|    -|
|Expression       |        -|      -|       0|   1921|    -|
|FIFO             |        -|      -|       -|      -|    -|
|Instance         |        -|     28|    1876|     56|    -|
|Memory           |        -|      -|       -|      -|    -|
|Multiplexer      |        -|      -|       -|   1317|    -|
|Register         |        -|      -|    2600|      -|    -|
+-----------------+---------+-------+--------+-------+-----+
|Total            |        0|     28|    4476|   3294|    0|
+-----------------+---------+-------+--------+-------+-----+
|Available        |      280|    220|  106400|  53200|    0|
+-----------------+---------+-------+--------+-------+-----+
|Utilization (%)  |        0|     12|       4|      6|    0|
+-----------------+---------+-------+--------+-------+-----+

+ Detail: 
    * Instance: 
    +---------------------------------------+-----------------------------------+---------+-------+----+----+-----+
    |                Instance               |               Module              | BRAM_18K| DSP48E| FF | LUT| URAM|
    +---------------------------------------+-----------------------------------+---------+-------+----+----+-----+
    |myproject_axi_mul_10ns_16s_26_2_1_U6   |myproject_axi_mul_10ns_16s_26_2_1  |        0|      1|  67|   2|    0|
    |myproject_axi_mul_10ns_16s_26_2_1_U25  |myproject_axi_mul_10ns_16s_26_2_1  |        0|      1|  67|   2|    0|
    |myproject_axi_mul_10s_16s_25_2_1_U18   |myproject_axi_mul_10s_16s_25_2_1   |        0|      1|  67|   2|    0|
    |myproject_axi_mul_10s_16s_25_2_1_U21   |myproject_axi_mul_10s_16s_25_2_1   |        0|      1|  67|   2|    0|
    |myproject_axi_mul_10s_16s_25_2_1_U22   |myproject_axi_mul_10s_16s_25_2_1   |        0|      1|  67|   2|    0|
    |myproject_axi_mul_10s_16s_26_2_1_U2    |myproject_axi_mul_10s_16s_26_2_1   |        0|      1|  67|   2|    0|
    |myproject_axi_mul_10s_16s_26_2_1_U10   |myproject_axi_mul_10s_16s_26_2_1   |        0|      1|  67|   2|    0|
    |myproject_axi_mul_10s_16s_26_2_1_U24   |myproject_axi_mul_10s_16s_26_2_1   |        0|      1|  67|   2|    0|
    |myproject_axi_mul_10s_16s_26_2_1_U27   |myproject_axi_mul_10s_16s_26_2_1   |        0|      1|  67|   2|    0|
    |myproject_axi_mul_11ns_16s_26_2_1_U13  |myproject_axi_mul_11ns_16s_26_2_1  |        0|      1|  67|   2|    0|
    |myproject_axi_mul_11s_16s_26_2_1_U3    |myproject_axi_mul_11s_16s_26_2_1   |        0|      1|  67|   2|    0|
    |myproject_axi_mul_11s_16s_26_2_1_U7    |myproject_axi_mul_11s_16s_26_2_1   |        0|      1|  67|   2|    0|
    |myproject_axi_mul_11s_16s_26_2_1_U9    |myproject_axi_mul_11s_16s_26_2_1   |        0|      1|  67|   2|    0|
    |myproject_axi_mul_11s_16s_26_2_1_U11   |myproject_axi_mul_11s_16s_26_2_1   |        0|      1|  67|   2|    0|
    |myproject_axi_mul_11s_16s_26_2_1_U12   |myproject_axi_mul_11s_16s_26_2_1   |        0|      1|  67|   2|    0|
    |myproject_axi_mul_11s_16s_26_2_1_U17   |myproject_axi_mul_11s_16s_26_2_1   |        0|      1|  67|   2|    0|
    |myproject_axi_mul_11s_16s_26_2_1_U19   |myproject_axi_mul_11s_16s_26_2_1   |        0|      1|  67|   2|    0|
    |myproject_axi_mul_11s_16s_26_2_1_U23   |myproject_axi_mul_11s_16s_26_2_1   |        0|      1|  67|   2|    0|
    |myproject_axi_mul_11s_16s_26_2_1_U26   |myproject_axi_mul_11s_16s_26_2_1   |        0|      1|  67|   2|    0|
    |myproject_axi_mul_11s_16s_26_2_1_U28   |myproject_axi_mul_11s_16s_26_2_1   |        0|      1|  67|   2|    0|
    |myproject_axi_mul_12s_16s_26_2_1_U1    |myproject_axi_mul_12s_16s_26_2_1   |        0|      1|  67|   2|    0|
    |myproject_axi_mul_12s_16s_26_2_1_U5    |myproject_axi_mul_12s_16s_26_2_1   |        0|      1|  67|   2|    0|
    |myproject_axi_mul_12s_16s_26_2_1_U8    |myproject_axi_mul_12s_16s_26_2_1   |        0|      1|  67|   2|    0|
    |myproject_axi_mul_14s_16s_26_2_1_U14   |myproject_axi_mul_14s_16s_26_2_1   |        0|      1|  67|   2|    0|
    |myproject_axi_mul_9ns_16s_25_2_1_U4    |myproject_axi_mul_9ns_16s_25_2_1   |        0|      1|  67|   2|    0|
    |myproject_axi_mul_9s_16s_25_2_1_U15    |myproject_axi_mul_9s_16s_25_2_1    |        0|      1|  67|   2|    0|
    |myproject_axi_mul_9s_16s_25_2_1_U16    |myproject_axi_mul_9s_16s_25_2_1    |        0|      1|  67|   2|    0|
    |myproject_axi_mul_9s_16s_25_2_1_U20    |myproject_axi_mul_9s_16s_25_2_1    |        0|      1|  67|   2|    0|
    +---------------------------------------+-----------------------------------+---------+-------+----+----+-----+
    |Total                                  |                                   |        0|     28|1876|  56|    0|
    +---------------------------------------+-----------------------------------+---------+-------+----+----+-----+

    * DSP48E: 
    N/A

    * Memory: 
    N/A

    * FIFO: 
    N/A

    * Expression: 
    +-----------------------------+----------+-------+---+----+------------+------------+
    |        Variable Name        | Operation| DSP48E| FF| LUT| Bitwidth P0| Bitwidth P1|
    +-----------------------------+----------+-------+---+----+------------+------------+
    |acc_1_V_fu_8390_p2           |     +    |      0|  0|   8|          16|          16|
    |acc_2_V_fu_8399_p2           |     +    |      0|  0|   8|          16|          16|
    |acc_3_V_fu_8408_p2           |     +    |      0|  0|   8|          16|          16|
    |acc_4_V_fu_8417_p2           |     +    |      0|  0|   8|          16|          16|
    |acc_5_V_fu_8426_p2           |     +    |      0|  0|   8|          16|          16|
    |acc_6_V_fu_8435_p2           |     +    |      0|  0|   8|          16|          16|
    |acc_7_V_fu_8444_p2           |     +    |      0|  0|   8|          16|          16|
    |add_ln1118_1_fu_6736_p2      |     +    |      0|  0|  27|          20|          20|
    |add_ln1118_2_fu_6787_p2      |     +    |      0|  0|  28|          21|          21|
    |add_ln1118_3_fu_6829_p2      |     +    |      0|  0|  29|          22|          22|
    |add_ln1118_fu_6220_p2        |     +    |      0|  0|  29|          22|          22|
    |add_ln703_100_fu_7871_p2     |     +    |      0|  0|  21|          15|          15|
    |add_ln703_101_fu_7877_p2     |     +    |      0|  0|  23|          16|          16|
    |add_ln703_102_fu_8232_p2     |     +    |      0|  0|   8|          16|          16|
    |add_ln703_103_fu_8237_p2     |     +    |      0|  0|   8|          16|          16|
    |add_ln703_104_fu_7883_p2     |     +    |      0|  0|  23|          16|          16|
    |add_ln703_105_fu_8242_p2     |     +    |      0|  0|   8|          16|          16|
    |add_ln703_106_fu_8248_p2     |     +    |      0|  0|   8|          16|          16|
    |add_ln703_107_fu_8253_p2     |     +    |      0|  0|  23|          16|          16|
    |add_ln703_108_fu_8366_p2     |     +    |      0|  0|   8|           5|          16|
    |add_ln703_109_fu_8372_p2     |     +    |      0|  0|   8|          16|          16|
    |add_ln703_10_fu_8057_p2      |     +    |      0|  0|  13|          10|          11|
    |add_ln703_110_fu_8440_p2     |     +    |      0|  0|   8|          16|          16|
    |add_ln703_11_fu_8288_p2      |     +    |      0|  0|   8|          16|          16|
    |add_ln703_12_fu_8377_p2      |     +    |      0|  0|   8|          16|          16|
    |add_ln703_14_fu_6407_p2      |     +    |      0|  0|  21|          15|          15|
    |add_ln703_15_fu_7218_p2      |     +    |      0|  0|  23|          16|          16|
    |add_ln703_16_fu_7786_p2      |     +    |      0|  0|  23|          16|          16|
    |add_ln703_17_fu_7223_p2      |     +    |      0|  0|  23|          16|          16|
    |add_ln703_18_fu_8063_p2      |     +    |      0|  0|   8|          16|          16|
    |add_ln703_19_fu_8067_p2      |     +    |      0|  0|   8|          16|          16|
    |add_ln703_1_fu_7209_p2       |     +    |      0|  0|  23|          16|          16|
    |add_ln703_20_fu_7792_p2      |     +    |      0|  0|  23|          16|          16|
    |add_ln703_21_fu_8072_p2      |     +    |      0|  0|   8|          16|          16|
    |add_ln703_22_fu_8078_p2      |     +    |      0|  0|   8|          16|          16|
    |add_ln703_23_fu_8083_p2      |     +    |      0|  0|  23|          16|          16|
    |add_ln703_24_fu_8294_p2      |     +    |      0|  0|   8|          11|          16|
    |add_ln703_25_fu_8299_p2      |     +    |      0|  0|   8|          16|          16|
    |add_ln703_26_fu_8386_p2      |     +    |      0|  0|   8|          16|          16|
    |add_ln703_28_fu_7229_p2      |     +    |      0|  0|   8|          16|          16|
    |add_ln703_29_fu_7234_p2      |     +    |      0|  0|   8|          16|          16|
    |add_ln703_2_fu_7774_p2       |     +    |      0|  0|  23|          16|          16|
    |add_ln703_30_fu_7798_p2      |     +    |      0|  0|  23|          16|          16|
    |add_ln703_31_fu_7803_p2      |     +    |      0|  0|  21|          15|          15|
    |add_ln703_32_fu_8091_p2      |     +    |      0|  0|   8|          16|          16|
    |add_ln703_33_fu_8096_p2      |     +    |      0|  0|   8|          16|          16|
    |add_ln703_34_fu_7809_p2      |     +    |      0|  0|  23|          16|          16|
    |add_ln703_35_fu_8101_p2      |     +    |      0|  0|   8|          16|          16|
    |add_ln703_36_fu_8107_p2      |     +    |      0|  0|   8|          16|          16|
    |add_ln703_37_fu_8112_p2      |     +    |      0|  0|  23|          16|          16|
    |add_ln703_38_fu_8304_p2      |     +    |      0|  0|   8|           9|          16|
    |add_ln703_39_fu_8310_p2      |     +    |      0|  0|   8|          16|          16|
    |add_ln703_3_fu_7780_p2       |     +    |      0|  0|  23|          16|          16|
    |add_ln703_40_fu_8395_p2      |     +    |      0|  0|   8|          16|          16|
    |add_ln703_42_fu_7240_p2      |     +    |      0|  0|   8|          16|          16|
    |add_ln703_43_fu_7246_p2      |     +    |      0|  0|   8|          16|          16|
    |add_ln703_44_fu_7814_p2      |     +    |      0|  0|  23|          16|          16|
    |add_ln703_45_fu_7820_p2      |     +    |      0|  0|  23|          16|          16|
    |add_ln703_46_fu_8117_p2      |     +    |      0|  0|   8|          16|          16|
    |add_ln703_47_fu_8121_p2      |     +    |      0|  0|   8|          16|          16|
    |add_ln703_48_fu_7825_p2      |     +    |      0|  0|  23|          16|          16|
    |add_ln703_49_fu_8126_p2      |     +    |      0|  0|   8|          16|          16|
    |add_ln703_4_fu_8022_p2       |     +    |      0|  0|   8|          16|          16|
    |add_ln703_50_fu_8131_p2      |     +    |      0|  0|   8|          16|          16|
    |add_ln703_51_fu_8315_p2      |     +    |      0|  0|   8|          16|          16|
    |add_ln703_52_fu_8136_p2      |     +    |      0|  0|  13|          11|          11|
    |add_ln703_53_fu_8323_p2      |     +    |      0|  0|   8|          16|          16|
    |add_ln703_54_fu_8404_p2      |     +    |      0|  0|   8|          16|          16|
    |add_ln703_56_fu_7252_p2      |     +    |      0|  0|   8|          16|          16|
    |add_ln703_57_fu_7257_p2      |     +    |      0|  0|   8|          16|          16|
    |add_ln703_58_fu_7831_p2      |     +    |      0|  0|  23|          16|          16|
    |add_ln703_59_fu_7837_p2      |     +    |      0|  0|  19|          14|          14|
    |add_ln703_5_fu_8026_p2       |     +    |      0|  0|   8|          16|          16|
    |add_ln703_60_fu_8145_p2      |     +    |      0|  0|   8|          16|          16|
    |add_ln703_61_fu_8150_p2      |     +    |      0|  0|   8|          16|          16|
    |add_ln703_62_fu_7843_p2      |     +    |      0|  0|  23|          16|          16|
    |add_ln703_63_fu_8155_p2      |     +    |      0|  0|   8|          16|          16|
    |add_ln703_64_fu_8161_p2      |     +    |      0|  0|   8|          16|          16|
    |add_ln703_65_fu_8329_p2      |     +    |      0|  0|   8|          16|          16|
    |add_ln703_66_fu_8166_p2      |     +    |      0|  0|  21|          11|          15|
    |add_ln703_67_fu_8338_p2      |     +    |      0|  0|   8|          16|          16|
    |add_ln703_68_fu_8413_p2      |     +    |      0|  0|   8|          16|          16|
    |add_ln703_6_fu_8031_p2       |     +    |      0|  0|  21|          15|          15|
    |add_ln703_70_fu_7263_p2      |     +    |      0|  0|   8|          16|          16|
    |add_ln703_71_fu_7269_p2      |     +    |      0|  0|   8|          16|          16|
    |add_ln703_72_fu_7275_p2      |     +    |      0|  0|  23|          16|          16|
    |add_ln703_73_fu_7849_p2      |     +    |      0|  0|  21|          15|          15|
    |add_ln703_74_fu_8175_p2      |     +    |      0|  0|   8|          16|          16|
    |add_ln703_75_fu_8180_p2      |     +    |      0|  0|   8|          16|          16|
    |add_ln703_76_fu_7855_p2      |     +    |      0|  0|  23|          16|          16|
    |add_ln703_77_fu_8185_p2      |     +    |      0|  0|   8|          16|          16|
    |add_ln703_78_fu_8190_p2      |     +    |      0|  0|   8|          16|          16|
    |add_ln703_79_fu_8195_p2      |     +    |      0|  0|  23|          16|          16|
    |add_ln703_7_fu_8041_p2       |     +    |      0|  0|  21|          15|          15|
    |add_ln703_80_fu_8344_p2      |     +    |      0|  0|   8|          11|          16|
    |add_ln703_81_fu_8350_p2      |     +    |      0|  0|   8|          16|          16|
    |add_ln703_82_fu_8422_p2      |     +    |      0|  0|   8|          16|          16|
    |add_ln703_84_fu_7281_p2      |     +    |      0|  0|   8|          16|          16|
    |add_ln703_85_fu_7287_p2      |     +    |      0|  0|   8|          16|          16|
    |add_ln703_86_fu_7293_p2      |     +    |      0|  0|  23|          16|          16|
    |add_ln703_87_fu_7859_p2      |     +    |      0|  0|  23|          16|          16|
    |add_ln703_88_fu_8201_p2      |     +    |      0|  0|   8|          16|          16|
    |add_ln703_89_fu_8205_p2      |     +    |      0|  0|   8|          16|          16|
    |add_ln703_8_fu_8051_p2       |     +    |      0|  0|  23|          16|          16|
    |add_ln703_90_fu_7865_p2      |     +    |      0|  0|  21|          15|          15|
    |add_ln703_91_fu_8213_p2      |     +    |      0|  0|   8|          16|          16|
    |add_ln703_92_fu_8218_p2      |     +    |      0|  0|   8|          16|          16|
    |add_ln703_93_fu_8224_p2      |     +    |      0|  0|  23|          16|          16|
    |add_ln703_94_fu_8355_p2      |     +    |      0|  0|   8|           3|          16|
    |add_ln703_95_fu_8361_p2      |     +    |      0|  0|   8|          16|          16|
    |add_ln703_96_fu_8431_p2      |     +    |      0|  0|   8|          16|          16|
    |add_ln703_98_fu_7299_p2      |     +    |      0|  0|   8|          16|          16|
    |add_ln703_99_fu_7304_p2      |     +    |      0|  0|   8|          16|          16|
    |add_ln703_9_fu_8280_p2       |     +    |      0|  0|   8|          16|          16|
    |add_ln703_fu_7199_p2         |     +    |      0|  0|  21|          15|          15|
    |p_Val2_s_fu_8381_p2          |     +    |      0|  0|   8|          16|          16|
    |sub_ln1118_10_fu_7431_p2     |     -    |      0|  0|  30|           1|          23|
    |sub_ln1118_11_fu_6614_p2     |     -    |      0|  0|   8|           1|          24|
    |sub_ln1118_12_fu_6620_p2     |     -    |      0|  0|   8|          24|          24|
    |sub_ln1118_13_fu_7604_p2     |     -    |      0|  0|   8|           1|          26|
    |sub_ln1118_14_fu_7621_p2     |     -    |      0|  0|   8|          26|          26|
    |sub_ln1118_15_fu_7669_p2     |     -    |      0|  0|  29|          22|          22|
    |sub_ln1118_16_fu_7748_p2     |     -    |      0|  0|  27|          20|          20|
    |sub_ln1118_1_fu_6252_p2      |     -    |      0|  0|  29|          22|          22|
    |sub_ln1118_2_fu_6767_p2      |     -    |      0|  0|  28|           1|          21|
    |sub_ln1118_3_fu_6860_p2      |     -    |      0|  0|  28|           1|          21|
    |sub_ln1118_4_fu_6897_p2      |     -    |      0|  0|   8|           1|          20|
    |sub_ln1118_5_fu_6903_p2      |     -    |      0|  0|   8|          20|          20|
    |sub_ln1118_6_fu_6971_p2      |     -    |      0|  0|  32|          25|          25|
    |sub_ln1118_7_fu_7023_p2      |     -    |      0|  0|  33|          26|          26|
    |sub_ln1118_8_fu_7408_p2      |     -    |      0|  0|  30|          23|          23|
    |sub_ln1118_9_fu_7091_p2      |     -    |      0|  0|  33|          26|          26|
    |sub_ln1118_fu_6156_p2        |     -    |      0|  0|  31|          24|          24|
    |ap_block_pp0_stage0_11001    |    and   |      0|  0|   2|           1|           1|
    |ap_block_pp0_stage0_subdone  |    or    |      0|  0|   2|           1|           1|
    |ap_enable_pp0                |    xor   |      0|  0|   2|           1|           2|
    +-----------------------------+----------+-------+---+----+------------+------------+
    |Total                        |          |      0|  0|1921|        2077|        2253|
    +-----------------------------+----------+-------+---+----+------------+------------+

    * Multiplexer: 
    +-------------------------+----+-----------+-----+-----------+
    |           Name          | LUT| Input Size| Bits| Total Bits|
    +-------------------------+----+-----------+-----+-----------+
    |ap_NS_fsm                |  27|          5|    1|          5|
    |ap_enable_reg_pp0_iter0  |   9|          2|    1|          2|
    |ap_enable_reg_pp0_iter1  |   9|          2|    1|          2|
    |grp_fu_362_p0            |  21|          4|   12|         48|
    |grp_fu_362_p1            |  21|          4|   16|         64|
    |grp_fu_363_p0            |  21|          4|   10|         40|
    |grp_fu_363_p1            |  21|          4|   16|         64|
    |grp_fu_364_p0            |  21|          4|   11|         44|
    |grp_fu_364_p1            |  21|          4|   16|         64|
    |grp_fu_365_p0            |  21|          4|    9|         36|
    |grp_fu_365_p1            |  21|          4|   16|         64|
    |grp_fu_366_p0            |  21|          4|   12|         48|
    |grp_fu_366_p1            |  21|          4|   16|         64|
    |grp_fu_367_p0            |  21|          4|   10|         40|
    |grp_fu_367_p1            |  21|          4|   16|         64|
    |grp_fu_368_p0            |  21|          4|   11|         44|
    |grp_fu_368_p1            |  21|          4|   16|         64|
    |grp_fu_369_p0            |  27|          5|   12|         60|
    |grp_fu_369_p1            |  27|          5|   16|         80|
    |grp_fu_370_p0            |  21|          4|   11|         44|
    |grp_fu_370_p1            |  21|          4|   16|         64|
    |grp_fu_371_p0            |  27|          5|   10|         50|
    |grp_fu_371_p1            |  27|          5|   16|         80|
    |grp_fu_372_p0            |  21|          4|   11|         44|
    |grp_fu_372_p1            |  21|          4|   16|         64|
    |grp_fu_373_p0            |  21|          4|   11|         44|
    |grp_fu_373_p1            |  21|          4|   16|         64|
    |grp_fu_374_p0            |  21|          4|   11|         44|
    |grp_fu_374_p1            |  21|          4|   16|         64|
    |grp_fu_375_p0            |  27|          5|   14|         70|
    |grp_fu_375_p1            |  27|          5|   16|         80|
    |grp_fu_376_p0            |  21|          4|    9|         36|
    |grp_fu_376_p1            |  27|          5|   16|         80|
    |grp_fu_377_p0            |  21|          4|    9|         36|
    |grp_fu_377_p1            |  21|          4|   16|         64|
    |grp_fu_378_p0            |  27|          5|   11|         55|
    |grp_fu_378_p1            |  27|          5|   16|         80|
    |grp_fu_379_p0            |  21|          4|   10|         40|
    |grp_fu_379_p1            |  21|          4|   16|         64|
    |grp_fu_380_p0            |  21|          4|   11|         44|
    |grp_fu_380_p1            |  27|          5|   16|         80|
    |grp_fu_381_p0            |  21|          4|    9|         36|
    |grp_fu_381_p1            |  21|          4|   16|         64|
    |grp_fu_382_p0            |  27|          5|   10|         50|
    |grp_fu_382_p1            |  27|          5|   16|         80|
    |grp_fu_383_p0            |  21|          4|   10|         40|
    |grp_fu_383_p1            |  21|          4|   16|         64|
    |grp_fu_384_p0            |  27|          5|   11|         55|
    |grp_fu_384_p1            |  27|          5|   16|         80|
    |grp_fu_385_p0            |  21|          4|   10|         40|
    |grp_fu_385_p1            |  21|          4|   16|         64|
    |grp_fu_386_p0            |  21|          4|   10|         40|
    |grp_fu_386_p1            |  21|          4|   16|         64|
    |grp_fu_387_p0            |  27|          5|   11|         55|
    |grp_fu_387_p1            |  27|          5|   16|         80|
    |grp_fu_388_p0            |  21|          4|   10|         40|
    |grp_fu_388_p1            |  21|          4|   16|         64|
    |grp_fu_389_p0            |  21|          4|   11|         44|
    |grp_fu_389_p1            |  21|          4|   16|         64|
    +-------------------------+----+-----------+-----+-----------+
    |Total                    |1317|        249|  748|       3212|
    +-------------------------+----+-----------+-----+-----------+

    * Register: 
    +-----------------------------+----+----+-----+-----------+
    |             Name            | FF | LUT| Bits| Const Bits|
    +-----------------------------+----+----+-----+-----------+
    |add_ln703_100_reg_9398       |  15|   0|   15|          0|
    |add_ln703_101_reg_9403       |  16|   0|   16|          0|
    |add_ln703_103_reg_9553       |  16|   0|   16|          0|
    |add_ln703_104_reg_9408       |  16|   0|   16|          0|
    |add_ln703_106_reg_9558       |  16|   0|   16|          0|
    |add_ln703_107_reg_9563       |  16|   0|   16|          0|
    |add_ln703_109_reg_9603       |  16|   0|   16|          0|
    |add_ln703_10_reg_9458        |  11|   0|   11|          0|
    |add_ln703_11_reg_9568        |  16|   0|   16|          0|
    |add_ln703_14_reg_8780        |  15|   0|   15|          0|
    |add_ln703_15_reg_9145        |  16|   0|   16|          0|
    |add_ln703_16_reg_9323        |  16|   0|   16|          0|
    |add_ln703_17_reg_9150        |  16|   0|   16|          0|
    |add_ln703_19_reg_9463        |  16|   0|   16|          0|
    |add_ln703_1_reg_9140         |  16|   0|   16|          0|
    |add_ln703_20_reg_9328        |  16|   0|   16|          0|
    |add_ln703_22_reg_9468        |  16|   0|   16|          0|
    |add_ln703_23_reg_9473        |  16|   0|   16|          0|
    |add_ln703_25_reg_9573        |  16|   0|   16|          0|
    |add_ln703_29_reg_9155        |  16|   0|   16|          0|
    |add_ln703_2_reg_9313         |  16|   0|   16|          0|
    |add_ln703_30_reg_9333        |  16|   0|   16|          0|
    |add_ln703_31_reg_9338        |  15|   0|   15|          0|
    |add_ln703_33_reg_9478        |  16|   0|   16|          0|
    |add_ln703_34_reg_9343        |  16|   0|   16|          0|
    |add_ln703_36_reg_9483        |  16|   0|   16|          0|
    |add_ln703_37_reg_9488        |  16|   0|   16|          0|
    |add_ln703_39_reg_9578        |  16|   0|   16|          0|
    |add_ln703_3_reg_9318         |  16|   0|   16|          0|
    |add_ln703_43_reg_9160        |  16|   0|   16|          0|
    |add_ln703_44_reg_9348        |  16|   0|   16|          0|
    |add_ln703_45_reg_9353        |  16|   0|   16|          0|
    |add_ln703_47_reg_9493        |  16|   0|   16|          0|
    |add_ln703_48_reg_9358        |  16|   0|   16|          0|
    |add_ln703_50_reg_9498        |  16|   0|   16|          0|
    |add_ln703_52_reg_9503        |  11|   0|   11|          0|
    |add_ln703_53_reg_9583        |  16|   0|   16|          0|
    |add_ln703_57_reg_9165        |  16|   0|   16|          0|
    |add_ln703_58_reg_9363        |  16|   0|   16|          0|
    |add_ln703_59_reg_9368        |  14|   0|   14|          0|
    |add_ln703_5_reg_9448         |  16|   0|   16|          0|
    |add_ln703_61_reg_9508        |  16|   0|   16|          0|
    |add_ln703_62_reg_9373        |  16|   0|   16|          0|
    |add_ln703_64_reg_9513        |  16|   0|   16|          0|
    |add_ln703_66_reg_9518        |  15|   0|   15|          0|
    |add_ln703_67_reg_9588        |  16|   0|   16|          0|
    |add_ln703_71_reg_9170        |  16|   0|   16|          0|
    |add_ln703_72_reg_9175        |  16|   0|   16|          0|
    |add_ln703_73_reg_9378        |  15|   0|   15|          0|
    |add_ln703_75_reg_9523        |  16|   0|   16|          0|
    |add_ln703_76_reg_9383        |  16|   0|   16|          0|
    |add_ln703_78_reg_9528        |  16|   0|   16|          0|
    |add_ln703_79_reg_9533        |  16|   0|   16|          0|
    |add_ln703_81_reg_9593        |  16|   0|   16|          0|
    |add_ln703_85_reg_9180        |  16|   0|   16|          0|
    |add_ln703_86_reg_9185        |  16|   0|   16|          0|
    |add_ln703_87_reg_9388        |  16|   0|   16|          0|
    |add_ln703_89_reg_9538        |  16|   0|   16|          0|
    |add_ln703_8_reg_9453         |  16|   0|   16|          0|
    |add_ln703_90_reg_9393        |  15|   0|   15|          0|
    |add_ln703_92_reg_9543        |  16|   0|   16|          0|
    |add_ln703_93_reg_9548        |  16|   0|   16|          0|
    |add_ln703_95_reg_9598        |  16|   0|   16|          0|
    |add_ln703_99_reg_9190        |  16|   0|   16|          0|
    |ap_CS_fsm                    |   4|   0|    4|          0|
    |ap_enable_reg_pp0_iter0_reg  |   1|   0|    1|          0|
    |ap_enable_reg_pp0_iter1      |   1|   0|    1|          0|
    |reg_5999                     |  16|   0|   16|          0|
    |reg_6003                     |  16|   0|   16|          0|
    |reg_6007                     |  12|   0|   12|          0|
    |reg_6011                     |  14|   0|   14|          0|
    |reg_6015                     |  14|   0|   14|          0|
    |reg_6019                     |  16|   0|   16|          0|
    |reg_6023                     |  14|   0|   14|          0|
    |reg_6027                     |  14|   0|   14|          0|
    |reg_6031                     |  15|   0|   15|          0|
    |reg_6035                     |  14|   0|   14|          0|
    |reg_6039                     |  15|   0|   15|          0|
    |reg_6043                     |  16|   0|   16|          0|
    |reg_6047                     |  14|   0|   14|          0|
    |reg_6051                     |  16|   0|   16|          0|
    |reg_6055                     |  16|   0|   16|          0|
    |reg_6059                     |  16|   0|   16|          0|
    |reg_6063                     |  15|   0|   15|          0|
    |reg_6067                     |  15|   0|   15|          0|
    |sext_ln1118_17_reg_8669      |  24|   0|   24|          0|
    |sext_ln1118_43_reg_8911      |  24|   0|   24|          0|
    |sext_ln1118_51_reg_8936      |  24|   0|   24|          0|
    |sext_ln1118_55_reg_8947      |  24|   0|   24|          0|
    |sext_ln1118_60_reg_8956      |  26|   0|   26|          0|
    |sext_ln1118_67_reg_9120      |  25|   0|   25|          0|
    |sext_ln1118_68_reg_9125      |  26|   0|   26|          0|
    |sext_ln1118_69_reg_9134      |  24|   0|   24|          0|
    |tmp_10_reg_8754              |  16|   0|   16|          0|
    |tmp_11_reg_8764              |  16|   0|   16|          0|
    |tmp_12_reg_8771              |  16|   0|   16|          0|
    |tmp_17_reg_8969              |  11|   0|   11|          0|
    |tmp_18_reg_8974              |  11|   0|   11|          0|
    |tmp_19_reg_8979              |  12|   0|   12|          0|
    |tmp_20_reg_8984              |  10|   0|   10|          0|
    |tmp_21_reg_9004              |  14|   0|   14|          0|
    |tmp_22_reg_9014              |  13|   0|   13|          0|
    |tmp_23_reg_9019              |  14|   0|   14|          0|
    |tmp_24_reg_9195              |  14|   0|   14|          0|
    |tmp_27_reg_9059              |  14|   0|   14|          0|
    |tmp_28_reg_9200              |  14|   0|   14|          0|
    |tmp_29_reg_9225              |  14|   0|   14|          0|
    |tmp_30_reg_9303              |  10|   0|   10|          0|
    |tmp_31_reg_9308              |  14|   0|   14|          0|
    |tmp_4_reg_8683               |  16|   0|   16|          0|
    |tmp_5_reg_8693               |  16|   0|   16|          0|
    |tmp_6_reg_8709               |  16|   0|   16|          0|
    |tmp_7_reg_8720               |  16|   0|   16|          0|
    |tmp_8_reg_8731               |  16|   0|   16|          0|
    |tmp_9_reg_8739               |  16|   0|   16|          0|
    |tmp_reg_8800                 |  12|   0|   12|          0|
    |tmp_s_reg_8746               |  16|   0|   16|          0|
    |trunc_ln708_10_reg_8815      |  15|   0|   15|          0|
    |trunc_ln708_11_reg_8820      |  15|   0|   15|          0|
    |trunc_ln708_13_reg_8658      |  12|   0|   12|          0|
    |trunc_ln708_14_reg_8825      |  14|   0|   14|          0|
    |trunc_ln708_18_reg_8830      |  16|   0|   16|          0|
    |trunc_ln708_20_reg_8835      |  14|   0|   14|          0|
    |trunc_ln708_21_reg_8840      |  16|   0|   16|          0|
    |trunc_ln708_23_reg_8845      |  15|   0|   15|          0|
    |trunc_ln708_24_reg_8850      |  15|   0|   15|          0|
    |trunc_ln708_26_reg_8964      |  13|   0|   13|          0|
    |trunc_ln708_2_reg_8795       |  14|   0|   14|          0|
    |trunc_ln708_35_reg_8704      |   8|   0|    8|          0|
    |trunc_ln708_36_reg_8989      |  15|   0|   15|          0|
    |trunc_ln708_37_reg_8994      |  15|   0|   15|          0|
    |trunc_ln708_38_reg_8999      |  15|   0|   15|          0|
    |trunc_ln708_40_reg_9009      |  16|   0|   16|          0|
    |trunc_ln708_42_reg_9024      |  14|   0|   14|          0|
    |trunc_ln708_46_reg_9029      |  15|   0|   15|          0|
    |trunc_ln708_47_reg_9034      |  16|   0|   16|          0|
    |trunc_ln708_48_reg_9039      |  14|   0|   14|          0|
    |trunc_ln708_50_reg_9044      |  16|   0|   16|          0|
    |trunc_ln708_51_reg_9049      |  15|   0|   15|          0|
    |trunc_ln708_52_reg_8942      |  14|   0|   14|          0|
    |trunc_ln708_53_reg_9054      |  16|   0|   16|          0|
    |trunc_ln708_54_reg_9064      |  15|   0|   15|          0|
    |trunc_ln708_55_reg_9205      |  15|   0|   15|          0|
    |trunc_ln708_56_reg_9210      |  14|   0|   14|          0|
    |trunc_ln708_57_reg_9080      |  14|   0|   14|          0|
    |trunc_ln708_59_reg_9215      |  16|   0|   16|          0|
    |trunc_ln708_61_reg_9220      |  14|   0|   14|          0|
    |trunc_ln708_63_reg_9230      |  15|   0|   15|          0|
    |trunc_ln708_64_reg_9235      |  13|   0|   13|          0|
    |trunc_ln708_65_reg_9240      |  14|   0|   14|          0|
    |trunc_ln708_66_reg_9245      |  15|   0|   15|          0|
    |trunc_ln708_67_reg_9250      |  16|   0|   16|          0|
    |trunc_ln708_69_reg_9255      |  16|   0|   16|          0|
    |trunc_ln708_6_reg_8810       |  16|   0|   16|          0|
    |trunc_ln708_71_reg_9260      |  16|   0|   16|          0|
    |trunc_ln708_72_reg_9265      |  16|   0|   16|          0|
    |trunc_ln708_73_reg_9270      |  12|   0|   12|          0|
    |trunc_ln708_78_reg_9275      |  16|   0|   16|          0|
    |trunc_ln708_7_reg_8805       |  16|   0|   16|          0|
    |trunc_ln708_80_reg_9413      |  16|   0|   16|          0|
    |trunc_ln708_83_reg_9280      |  16|   0|   16|          0|
    |trunc_ln708_84_reg_9285      |  16|   0|   16|          0|
    |trunc_ln708_85_reg_9418      |  16|   0|   16|          0|
    |trunc_ln708_86_reg_9423      |  15|   0|   15|          0|
    |trunc_ln708_87_reg_9428      |  14|   0|   14|          0|
    |trunc_ln708_88_reg_9433      |  15|   0|   15|          0|
    |trunc_ln708_89_reg_9438      |  15|   0|   15|          0|
    |trunc_ln708_8_reg_8790       |  16|   0|   16|          0|
    |trunc_ln708_90_reg_9443      |  15|   0|   15|          0|
    |trunc_ln_reg_8785            |  15|   0|   15|          0|
    +-----------------------------+----+----+-----+-----------+
    |Total                        |2600|   0| 2600|          0|
    +-----------------------------+----+----+-----+-----------+



================================================================
== Interface
================================================================
* Summary: 
+-------------+-----+-----+------------+-------------------------------------------------------------------------+--------------+
|  RTL Ports  | Dir | Bits|  Protocol  |                              Source Object                              |    C Type    |
+-------------+-----+-----+------------+-------------------------------------------------------------------------+--------------+
|ap_clk       |  in |    1| ap_ctrl_hs | dense_latency<ap_fixed,ap_fixed<37,17,5,3,0>,config2>.0.0.0.0.0.0.0.0.0 | return value |
|ap_rst       |  in |    1| ap_ctrl_hs | dense_latency<ap_fixed,ap_fixed<37,17,5,3,0>,config2>.0.0.0.0.0.0.0.0.0 | return value |
|ap_start     |  in |    1| ap_ctrl_hs | dense_latency<ap_fixed,ap_fixed<37,17,5,3,0>,config2>.0.0.0.0.0.0.0.0.0 | return value |
|ap_done      | out |    1| ap_ctrl_hs | dense_latency<ap_fixed,ap_fixed<37,17,5,3,0>,config2>.0.0.0.0.0.0.0.0.0 | return value |
|ap_idle      | out |    1| ap_ctrl_hs | dense_latency<ap_fixed,ap_fixed<37,17,5,3,0>,config2>.0.0.0.0.0.0.0.0.0 | return value |
|ap_ready     | out |    1| ap_ctrl_hs | dense_latency<ap_fixed,ap_fixed<37,17,5,3,0>,config2>.0.0.0.0.0.0.0.0.0 | return value |
|ap_ce        |  in |    1| ap_ctrl_hs | dense_latency<ap_fixed,ap_fixed<37,17,5,3,0>,config2>.0.0.0.0.0.0.0.0.0 | return value |
|ap_return_0  | out |   37| ap_ctrl_hs | dense_latency<ap_fixed,ap_fixed<37,17,5,3,0>,config2>.0.0.0.0.0.0.0.0.0 | return value |
|ap_return_1  | out |   37| ap_ctrl_hs | dense_latency<ap_fixed,ap_fixed<37,17,5,3,0>,config2>.0.0.0.0.0.0.0.0.0 | return value |
|ap_return_2  | out |   37| ap_ctrl_hs | dense_latency<ap_fixed,ap_fixed<37,17,5,3,0>,config2>.0.0.0.0.0.0.0.0.0 | return value |
|ap_return_3  | out |   37| ap_ctrl_hs | dense_latency<ap_fixed,ap_fixed<37,17,5,3,0>,config2>.0.0.0.0.0.0.0.0.0 | return value |
|ap_return_4  | out |   37| ap_ctrl_hs | dense_latency<ap_fixed,ap_fixed<37,17,5,3,0>,config2>.0.0.0.0.0.0.0.0.0 | return value |
|ap_return_5  | out |   37| ap_ctrl_hs | dense_latency<ap_fixed,ap_fixed<37,17,5,3,0>,config2>.0.0.0.0.0.0.0.0.0 | return value |
|ap_return_6  | out |   37| ap_ctrl_hs | dense_latency<ap_fixed,ap_fixed<37,17,5,3,0>,config2>.0.0.0.0.0.0.0.0.0 | return value |
|ap_return_7  | out |   37| ap_ctrl_hs | dense_latency<ap_fixed,ap_fixed<37,17,5,3,0>,config2>.0.0.0.0.0.0.0.0.0 | return value |
|data_V_read  |  in |  224|   ap_none  |                               data_V_read                               |    scalar    |
+-------------+-----+-----+------------+-------------------------------------------------------------------------+--------------+

