

================================================================
== Vivado HLS Report for 'dense_latency_ap_fixed_ap_fixed_35_15_5_3_0_config6_0_0_0_0_0_0_0_0_0'
================================================================
* Date:           Wed May 27 10:11:55 2026

* Version:        2020.1 (Build 2897737 on Wed May 27 20:21:37 MDT 2020)
* Project:        myproject_prj
* Solution:       solution1
* Product family: zynq
* Target device:  xc7z020-clg400-1


================================================================
== Performance Estimates
================================================================
+ Timing: 
    * Summary: 
    +--------+---------+----------+------------+
    |  Clock |  Target | Estimated| Uncertainty|
    +--------+---------+----------+------------+
    |ap_clk  | 5.00 ns | 4.166 ns |   0.62 ns  |
    +--------+---------+----------+------------+

+ Latency: 
    * Summary: 
    +---------+---------+-----------+-----------+-----+-----+----------+
    |  Latency (cycles) |   Latency (absolute)  |  Interval | Pipeline |
    |   min   |   max   |    min    |    max    | min | max |   Type   |
    +---------+---------+-----------+-----------+-----+-----+----------+
    |        5|        5| 25.000 ns | 25.000 ns |    4|    4| function |
    +---------+---------+-----------+-----------+-----+-----+----------+

    + Detail: 
        * Instance: 
        N/A

        * Loop: 
        N/A



================================================================
== Utilization Estimates
================================================================
* Summary: 
+-----------------+---------+-------+--------+-------+-----+
|       Name      | BRAM_18K| DSP48E|   FF   |  LUT  | URAM|
+-----------------+---------+-------+--------+-------+-----+
|DSP              |        -|      -|       -|      -|    -|
|Expression       |        -|      -|       0|    454|    -|
|FIFO             |        -|      -|       -|      -|    -|
|Instance         |        -|      8|     536|     16|    -|
|Memory           |        -|      -|       -|      -|    -|
|Multiplexer      |        -|      -|       -|    441|    -|
|Register         |        -|      -|     637|      -|    -|
+-----------------+---------+-------+--------+-------+-----+
|Total            |        0|      8|    1173|    911|    0|
+-----------------+---------+-------+--------+-------+-----+
|Available        |      280|    220|  106400|  53200|    0|
+-----------------+---------+-------+--------+-------+-----+
|Utilization (%)  |        0|      3|       1|      1|    0|
+-----------------+---------+-------+--------+-------+-----+

+ Detail: 
    * Instance: 
    +---------------------------------------+-----------------------------------+---------+-------+----+----+-----+
    |                Instance               |               Module              | BRAM_18K| DSP48E| FF | LUT| URAM|
    +---------------------------------------+-----------------------------------+---------+-------+----+----+-----+
    |myproject_axi_mul_16s_10s_26_2_1_U78   |myproject_axi_mul_16s_10s_26_2_1   |        0|      1|  67|   2|    0|
    |myproject_axi_mul_16s_11ns_26_2_1_U72  |myproject_axi_mul_16s_11ns_26_2_1  |        0|      1|  67|   2|    0|
    |myproject_axi_mul_16s_11s_26_2_1_U73   |myproject_axi_mul_16s_11s_26_2_1   |        0|      1|  67|   2|    0|
    |myproject_axi_mul_16s_11s_26_2_1_U74   |myproject_axi_mul_16s_11s_26_2_1   |        0|      1|  67|   2|    0|
    |myproject_axi_mul_16s_11s_26_2_1_U79   |myproject_axi_mul_16s_11s_26_2_1   |        0|      1|  67|   2|    0|
    |myproject_axi_mul_16s_12s_26_2_1_U75   |myproject_axi_mul_16s_12s_26_2_1   |        0|      1|  67|   2|    0|
    |myproject_axi_mul_16s_12s_26_2_1_U77   |myproject_axi_mul_16s_12s_26_2_1   |        0|      1|  67|   2|    0|
    |myproject_axi_mul_16s_13s_26_2_1_U76   |myproject_axi_mul_16s_13s_26_2_1   |        0|      1|  67|   2|    0|
    +---------------------------------------+-----------------------------------+---------+-------+----+----+-----+
    |Total                                  |                                   |        0|      8| 536|  16|    0|
    +---------------------------------------+-----------------------------------+---------+-------+----+----+-----+

    * DSP48E: 
    N/A

    * Memory: 
    N/A

    * FIFO: 
    N/A

    * Expression: 
    +-----------------------------+----------+-------+---+----+------------+------------+
    |        Variable Name        | Operation| DSP48E| FF| LUT| Bitwidth P0| Bitwidth P1|
    +-----------------------------+----------+-------+---+----+------------+------------+
    |acc_1_V_fu_1306_p2           |     +    |      0|  0|   8|          16|          16|
    |acc_2_V_fu_1278_p2           |     +    |      0|  0|   8|          16|          16|
    |acc_3_V_fu_1315_p2           |     +    |      0|  0|   8|          16|          16|
    |acc_4_V_fu_1325_p2           |     +    |      0|  0|   8|          16|          16|
    |acc_5_V_fu_1335_p2           |     +    |      0|  0|   8|          16|          16|
    |acc_6_V_fu_1346_p2           |     +    |      0|  0|   8|          16|          16|
    |acc_7_V_fu_1289_p2           |     +    |      0|  0|   8|          16|          16|
    |add_ln703_143_fu_1141_p2     |     +    |      0|  0|   8|          16|           9|
    |add_ln703_144_fu_1146_p2     |     +    |      0|  0|   8|          16|          16|
    |add_ln703_146_fu_1300_p2     |     +    |      0|  0|   8|          16|          16|
    |add_ln703_147_fu_1152_p2     |     +    |      0|  0|   8|          16|           9|
    |add_ln703_148_fu_1157_p2     |     +    |      0|  0|   8|          16|          16|
    |add_ln703_150_fu_1273_p2     |     +    |      0|  0|   8|          16|          16|
    |add_ln703_151_fu_1162_p2     |     +    |      0|  0|  21|          15|          10|
    |add_ln703_152_fu_1172_p2     |     +    |      0|  0|  23|          16|          16|
    |add_ln703_154_fu_1311_p2     |     +    |      0|  0|   8|          16|          16|
    |add_ln703_155_fu_1178_p2     |     +    |      0|  0|  21|          15|          10|
    |add_ln703_156_fu_1188_p2     |     +    |      0|  0|  23|          16|          16|
    |add_ln703_158_fu_1320_p2     |     +    |      0|  0|   8|          16|          16|
    |add_ln703_159_fu_1194_p2     |     +    |      0|  0|  17|          13|          11|
    |add_ln703_160_fu_1204_p2     |     +    |      0|  0|  23|          16|          16|
    |add_ln703_162_fu_1330_p2     |     +    |      0|  0|   8|          16|          16|
    |add_ln703_163_fu_1210_p2     |     +    |      0|  0|  19|          14|          11|
    |add_ln703_164_fu_1220_p2     |     +    |      0|  0|  23|          16|          16|
    |add_ln703_166_fu_1340_p2     |     +    |      0|  0|   8|          16|          16|
    |add_ln703_167_fu_1226_p2     |     +    |      0|  0|   8|          16|          11|
    |add_ln703_168_fu_1231_p2     |     +    |      0|  0|   8|          16|          16|
    |add_ln703_170_fu_1283_p2     |     +    |      0|  0|   8|          16|          16|
    |add_ln703_171_fu_1237_p2     |     +    |      0|  0|  23|          16|          16|
    |add_ln703_fu_1262_p2         |     +    |      0|  0|   8|          16|          16|
    |p_Val2_s_fu_1268_p2          |     +    |      0|  0|   8|          16|          16|
    |sub_ln1118_18_fu_1060_p2     |     -    |      0|  0|  33|          26|          26|
    |sub_ln1118_19_fu_1087_p2     |     -    |      0|  0|   8|           1|          25|
    |sub_ln1118_20_fu_1104_p2     |     -    |      0|  0|   8|          25|          25|
    |sub_ln1118_fu_940_p2         |     -    |      0|  0|  30|          23|          23|
    |ap_block_pp0_stage0_11001    |    and   |      0|  0|   2|           1|           1|
    |ap_block_pp0_stage0_subdone  |    or    |      0|  0|   2|           1|           1|
    |ap_enable_pp0                |    xor   |      0|  0|   2|           1|           2|
    +-----------------------------+----------+-------+---+----+------------+------------+
    |Total                        |          |      0|  0| 454|         567|         558|
    +-----------------------------+----------+-------+---+----+------------+------------+

    * Multiplexer: 
    +-------------------------+----+-----------+-----+-----------+
    |           Name          | LUT| Input Size| Bits| Total Bits|
    +-------------------------+----+-----------+-----+-----------+
    |ap_NS_fsm                |  27|          5|    1|          5|
    |ap_enable_reg_pp0_iter0  |   9|          2|    1|          2|
    |ap_enable_reg_pp0_iter1  |   9|          2|    1|          2|
    |grp_fu_168_p0            |  21|          4|   16|         64|
    |grp_fu_168_p1            |  21|          4|   11|         44|
    |grp_fu_169_p0            |  27|          5|   16|         80|
    |grp_fu_169_p1            |  27|          5|   11|         55|
    |grp_fu_170_p0            |  27|          5|   16|         80|
    |grp_fu_170_p1            |  27|          5|   11|         55|
    |grp_fu_171_p0            |  21|          4|   16|         64|
    |grp_fu_171_p1            |  21|          4|   12|         48|
    |grp_fu_172_p0            |  27|          5|   16|         80|
    |grp_fu_172_p1            |  27|          5|   13|         65|
    |grp_fu_173_p0            |  27|          5|   16|         80|
    |grp_fu_173_p1            |  27|          5|   12|         60|
    |grp_fu_174_p0            |  21|          4|   16|         64|
    |grp_fu_174_p1            |  21|          4|   10|         40|
    |grp_fu_175_p0            |  27|          5|   16|         80|
    |grp_fu_175_p1            |  27|          5|   11|         55|
    +-------------------------+----+-----------+-----+-----------+
    |Total                    | 441|         83|  222|       1023|
    +-------------------------+----+-----------+-----+-----------+

    * Register: 
    +-----------------------------+----+----+-----+-----------+
    |             Name            | FF | LUT| Bits| Const Bits|
    +-----------------------------+----+----+-----+-----------+
    |acc_2_V_reg_1725             |  16|   0|   16|          0|
    |acc_7_V_reg_1730             |  16|   0|   16|          0|
    |add_ln703_144_reg_1665       |  16|   0|   16|          0|
    |add_ln703_148_reg_1670       |  16|   0|   16|          0|
    |add_ln703_152_reg_1675       |  16|   0|   16|          0|
    |add_ln703_156_reg_1680       |  16|   0|   16|          0|
    |add_ln703_160_reg_1685       |  16|   0|   16|          0|
    |add_ln703_164_reg_1690       |  16|   0|   16|          0|
    |add_ln703_168_reg_1695       |  16|   0|   16|          0|
    |add_ln703_171_reg_1700       |  16|   0|   16|          0|
    |ap_CS_fsm                    |   4|   0|    4|          0|
    |ap_enable_reg_pp0_iter0_reg  |   1|   0|    1|          0|
    |ap_enable_reg_pp0_iter1      |   1|   0|    1|          0|
    |ap_port_reg_data_0_V_read    |  16|   0|   16|          0|
    |ap_port_reg_data_1_V_read    |  16|   0|   16|          0|
    |ap_port_reg_data_3_V_read    |  16|   0|   16|          0|
    |data_1_V_read_5_reg_1552     |  16|   0|   16|          0|
    |p_Val2_s_reg_1720            |  16|   0|   16|          0|
    |reg_811                      |  16|   0|   16|          0|
    |reg_815                      |  16|   0|   16|          0|
    |reg_819                      |  16|   0|   16|          0|
    |reg_823                      |  16|   0|   16|          0|
    |reg_827                      |  16|   0|   16|          0|
    |tmp_34_reg_1602              |  14|   0|   14|          0|
    |tmp_35_reg_1607              |  12|   0|   12|          0|
    |tmp_36_reg_1612              |  13|   0|   13|          0|
    |tmp_reg_1597                 |  14|   0|   14|          0|
    |trunc_ln708_118_reg_1577     |  13|   0|   13|          0|
    |trunc_ln708_119_reg_1627     |  16|   0|   16|          0|
    |trunc_ln708_121_reg_1632     |  16|   0|   16|          0|
    |trunc_ln708_124_reg_1650     |  14|   0|   14|          0|
    |trunc_ln708_125_reg_1705     |  12|   0|   12|          0|
    |trunc_ln708_126_reg_1655     |  16|   0|   16|          0|
    |trunc_ln708_127_reg_1710     |  16|   0|   16|          0|
    |trunc_ln708_128_reg_1715     |  16|   0|   16|          0|
    |trunc_ln708_131_reg_1660     |  15|   0|   15|          0|
    |trunc_ln708_133_reg_1508     |  16|   0|   16|          0|
    |trunc_ln708_134_reg_1513     |  15|   0|   15|          0|
    |trunc_ln708_136_reg_1518     |  15|   0|   15|          0|
    |trunc_ln708_139_reg_1523     |  15|   0|   15|          0|
    |trunc_ln708_140_reg_1587     |  16|   0|   16|          0|
    |trunc_ln708_141_reg_1592     |  16|   0|   16|          0|
    |trunc_ln708_142_reg_1617     |  16|   0|   16|          0|
    |trunc_ln708_s_reg_1622       |  15|   0|   15|          0|
    +-----------------------------+----+----+-----+-----------+
    |Total                        | 637|   0|  637|          0|
    +-----------------------------+----+----+-----+-----------+



================================================================
== Interface
================================================================
* Summary: 
+---------------+-----+-----+------------+-------------------------------------------------------------------------+--------------+
|   RTL Ports   | Dir | Bits|  Protocol  |                              Source Object                              |    C Type    |
+---------------+-----+-----+------------+-------------------------------------------------------------------------+--------------+
|ap_clk         |  in |    1| ap_ctrl_hs | dense_latency<ap_fixed,ap_fixed<35,15,5,3,0>,config6>.0.0.0.0.0.0.0.0.0 | return value |
|ap_rst         |  in |    1| ap_ctrl_hs | dense_latency<ap_fixed,ap_fixed<35,15,5,3,0>,config6>.0.0.0.0.0.0.0.0.0 | return value |
|ap_start       |  in |    1| ap_ctrl_hs | dense_latency<ap_fixed,ap_fixed<35,15,5,3,0>,config6>.0.0.0.0.0.0.0.0.0 | return value |
|ap_done        | out |    1| ap_ctrl_hs | dense_latency<ap_fixed,ap_fixed<35,15,5,3,0>,config6>.0.0.0.0.0.0.0.0.0 | return value |
|ap_idle        | out |    1| ap_ctrl_hs | dense_latency<ap_fixed,ap_fixed<35,15,5,3,0>,config6>.0.0.0.0.0.0.0.0.0 | return value |
|ap_ready       | out |    1| ap_ctrl_hs | dense_latency<ap_fixed,ap_fixed<35,15,5,3,0>,config6>.0.0.0.0.0.0.0.0.0 | return value |
|ap_ce          |  in |    1| ap_ctrl_hs | dense_latency<ap_fixed,ap_fixed<35,15,5,3,0>,config6>.0.0.0.0.0.0.0.0.0 | return value |
|ap_return_0    | out |   35| ap_ctrl_hs | dense_latency<ap_fixed,ap_fixed<35,15,5,3,0>,config6>.0.0.0.0.0.0.0.0.0 | return value |
|ap_return_1    | out |   35| ap_ctrl_hs | dense_latency<ap_fixed,ap_fixed<35,15,5,3,0>,config6>.0.0.0.0.0.0.0.0.0 | return value |
|ap_return_2    | out |   35| ap_ctrl_hs | dense_latency<ap_fixed,ap_fixed<35,15,5,3,0>,config6>.0.0.0.0.0.0.0.0.0 | return value |
|ap_return_3    | out |   35| ap_ctrl_hs | dense_latency<ap_fixed,ap_fixed<35,15,5,3,0>,config6>.0.0.0.0.0.0.0.0.0 | return value |
|ap_return_4    | out |   35| ap_ctrl_hs | dense_latency<ap_fixed,ap_fixed<35,15,5,3,0>,config6>.0.0.0.0.0.0.0.0.0 | return value |
|ap_return_5    | out |   35| ap_ctrl_hs | dense_latency<ap_fixed,ap_fixed<35,15,5,3,0>,config6>.0.0.0.0.0.0.0.0.0 | return value |
|ap_return_6    | out |   35| ap_ctrl_hs | dense_latency<ap_fixed,ap_fixed<35,15,5,3,0>,config6>.0.0.0.0.0.0.0.0.0 | return value |
|ap_return_7    | out |   35| ap_ctrl_hs | dense_latency<ap_fixed,ap_fixed<35,15,5,3,0>,config6>.0.0.0.0.0.0.0.0.0 | return value |
|data_0_V_read  |  in |   16|   ap_none  |                              data_0_V_read                              |    scalar    |
|data_1_V_read  |  in |   16|   ap_none  |                              data_1_V_read                              |    scalar    |
|data_2_V_read  |  in |   16|   ap_none  |                              data_2_V_read                              |    scalar    |
|data_3_V_read  |  in |   16|   ap_none  |                              data_3_V_read                              |    scalar    |
+---------------+-----+-----+------------+-------------------------------------------------------------------------+--------------+

