

================================================================
== Vivado HLS Report for 'myproject'
================================================================
* Date:           Wed May 27 10:11:59 2026

* Version:        2020.1 (Build 2897737 on Wed May 27 20:21:37 MDT 2020)
* Project:        myproject_prj
* Solution:       solution1
* Product family: zynq
* Target device:  xc7z020-clg400-1


================================================================
== Performance Estimates
================================================================
+ Timing: 
    * Summary: 
    +--------+---------+----------+------------+
    |  Clock |  Target | Estimated| Uncertainty|
    +--------+---------+----------+------------+
    |ap_clk  | 5.00 ns | 4.332 ns |   0.62 ns  |
    +--------+---------+----------+------------+

+ Latency: 
    * Summary: 
    +---------+---------+----------+----------+-----+-----+----------+
    |  Latency (cycles) |  Latency (absolute) |  Interval | Pipeline |
    |   min   |   max   |    min   |    max   | min | max |   Type   |
    +---------+---------+----------+----------+-----+-----+----------+
    |       29|       29| 0.145 us | 0.145 us |    4|    4| function |
    +---------+---------+----------+----------+-----+-----+----------+

    + Detail: 
        * Instance: 
        +---------------------------------------------------------------------------------+-----------------------------------------------------------------------+---------+---------+-----------+-----------+-----+-----+----------+
        |                                                                                 |                                                                       |  Latency (cycles) |   Latency (absolute)  |  Interval | Pipeline |
        |                                     Instance                                    |                                 Module                                |   min   |   max   |    min    |    max    | min | max |   Type   |
        +---------------------------------------------------------------------------------+-----------------------------------------------------------------------+---------+---------+-----------+-----------+-----+-----+----------+
        |grp_dense_latency_ap_fixed_ap_fixed_37_17_5_3_0_config2_0_0_0_0_0_0_0_0_0_fu_38  |dense_latency_ap_fixed_ap_fixed_37_17_5_3_0_config2_0_0_0_0_0_0_0_0_0  |        6|        6| 30.000 ns | 30.000 ns |    4|    4| function |
        |grp_dense_latency_ap_fixed_ap_fixed_config8_0_0_0_0_0_0_0_0_0_0_0_0_0_0_0_fu_44  |dense_latency_ap_fixed_ap_fixed_config8_0_0_0_0_0_0_0_0_0_0_0_0_0_0_0  |        6|        6| 30.000 ns | 30.000 ns |    4|    4| function |
        |grp_dense_latency_ap_fixed_ap_fixed_36_16_5_3_0_config4_0_0_0_0_0_fu_56          |dense_latency_ap_fixed_ap_fixed_36_16_5_3_0_config4_0_0_0_0_0          |        6|        6| 30.000 ns | 30.000 ns |    4|    4| function |
        |grp_dense_latency_ap_fixed_ap_fixed_35_15_5_3_0_config6_0_0_0_0_0_0_0_0_0_fu_68  |dense_latency_ap_fixed_ap_fixed_35_15_5_3_0_config6_0_0_0_0_0_0_0_0_0  |        5|        5| 25.000 ns | 25.000 ns |    4|    4| function |
        |call_ret1_relu_ap_fixed_37_17_5_3_0_ap_fixed_16_6_5_3_0_relu_config3_s_fu_76     |relu_ap_fixed_37_17_5_3_0_ap_fixed_16_6_5_3_0_relu_config3_s           |        0|        0|    0 ns   |    0 ns   |    1|    1| function |
        |call_ret5_relu_ap_fixed_35_15_5_3_0_ap_fixed_16_6_5_3_0_relu_config7_s_fu_88     |relu_ap_fixed_35_15_5_3_0_ap_fixed_16_6_5_3_0_relu_config7_s           |        0|        0|    0 ns   |    0 ns   |    1|    1| function |
        |call_ret3_relu_ap_fixed_36_16_5_3_0_ap_fixed_16_6_5_3_0_relu_config5_s_fu_100    |relu_ap_fixed_36_16_5_3_0_ap_fixed_16_6_5_3_0_relu_config5_s           |        0|        0|    0 ns   |    0 ns   |    1|    1| function |
        +---------------------------------------------------------------------------------+-----------------------------------------------------------------------+---------+---------+-----------+-----------+-----+-----+----------+

        * Loop: 
        N/A



================================================================
== Utilization Estimates
================================================================
* Summary: 
+-----------------+---------+-------+--------+-------+-----+
|       Name      | BRAM_18K| DSP48E|   FF   |  LUT  | URAM|
+-----------------+---------+-------+--------+-------+-----+
|DSP              |        -|      -|       -|      -|    -|
|Expression       |        -|      -|       0|      6|    -|
|FIFO             |        -|      -|       -|      -|    -|
|Instance         |        -|     72|   11175|   9134|    -|
|Memory           |        -|      -|       -|      -|    -|
|Multiplexer      |        -|      -|       -|     54|    -|
|Register         |        -|      -|    1055|      -|    -|
+-----------------+---------+-------+--------+-------+-----+
|Total            |        0|     72|   12230|   9194|    0|
+-----------------+---------+-------+--------+-------+-----+
|Available        |      280|    220|  106400|  53200|    0|
+-----------------+---------+-------+--------+-------+-----+
|Utilization (%)  |        0|     32|      11|     17|    0|
+-----------------+---------+-------+--------+-------+-----+

+ Detail: 
    * Instance: 
    +---------------------------------------------------------------------------------+-----------------------------------------------------------------------+---------+-------+------+------+-----+
    |                                     Instance                                    |                                 Module                                | BRAM_18K| DSP48E|  FF  |  LUT | URAM|
    +---------------------------------------------------------------------------------+-----------------------------------------------------------------------+---------+-------+------+------+-----+
    |grp_dense_latency_ap_fixed_ap_fixed_35_15_5_3_0_config6_0_0_0_0_0_0_0_0_0_fu_68  |dense_latency_ap_fixed_ap_fixed_35_15_5_3_0_config6_0_0_0_0_0_0_0_0_0  |        0|      8|  1173|   911|    0|
    |grp_dense_latency_ap_fixed_ap_fixed_36_16_5_3_0_config4_0_0_0_0_0_fu_56          |dense_latency_ap_fixed_ap_fixed_36_16_5_3_0_config4_0_0_0_0_0          |        0|      8|  1285|   975|    0|
    |grp_dense_latency_ap_fixed_ap_fixed_37_17_5_3_0_config2_0_0_0_0_0_0_0_0_0_fu_38  |dense_latency_ap_fixed_ap_fixed_37_17_5_3_0_config2_0_0_0_0_0_0_0_0_0  |        0|     28|  4476|  3294|    0|
    |grp_dense_latency_ap_fixed_ap_fixed_config8_0_0_0_0_0_0_0_0_0_0_0_0_0_0_0_fu_44  |dense_latency_ap_fixed_ap_fixed_config8_0_0_0_0_0_0_0_0_0_0_0_0_0_0_0  |        0|     28|  4241|  3214|    0|
    |call_ret5_relu_ap_fixed_35_15_5_3_0_ap_fixed_16_6_5_3_0_relu_config7_s_fu_88     |relu_ap_fixed_35_15_5_3_0_ap_fixed_16_6_5_3_0_relu_config7_s           |        0|      0|     0|   296|    0|
    |call_ret3_relu_ap_fixed_36_16_5_3_0_ap_fixed_16_6_5_3_0_relu_config5_s_fu_100    |relu_ap_fixed_36_16_5_3_0_ap_fixed_16_6_5_3_0_relu_config5_s           |        0|      0|     0|   148|    0|
    |call_ret1_relu_ap_fixed_37_17_5_3_0_ap_fixed_16_6_5_3_0_relu_config3_s_fu_76     |relu_ap_fixed_37_17_5_3_0_ap_fixed_16_6_5_3_0_relu_config3_s           |        0|      0|     0|   296|    0|
    +---------------------------------------------------------------------------------+-----------------------------------------------------------------------+---------+-------+------+------+-----+
    |Total                                                                            |                                                                       |        0|     72| 11175|  9134|    0|
    +---------------------------------------------------------------------------------+-----------------------------------------------------------------------+---------+-------+------+------+-----+

    * DSP48E: 
    N/A

    * Memory: 
    N/A

    * FIFO: 
    N/A

    * Expression: 
    +----------------------------------+----------+-------+---+----+------------+------------+
    |           Variable Name          | Operation| DSP48E| FF| LUT| Bitwidth P0| Bitwidth P1|
    +----------------------------------+----------+-------+---+----+------------+------------+
    |ap_block_pp0_stage0_11001         |    and   |      0|  0|   2|           1|           1|
    |ap_block_state1_pp0_stage0_iter0  |    or    |      0|  0|   2|           1|           1|
    |ap_enable_pp0                     |    xor   |      0|  0|   2|           1|           2|
    +----------------------------------+----------+-------+---+----+------------+------------+
    |Total                             |          |      0|  0|   6|           3|           4|
    +----------------------------------+----------+-------+---+----+------------+------------+

    * Multiplexer: 
    +-------------------------+----+-----------+-----+-----------+
    |           Name          | LUT| Input Size| Bits| Total Bits|
    +-------------------------+----+-----------+-----+-----------+
    |ap_NS_fsm                |  27|          5|    1|          5|
    |ap_enable_reg_pp0_iter0  |   9|          2|    1|          2|
    |ap_enable_reg_pp0_iter7  |   9|          2|    1|          2|
    |input_1_V_blk_n          |   9|          2|    1|          2|
    +-------------------------+----+-----------+-----+-----------+
    |Total                    |  54|         11|    4|         11|
    +-------------------------+----+-----------+-----+-----------+

    * Register: 
    +----------------------------------------------------------------------------------------------+----+----+-----+-----------+
    |                                             Name                                             | FF | LUT| Bits| Const Bits|
    +----------------------------------------------------------------------------------------------+----+----+-----+-----------+
    |ap_CS_fsm                                                                                     |   4|   0|    4|          0|
    |ap_enable_reg_pp0_iter0_reg                                                                   |   1|   0|    1|          0|
    |ap_enable_reg_pp0_iter1                                                                       |   1|   0|    1|          0|
    |ap_enable_reg_pp0_iter2                                                                       |   1|   0|    1|          0|
    |ap_enable_reg_pp0_iter3                                                                       |   1|   0|    1|          0|
    |ap_enable_reg_pp0_iter4                                                                       |   1|   0|    1|          0|
    |ap_enable_reg_pp0_iter5                                                                       |   1|   0|    1|          0|
    |ap_enable_reg_pp0_iter6                                                                       |   1|   0|    1|          0|
    |ap_enable_reg_pp0_iter7                                                                       |   1|   0|    1|          0|
    |grp_dense_latency_ap_fixed_ap_fixed_35_15_5_3_0_config6_0_0_0_0_0_0_0_0_0_fu_68_ap_start_reg  |   1|   0|    1|          0|
    |grp_dense_latency_ap_fixed_ap_fixed_36_16_5_3_0_config4_0_0_0_0_0_fu_56_ap_start_reg          |   1|   0|    1|          0|
    |grp_dense_latency_ap_fixed_ap_fixed_config8_0_0_0_0_0_0_0_0_0_0_0_0_0_0_0_fu_44_ap_start_reg  |   1|   0|    1|          0|
    |layer2_out_0_V_reg_268                                                                        |  37|   0|   37|          0|
    |layer2_out_1_V_reg_273                                                                        |  37|   0|   37|          0|
    |layer2_out_2_V_reg_278                                                                        |  37|   0|   37|          0|
    |layer2_out_3_V_reg_283                                                                        |  37|   0|   37|          0|
    |layer2_out_4_V_reg_288                                                                        |  37|   0|   37|          0|
    |layer2_out_5_V_reg_293                                                                        |  37|   0|   37|          0|
    |layer2_out_6_V_reg_298                                                                        |  37|   0|   37|          0|
    |layer2_out_7_V_reg_303                                                                        |  37|   0|   37|          0|
    |layer3_out_0_V_reg_308                                                                        |  16|   0|   16|          0|
    |layer3_out_1_V_reg_313                                                                        |  16|   0|   16|          0|
    |layer3_out_2_V_reg_318                                                                        |  16|   0|   16|          0|
    |layer3_out_3_V_reg_323                                                                        |  16|   0|   16|          0|
    |layer3_out_4_V_reg_328                                                                        |  16|   0|   16|          0|
    |layer3_out_5_V_reg_333                                                                        |  16|   0|   16|          0|
    |layer3_out_6_V_reg_338                                                                        |  16|   0|   16|          0|
    |layer3_out_7_V_reg_343                                                                        |  16|   0|   16|          0|
    |layer4_out_0_V_reg_348                                                                        |  36|   0|   36|          0|
    |layer4_out_1_V_reg_353                                                                        |  36|   0|   36|          0|
    |layer4_out_2_V_reg_358                                                                        |  36|   0|   36|          0|
    |layer4_out_3_V_reg_363                                                                        |  36|   0|   36|          0|
    |layer5_out_0_V_reg_368                                                                        |  16|   0|   16|          0|
    |layer5_out_1_V_reg_373                                                                        |  16|   0|   16|          0|
    |layer5_out_2_V_reg_378                                                                        |  16|   0|   16|          0|
    |layer5_out_3_V_reg_383                                                                        |  16|   0|   16|          0|
    |layer6_out_0_V_reg_388                                                                        |  35|   0|   35|          0|
    |layer6_out_1_V_reg_393                                                                        |  35|   0|   35|          0|
    |layer6_out_2_V_reg_398                                                                        |  35|   0|   35|          0|
    |layer6_out_3_V_reg_403                                                                        |  35|   0|   35|          0|
    |layer6_out_4_V_reg_408                                                                        |  35|   0|   35|          0|
    |layer6_out_5_V_reg_413                                                                        |  35|   0|   35|          0|
    |layer6_out_6_V_reg_418                                                                        |  35|   0|   35|          0|
    |layer6_out_7_V_reg_423                                                                        |  35|   0|   35|          0|
    |layer7_out_0_V_reg_428                                                                        |  16|   0|   16|          0|
    |layer7_out_1_V_reg_433                                                                        |  16|   0|   16|          0|
    |layer7_out_2_V_reg_438                                                                        |  16|   0|   16|          0|
    |layer7_out_3_V_reg_443                                                                        |  16|   0|   16|          0|
    |layer7_out_4_V_reg_448                                                                        |  16|   0|   16|          0|
    |layer7_out_5_V_reg_453                                                                        |  16|   0|   16|          0|
    |layer7_out_6_V_reg_458                                                                        |  16|   0|   16|          0|
    |layer7_out_7_V_reg_463                                                                        |  16|   0|   16|          0|
    +----------------------------------------------------------------------------------------------+----+----+-----+-----------+
    |Total                                                                                         |1055|   0| 1055|          0|
    +----------------------------------------------------------------------------------------------+----+----+-----+-----------+



================================================================
== Interface
================================================================
* Summary: 
+------------------+-----+-----+------------+--------------+--------------+
|     RTL Ports    | Dir | Bits|  Protocol  | Source Object|    C Type    |
+------------------+-----+-----+------------+--------------+--------------+
|ap_clk            |  in |    1| ap_ctrl_hs |   myproject  | return value |
|ap_rst            |  in |    1| ap_ctrl_hs |   myproject  | return value |
|ap_start          |  in |    1| ap_ctrl_hs |   myproject  | return value |
|ap_done           | out |    1| ap_ctrl_hs |   myproject  | return value |
|ap_idle           | out |    1| ap_ctrl_hs |   myproject  | return value |
|ap_ready          | out |    1| ap_ctrl_hs |   myproject  | return value |
|ap_return_0       | out |   36| ap_ctrl_hs |   myproject  | return value |
|ap_return_1       | out |   36| ap_ctrl_hs |   myproject  | return value |
|ap_return_2       | out |   36| ap_ctrl_hs |   myproject  | return value |
|ap_return_3       | out |   36| ap_ctrl_hs |   myproject  | return value |
|ap_return_4       | out |   36| ap_ctrl_hs |   myproject  | return value |
|ap_return_5       | out |   36| ap_ctrl_hs |   myproject  | return value |
|ap_return_6       | out |   36| ap_ctrl_hs |   myproject  | return value |
|ap_return_7       | out |   36| ap_ctrl_hs |   myproject  | return value |
|ap_return_8       | out |   36| ap_ctrl_hs |   myproject  | return value |
|ap_return_9       | out |   36| ap_ctrl_hs |   myproject  | return value |
|ap_return_10      | out |   36| ap_ctrl_hs |   myproject  | return value |
|ap_return_11      | out |   36| ap_ctrl_hs |   myproject  | return value |
|ap_return_12      | out |   36| ap_ctrl_hs |   myproject  | return value |
|ap_return_13      | out |   36| ap_ctrl_hs |   myproject  | return value |
|input_1_V_blk_n   | out |    1| ap_ctrl_hs |   myproject  | return value |
|input_1_V         |  in |  224|   ap_vld   |   input_1_V  |    pointer   |
|input_1_V_ap_vld  |  in |    1|   ap_vld   |   input_1_V  |    pointer   |
+------------------+-----+-----+------------+--------------+--------------+

